<!doctype html public "-//w3c//dtd html 4.0 transitional//en">
<html><head>
<title>Static Call Graph - [.\Objects\APM32F407\Template.axf]</title></head>
<body><HR>
<H1>Static Call Graph for image .\Objects\APM32F407\Template.axf</H1><HR>
<BR><P>#&#060CALLGRAPH&#062# ARM Linker, 5060528: Last Updated: Mon May 18 12:05:46 2026
<BR><P>
<H3>Maximum Stack Usage =        100 bytes + Unknown(Functions without stacksize, Cycles, Untraceable Function Pointers)</H3><H3>
Call chain for Maximum Stack Depth:</H3>
__rt_entry_main &rArr; main &rArr; lan9252_init &rArr; SMC_LAN9252_Init &rArr; SMC_GPIO_Config &rArr; GPIO_ConfigPinAF
<P>
<H3>
Functions with no stack information
</H3><UL>
 <LI><a href="#[75]">__user_initial_stackheap</a>
</UL>
</UL>
<P>
<H3>
Mutually Recursive functions
</H3> <LI><a href="#[1e]">ADC_IRQHandler</a>&nbsp;&nbsp;&nbsp;&rArr;&nbsp;&nbsp;&nbsp;<a href="#[1e]">ADC_IRQHandler</a><BR>
</UL>
<P>
<H3>
Function Pointers
</H3><UL>
 <LI><a href="#[1e]">ADC_IRQHandler</a> from startup_apm32f407xx.o(.text) referenced from startup_apm32f407xx.o(RESET)
 <LI><a href="#[5f]">BN_IRQHandler</a> from startup_apm32f407xx.o(.text) referenced from startup_apm32f407xx.o(RESET)
 <LI><a href="#[6]">BusFault_Handler</a> from apm32f4xx_int.o(i.BusFault_Handler) referenced from startup_apm32f407xx.o(RESET)
 <LI><a href="#[20]">CAN1_RX0_IRQHandler</a> from startup_apm32f407xx.o(.text) referenced from startup_apm32f407xx.o(RESET)
 <LI><a href="#[21]">CAN1_RX1_IRQHandler</a> from startup_apm32f407xx.o(.text) referenced from startup_apm32f407xx.o(RESET)
 <LI><a href="#[22]">CAN1_SCE_IRQHandler</a> from startup_apm32f407xx.o(.text) referenced from startup_apm32f407xx.o(RESET)
 <LI><a href="#[1f]">CAN1_TX_IRQHandler</a> from startup_apm32f407xx.o(.text) referenced from startup_apm32f407xx.o(RESET)
 <LI><a href="#[4c]">CAN2_RX0_IRQHandler</a> from startup_apm32f407xx.o(.text) referenced from startup_apm32f407xx.o(RESET)
 <LI><a href="#[4d]">CAN2_RX1_IRQHandler</a> from startup_apm32f407xx.o(.text) referenced from startup_apm32f407xx.o(RESET)
 <LI><a href="#[4e]">CAN2_SCE_IRQHandler</a> from startup_apm32f407xx.o(.text) referenced from startup_apm32f407xx.o(RESET)
 <LI><a href="#[4b]">CAN2_TX_IRQHandler</a> from startup_apm32f407xx.o(.text) referenced from startup_apm32f407xx.o(RESET)
 <LI><a href="#[5a]">DCI_IRQHandler</a> from startup_apm32f407xx.o(.text) referenced from startup_apm32f407xx.o(RESET)
 <LI><a href="#[17]">DMA1_STR0_IRQHandler</a> from startup_apm32f407xx.o(.text) referenced from startup_apm32f407xx.o(RESET)
 <LI><a href="#[18]">DMA1_STR1_IRQHandler</a> from startup_apm32f407xx.o(.text) referenced from startup_apm32f407xx.o(RESET)
 <LI><a href="#[19]">DMA1_STR2_IRQHandler</a> from startup_apm32f407xx.o(.text) referenced from startup_apm32f407xx.o(RESET)
 <LI><a href="#[1a]">DMA1_STR3_IRQHandler</a> from startup_apm32f407xx.o(.text) referenced from startup_apm32f407xx.o(RESET)
 <LI><a href="#[1b]">DMA1_STR4_IRQHandler</a> from startup_apm32f407xx.o(.text) referenced from startup_apm32f407xx.o(RESET)
 <LI><a href="#[1c]">DMA1_STR5_IRQHandler</a> from startup_apm32f407xx.o(.text) referenced from startup_apm32f407xx.o(RESET)
 <LI><a href="#[1d]">DMA1_STR6_IRQHandler</a> from startup_apm32f407xx.o(.text) referenced from startup_apm32f407xx.o(RESET)
 <LI><a href="#[3b]">DMA1_STR7_IRQHandler</a> from startup_apm32f407xx.o(.text) referenced from startup_apm32f407xx.o(RESET)
 <LI><a href="#[44]">DMA2_STR0_IRQHandler</a> from startup_apm32f407xx.o(.text) referenced from startup_apm32f407xx.o(RESET)
 <LI><a href="#[45]">DMA2_STR1_IRQHandler</a> from startup_apm32f407xx.o(.text) referenced from startup_apm32f407xx.o(RESET)
 <LI><a href="#[46]">DMA2_STR2_IRQHandler</a> from startup_apm32f407xx.o(.text) referenced from startup_apm32f407xx.o(RESET)
 <LI><a href="#[47]">DMA2_STR3_IRQHandler</a> from startup_apm32f407xx.o(.text) referenced from startup_apm32f407xx.o(RESET)
 <LI><a href="#[48]">DMA2_STR4_IRQHandler</a> from startup_apm32f407xx.o(.text) referenced from startup_apm32f407xx.o(RESET)
 <LI><a href="#[50]">DMA2_STR5_IRQHandler</a> from startup_apm32f407xx.o(.text) referenced from startup_apm32f407xx.o(RESET)
 <LI><a href="#[51]">DMA2_STR6_IRQHandler</a> from startup_apm32f407xx.o(.text) referenced from startup_apm32f407xx.o(RESET)
 <LI><a href="#[52]">DMA2_STR7_IRQHandler</a> from startup_apm32f407xx.o(.text) referenced from startup_apm32f407xx.o(RESET)
 <LI><a href="#[9]">DebugMon_Handler</a> from apm32f4xx_int.o(i.DebugMon_Handler) referenced from startup_apm32f407xx.o(RESET)
 <LI><a href="#[12]">EINT0_IRQHandler</a> from startup_apm32f407xx.o(.text) referenced from startup_apm32f407xx.o(RESET)
 <LI><a href="#[34]">EINT15_10_IRQHandler</a> from startup_apm32f407xx.o(.text) referenced from startup_apm32f407xx.o(RESET)
 <LI><a href="#[13]">EINT1_IRQHandler</a> from startup_apm32f407xx.o(.text) referenced from startup_apm32f407xx.o(RESET)
 <LI><a href="#[14]">EINT2_IRQHandler</a> from startup_apm32f407xx.o(.text) referenced from startup_apm32f407xx.o(RESET)
 <LI><a href="#[15]">EINT3_IRQHandler</a> from startup_apm32f407xx.o(.text) referenced from startup_apm32f407xx.o(RESET)
 <LI><a href="#[16]">EINT4_IRQHandler</a> from startup_apm32f407xx.o(.text) referenced from startup_apm32f407xx.o(RESET)
 <LI><a href="#[23]">EINT9_5_IRQHandler</a> from startup_apm32f407xx.o(.text) referenced from startup_apm32f407xx.o(RESET)
 <LI><a href="#[3c]">EMMC_IRQHandler</a> from startup_apm32f407xx.o(.text) referenced from startup_apm32f407xx.o(RESET)
 <LI><a href="#[49]">ETH_IRQHandler</a> from startup_apm32f407xx.o(.text) referenced from startup_apm32f407xx.o(RESET)
 <LI><a href="#[4a]">ETH_WKUP_IRQHandler</a> from startup_apm32f407xx.o(.text) referenced from startup_apm32f407xx.o(RESET)
 <LI><a href="#[10]">FLASH_IRQHandler</a> from startup_apm32f407xx.o(.text) referenced from startup_apm32f407xx.o(RESET)
 <LI><a href="#[5c]">FPU_IRQHandler</a> from startup_apm32f407xx.o(.text) referenced from startup_apm32f407xx.o(RESET)
 <LI><a href="#[5b]">HASH_RNG_IRQHandler</a> from startup_apm32f407xx.o(.text) referenced from startup_apm32f407xx.o(RESET)
 <LI><a href="#[4]">HardFault_Handler</a> from apm32f4xx_int.o(i.HardFault_Handler) referenced from startup_apm32f407xx.o(RESET)
 <LI><a href="#[2c]">I2C1_ER_IRQHandler</a> from startup_apm32f407xx.o(.text) referenced from startup_apm32f407xx.o(RESET)
 <LI><a href="#[2b]">I2C1_EV_IRQHandler</a> from startup_apm32f407xx.o(.text) referenced from startup_apm32f407xx.o(RESET)
 <LI><a href="#[2e]">I2C2_ER_IRQHandler</a> from startup_apm32f407xx.o(.text) referenced from startup_apm32f407xx.o(RESET)
 <LI><a href="#[2d]">I2C2_EV_IRQHandler</a> from startup_apm32f407xx.o(.text) referenced from startup_apm32f407xx.o(RESET)
 <LI><a href="#[55]">I2C3_ER_IRQHandler</a> from startup_apm32f407xx.o(.text) referenced from startup_apm32f407xx.o(RESET)
 <LI><a href="#[54]">I2C3_EV_IRQHandler</a> from startup_apm32f407xx.o(.text) referenced from startup_apm32f407xx.o(RESET)
 <LI><a href="#[5]">MemManage_Handler</a> from apm32f4xx_int.o(i.MemManage_Handler) referenced from startup_apm32f407xx.o(RESET)
 <LI><a href="#[3]">NMI_Handler</a> from apm32f4xx_int.o(i.NMI_Handler) referenced from startup_apm32f407xx.o(RESET)
 <LI><a href="#[4f]">OTG_FS_IRQHandler</a> from startup_apm32f407xx.o(.text) referenced from startup_apm32f407xx.o(RESET)
 <LI><a href="#[36]">OTG_FS_WKUP_IRQHandler</a> from startup_apm32f407xx.o(.text) referenced from startup_apm32f407xx.o(RESET)
 <LI><a href="#[57]">OTG_HS1_EP1_IN_IRQHandler</a> from startup_apm32f407xx.o(.text) referenced from startup_apm32f407xx.o(RESET)
 <LI><a href="#[56]">OTG_HS1_EP1_OUT_IRQHandler</a> from startup_apm32f407xx.o(.text) referenced from startup_apm32f407xx.o(RESET)
 <LI><a href="#[59]">OTG_HS1_IRQHandler</a> from startup_apm32f407xx.o(.text) referenced from startup_apm32f407xx.o(RESET)
 <LI><a href="#[58]">OTG_HS1_WKUP_IRQHandler</a> from startup_apm32f407xx.o(.text) referenced from startup_apm32f407xx.o(RESET)
 <LI><a href="#[d]">PVD_IRQHandler</a> from startup_apm32f407xx.o(.text) referenced from startup_apm32f407xx.o(RESET)
 <LI><a href="#[a]">PendSV_Handler</a> from apm32f4xx_int.o(i.PendSV_Handler) referenced from startup_apm32f407xx.o(RESET)
 <LI><a href="#[11]">RCM_IRQHandler</a> from startup_apm32f407xx.o(.text) referenced from startup_apm32f407xx.o(RESET)
 <LI><a href="#[35]">RTC_Alarm_IRQHandler</a> from startup_apm32f407xx.o(.text) referenced from startup_apm32f407xx.o(RESET)
 <LI><a href="#[f]">RTC_WKUP_IRQHandler</a> from startup_apm32f407xx.o(.text) referenced from startup_apm32f407xx.o(RESET)
 <LI><a href="#[2]">Reset_Handler</a> from startup_apm32f407xx.o(.text) referenced from startup_apm32f407xx.o(RESET)
 <LI><a href="#[3d]">SDIO_IRQHandler</a> from startup_apm32f407xx.o(.text) referenced from startup_apm32f407xx.o(RESET)
 <LI><a href="#[5d]">SM3_IRQHandler</a> from startup_apm32f407xx.o(.text) referenced from startup_apm32f407xx.o(RESET)
 <LI><a href="#[5e]">SM4_IRQHandler</a> from startup_apm32f407xx.o(.text) referenced from startup_apm32f407xx.o(RESET)
 <LI><a href="#[2f]">SPI1_IRQHandler</a> from startup_apm32f407xx.o(.text) referenced from startup_apm32f407xx.o(RESET)
 <LI><a href="#[30]">SPI2_IRQHandler</a> from startup_apm32f407xx.o(.text) referenced from startup_apm32f407xx.o(RESET)
 <LI><a href="#[3f]">SPI3_IRQHandler</a> from startup_apm32f407xx.o(.text) referenced from startup_apm32f407xx.o(RESET)
 <LI><a href="#[8]">SVC_Handler</a> from apm32f4xx_int.o(i.SVC_Handler) referenced from startup_apm32f407xx.o(RESET)
 <LI><a href="#[b]">SysTick_Handler</a> from apm32f4xx_int.o(i.SysTick_Handler) referenced from startup_apm32f407xx.o(RESET)
 <LI><a href="#[60]">SystemInit</a> from system_apm32f4xx.o(i.SystemInit) referenced from startup_apm32f407xx.o(.text)
 <LI><a href="#[e]">TAMP_STAMP_IRQHandler</a> from startup_apm32f407xx.o(.text) referenced from startup_apm32f407xx.o(RESET)
 <LI><a href="#[24]">TMR1_BRK_TMR9_IRQHandler</a> from startup_apm32f407xx.o(.text) referenced from startup_apm32f407xx.o(RESET)
 <LI><a href="#[27]">TMR1_CC_IRQHandler</a> from startup_apm32f407xx.o(.text) referenced from startup_apm32f407xx.o(RESET)
 <LI><a href="#[26]">TMR1_TRG_COM_TMR11_IRQHandler</a> from startup_apm32f407xx.o(.text) referenced from startup_apm32f407xx.o(RESET)
 <LI><a href="#[25]">TMR1_UP_TMR10_IRQHandler</a> from startup_apm32f407xx.o(.text) referenced from startup_apm32f407xx.o(RESET)
 <LI><a href="#[28]">TMR2_IRQHandler</a> from startup_apm32f407xx.o(.text) referenced from startup_apm32f407xx.o(RESET)
 <LI><a href="#[29]">TMR3_IRQHandler</a> from startup_apm32f407xx.o(.text) referenced from startup_apm32f407xx.o(RESET)
 <LI><a href="#[2a]">TMR4_IRQHandler</a> from startup_apm32f407xx.o(.text) referenced from startup_apm32f407xx.o(RESET)
 <LI><a href="#[3e]">TMR5_IRQHandler</a> from startup_apm32f407xx.o(.text) referenced from startup_apm32f407xx.o(RESET)
 <LI><a href="#[42]">TMR6_DAC_IRQHandler</a> from startup_apm32f407xx.o(.text) referenced from startup_apm32f407xx.o(RESET)
 <LI><a href="#[43]">TMR7_IRQHandler</a> from startup_apm32f407xx.o(.text) referenced from startup_apm32f407xx.o(RESET)
 <LI><a href="#[37]">TMR8_BRK_TMR12_IRQHandler</a> from startup_apm32f407xx.o(.text) referenced from startup_apm32f407xx.o(RESET)
 <LI><a href="#[3a]">TMR8_CC_IRQHandler</a> from startup_apm32f407xx.o(.text) referenced from startup_apm32f407xx.o(RESET)
 <LI><a href="#[39]">TMR8_TRG_COM_TMR14_IRQHandler</a> from startup_apm32f407xx.o(.text) referenced from startup_apm32f407xx.o(RESET)
 <LI><a href="#[38]">TMR8_UP_TMR13_IRQHandler</a> from startup_apm32f407xx.o(.text) referenced from startup_apm32f407xx.o(RESET)
 <LI><a href="#[40]">UART4_IRQHandler</a> from startup_apm32f407xx.o(.text) referenced from startup_apm32f407xx.o(RESET)
 <LI><a href="#[41]">UART5_IRQHandler</a> from startup_apm32f407xx.o(.text) referenced from startup_apm32f407xx.o(RESET)
 <LI><a href="#[31]">USART1_IRQHandler</a> from startup_apm32f407xx.o(.text) referenced from startup_apm32f407xx.o(RESET)
 <LI><a href="#[32]">USART2_IRQHandler</a> from startup_apm32f407xx.o(.text) referenced from startup_apm32f407xx.o(RESET)
 <LI><a href="#[33]">USART3_IRQHandler</a> from startup_apm32f407xx.o(.text) referenced from startup_apm32f407xx.o(RESET)
 <LI><a href="#[53]">USART6_IRQHandler</a> from startup_apm32f407xx.o(.text) referenced from startup_apm32f407xx.o(RESET)
 <LI><a href="#[7]">UsageFault_Handler</a> from apm32f4xx_int.o(i.UsageFault_Handler) referenced from startup_apm32f407xx.o(RESET)
 <LI><a href="#[c]">WWDT_IRQHandler</a> from startup_apm32f407xx.o(.text) referenced from startup_apm32f407xx.o(RESET)
 <LI><a href="#[62]">__main</a> from __main.o(!!!main) referenced from startup_apm32f407xx.o(.text)
</UL>
<P>
<H3>
Global Symbols
</H3>
<P><STRONG><a name="[62]"></a>__main</STRONG> (Thumb, 8 bytes, Stack size 0 bytes, __main.o(!!!main))
<BR><BR>[Calls]<UL><LI><a href="#[63]">&gt;&gt;</a>&nbsp;&nbsp;&nbsp;__scatterload
<LI><a href="#[64]">&gt;&gt;</a>&nbsp;&nbsp;&nbsp;__rt_entry
</UL>

<P><STRONG><a name="[63]"></a>__scatterload</STRONG> (Thumb, 0 bytes, Stack size unknown bytes, __scatter.o(!!!scatter))
<BR><BR>[Called By]<UL><LI><a href="#[62]">&gt;&gt;</a>&nbsp;&nbsp;&nbsp;__main
</UL>

<P><STRONG><a name="[65]"></a>__scatterload_rt2</STRONG> (Thumb, 44 bytes, Stack size unknown bytes, __scatter.o(!!!scatter), UNUSED)
<BR><BR>[Calls]<UL><LI><a href="#[64]">&gt;&gt;</a>&nbsp;&nbsp;&nbsp;__rt_entry
</UL>

<P><STRONG><a name="[91]"></a>__scatterload_rt2_thumb_only</STRONG> (Thumb, 0 bytes, Stack size unknown bytes, __scatter.o(!!!scatter), UNUSED)

<P><STRONG><a name="[92]"></a>__scatterload_null</STRONG> (Thumb, 0 bytes, Stack size unknown bytes, __scatter.o(!!!scatter), UNUSED)

<P><STRONG><a name="[66]"></a>__scatterload_copy</STRONG> (Thumb, 26 bytes, Stack size unknown bytes, __scatter_copy.o(!!handler_copy), UNUSED)
<BR><BR>[Calls]<UL><LI><a href="#[66]">&gt;&gt;</a>&nbsp;&nbsp;&nbsp;__scatterload_copy
</UL>
<BR>[Called By]<UL><LI><a href="#[66]">&gt;&gt;</a>&nbsp;&nbsp;&nbsp;__scatterload_copy
</UL>

<P><STRONG><a name="[93]"></a>__scatterload_zeroinit</STRONG> (Thumb, 28 bytes, Stack size unknown bytes, __scatter_zi.o(!!handler_zi), UNUSED)

<P><STRONG><a name="[6c]"></a>__rt_lib_init</STRONG> (Thumb, 0 bytes, Stack size unknown bytes, libinit.o(.ARM.Collect$$libinit$$00000000))
<BR><BR>[Called By]<UL><LI><a href="#[6b]">&gt;&gt;</a>&nbsp;&nbsp;&nbsp;__rt_entry_li
</UL>

<P><STRONG><a name="[67]"></a>__rt_lib_init_fp_1</STRONG> (Thumb, 0 bytes, Stack size unknown bytes, libinit2.o(.ARM.Collect$$libinit$$00000001))
<BR><BR>[Calls]<UL><LI><a href="#[68]">&gt;&gt;</a>&nbsp;&nbsp;&nbsp;_fp_init
</UL>

<P><STRONG><a name="[94]"></a>__rt_lib_init_alloca_1</STRONG> (Thumb, 0 bytes, Stack size unknown bytes, libinit2.o(.ARM.Collect$$libinit$$0000002E))

<P><STRONG><a name="[95]"></a>__rt_lib_init_argv_1</STRONG> (Thumb, 0 bytes, Stack size unknown bytes, libinit2.o(.ARM.Collect$$libinit$$0000002C))

<P><STRONG><a name="[96]"></a>__rt_lib_init_atexit_1</STRONG> (Thumb, 0 bytes, Stack size unknown bytes, libinit2.o(.ARM.Collect$$libinit$$0000001B))

<P><STRONG><a name="[97]"></a>__rt_lib_init_clock_1</STRONG> (Thumb, 0 bytes, Stack size unknown bytes, libinit2.o(.ARM.Collect$$libinit$$00000021))

<P><STRONG><a name="[98]"></a>__rt_lib_init_cpp_1</STRONG> (Thumb, 0 bytes, Stack size unknown bytes, libinit2.o(.ARM.Collect$$libinit$$00000032))

<P><STRONG><a name="[99]"></a>__rt_lib_init_exceptions_1</STRONG> (Thumb, 0 bytes, Stack size unknown bytes, libinit2.o(.ARM.Collect$$libinit$$00000030))

<P><STRONG><a name="[9a]"></a>__rt_lib_init_fp_trap_1</STRONG> (Thumb, 0 bytes, Stack size unknown bytes, libinit2.o(.ARM.Collect$$libinit$$0000001F))

<P><STRONG><a name="[9b]"></a>__rt_lib_init_getenv_1</STRONG> (Thumb, 0 bytes, Stack size unknown bytes, libinit2.o(.ARM.Collect$$libinit$$00000023))

<P><STRONG><a name="[9c]"></a>__rt_lib_init_heap_1</STRONG> (Thumb, 0 bytes, Stack size unknown bytes, libinit2.o(.ARM.Collect$$libinit$$0000000A))

<P><STRONG><a name="[9d]"></a>__rt_lib_init_lc_collate_1</STRONG> (Thumb, 0 bytes, Stack size unknown bytes, libinit2.o(.ARM.Collect$$libinit$$00000011))

<P><STRONG><a name="[9e]"></a>__rt_lib_init_lc_ctype_1</STRONG> (Thumb, 0 bytes, Stack size unknown bytes, libinit2.o(.ARM.Collect$$libinit$$00000013))

<P><STRONG><a name="[9f]"></a>__rt_lib_init_lc_monetary_1</STRONG> (Thumb, 0 bytes, Stack size unknown bytes, libinit2.o(.ARM.Collect$$libinit$$00000015))

<P><STRONG><a name="[a0]"></a>__rt_lib_init_lc_numeric_1</STRONG> (Thumb, 0 bytes, Stack size unknown bytes, libinit2.o(.ARM.Collect$$libinit$$00000017))

<P><STRONG><a name="[a1]"></a>__rt_lib_init_lc_time_1</STRONG> (Thumb, 0 bytes, Stack size unknown bytes, libinit2.o(.ARM.Collect$$libinit$$00000019))

<P><STRONG><a name="[a2]"></a>__rt_lib_init_preinit_1</STRONG> (Thumb, 0 bytes, Stack size unknown bytes, libinit2.o(.ARM.Collect$$libinit$$00000004))

<P><STRONG><a name="[a3]"></a>__rt_lib_init_rand_1</STRONG> (Thumb, 0 bytes, Stack size unknown bytes, libinit2.o(.ARM.Collect$$libinit$$0000000E))

<P><STRONG><a name="[a4]"></a>__rt_lib_init_return</STRONG> (Thumb, 0 bytes, Stack size unknown bytes, libinit2.o(.ARM.Collect$$libinit$$00000033))

<P><STRONG><a name="[a5]"></a>__rt_lib_init_signal_1</STRONG> (Thumb, 0 bytes, Stack size unknown bytes, libinit2.o(.ARM.Collect$$libinit$$0000001D))

<P><STRONG><a name="[a6]"></a>__rt_lib_init_stdio_1</STRONG> (Thumb, 0 bytes, Stack size unknown bytes, libinit2.o(.ARM.Collect$$libinit$$00000025))

<P><STRONG><a name="[a7]"></a>__rt_lib_init_user_alloc_1</STRONG> (Thumb, 0 bytes, Stack size unknown bytes, libinit2.o(.ARM.Collect$$libinit$$0000000C))

<P><STRONG><a name="[71]"></a>__rt_lib_shutdown</STRONG> (Thumb, 0 bytes, Stack size unknown bytes, libshutdown.o(.ARM.Collect$$libshutdown$$00000000))
<BR><BR>[Called By]<UL><LI><a href="#[70]">&gt;&gt;</a>&nbsp;&nbsp;&nbsp;__rt_exit_ls
</UL>

<P><STRONG><a name="[a8]"></a>__rt_lib_shutdown_cpp_1</STRONG> (Thumb, 0 bytes, Stack size unknown bytes, libshutdown2.o(.ARM.Collect$$libshutdown$$00000002))

<P><STRONG><a name="[a9]"></a>__rt_lib_shutdown_fp_trap_1</STRONG> (Thumb, 0 bytes, Stack size unknown bytes, libshutdown2.o(.ARM.Collect$$libshutdown$$00000007))

<P><STRONG><a name="[aa]"></a>__rt_lib_shutdown_heap_1</STRONG> (Thumb, 0 bytes, Stack size unknown bytes, libshutdown2.o(.ARM.Collect$$libshutdown$$0000000F))

<P><STRONG><a name="[ab]"></a>__rt_lib_shutdown_return</STRONG> (Thumb, 0 bytes, Stack size unknown bytes, libshutdown2.o(.ARM.Collect$$libshutdown$$00000010))

<P><STRONG><a name="[ac]"></a>__rt_lib_shutdown_signal_1</STRONG> (Thumb, 0 bytes, Stack size unknown bytes, libshutdown2.o(.ARM.Collect$$libshutdown$$0000000A))

<P><STRONG><a name="[ad]"></a>__rt_lib_shutdown_stdio_1</STRONG> (Thumb, 0 bytes, Stack size unknown bytes, libshutdown2.o(.ARM.Collect$$libshutdown$$00000004))

<P><STRONG><a name="[ae]"></a>__rt_lib_shutdown_user_alloc_1</STRONG> (Thumb, 0 bytes, Stack size unknown bytes, libshutdown2.o(.ARM.Collect$$libshutdown$$0000000C))

<P><STRONG><a name="[64]"></a>__rt_entry</STRONG> (Thumb, 0 bytes, Stack size unknown bytes, __rtentry.o(.ARM.Collect$$rtentry$$00000000))
<BR><BR>[Called By]<UL><LI><a href="#[65]">&gt;&gt;</a>&nbsp;&nbsp;&nbsp;__scatterload_rt2
<LI><a href="#[62]">&gt;&gt;</a>&nbsp;&nbsp;&nbsp;__main
</UL>

<P><STRONG><a name="[af]"></a>__rt_entry_presh_1</STRONG> (Thumb, 0 bytes, Stack size unknown bytes, __rtentry2.o(.ARM.Collect$$rtentry$$00000002))

<P><STRONG><a name="[69]"></a>__rt_entry_sh</STRONG> (Thumb, 0 bytes, Stack size unknown bytes, __rtentry4.o(.ARM.Collect$$rtentry$$00000004))
<BR><BR>[Stack]<UL><LI>Max Depth = 8 + Unknown Stack Size
<LI>Call Chain = __rt_entry_sh &rArr; __user_setup_stackheap
</UL>
<BR>[Calls]<UL><LI><a href="#[6a]">&gt;&gt;</a>&nbsp;&nbsp;&nbsp;__user_setup_stackheap
</UL>

<P><STRONG><a name="[6b]"></a>__rt_entry_li</STRONG> (Thumb, 0 bytes, Stack size unknown bytes, __rtentry2.o(.ARM.Collect$$rtentry$$0000000A))
<BR><BR>[Calls]<UL><LI><a href="#[6c]">&gt;&gt;</a>&nbsp;&nbsp;&nbsp;__rt_lib_init
</UL>

<P><STRONG><a name="[b0]"></a>__rt_entry_postsh_1</STRONG> (Thumb, 0 bytes, Stack size unknown bytes, __rtentry2.o(.ARM.Collect$$rtentry$$00000009))

<P><STRONG><a name="[6d]"></a>__rt_entry_main</STRONG> (Thumb, 0 bytes, Stack size unknown bytes, __rtentry2.o(.ARM.Collect$$rtentry$$0000000D))
<BR><BR>[Stack]<UL><LI>Max Depth = 100 + Unknown Stack Size
<LI>Call Chain = __rt_entry_main &rArr; main &rArr; lan9252_init &rArr; SMC_LAN9252_Init &rArr; SMC_GPIO_Config &rArr; GPIO_ConfigPinAF
</UL>
<BR>[Calls]<UL><LI><a href="#[6e]">&gt;&gt;</a>&nbsp;&nbsp;&nbsp;main
<LI><a href="#[6f]">&gt;&gt;</a>&nbsp;&nbsp;&nbsp;exit
</UL>

<P><STRONG><a name="[b1]"></a>__rt_entry_postli_1</STRONG> (Thumb, 0 bytes, Stack size unknown bytes, __rtentry2.o(.ARM.Collect$$rtentry$$0000000C))

<P><STRONG><a name="[76]"></a>__rt_exit</STRONG> (Thumb, 0 bytes, Stack size unknown bytes, rtexit.o(.ARM.Collect$$rtexit$$00000000))
<BR><BR>[Called By]<UL><LI><a href="#[6f]">&gt;&gt;</a>&nbsp;&nbsp;&nbsp;exit
</UL>

<P><STRONG><a name="[70]"></a>__rt_exit_ls</STRONG> (Thumb, 0 bytes, Stack size unknown bytes, rtexit2.o(.ARM.Collect$$rtexit$$00000003))
<BR><BR>[Calls]<UL><LI><a href="#[71]">&gt;&gt;</a>&nbsp;&nbsp;&nbsp;__rt_lib_shutdown
</UL>

<P><STRONG><a name="[b2]"></a>__rt_exit_prels_1</STRONG> (Thumb, 0 bytes, Stack size unknown bytes, rtexit2.o(.ARM.Collect$$rtexit$$00000002))

<P><STRONG><a name="[72]"></a>__rt_exit_exit</STRONG> (Thumb, 0 bytes, Stack size unknown bytes, rtexit2.o(.ARM.Collect$$rtexit$$00000004))
<BR><BR>[Calls]<UL><LI><a href="#[73]">&gt;&gt;</a>&nbsp;&nbsp;&nbsp;_sys_exit
</UL>

<P><STRONG><a name="[2]"></a>Reset_Handler</STRONG> (Thumb, 8 bytes, Stack size 0 bytes, startup_apm32f407xx.o(.text))
<BR>[Address Reference Count : 1]<UL><LI> startup_apm32f407xx.o(RESET)
</UL>
<P><STRONG><a name="[1e]"></a>ADC_IRQHandler</STRONG> (Thumb, 0 bytes, Stack size 0 bytes, startup_apm32f407xx.o(.text))
<BR><BR>[Calls]<UL><LI><a href="#[1e]">&gt;&gt;</a>&nbsp;&nbsp;&nbsp;ADC_IRQHandler
</UL>
<BR>[Called By]<UL><LI><a href="#[1e]">&gt;&gt;</a>&nbsp;&nbsp;&nbsp;ADC_IRQHandler
</UL>
<BR>[Address Reference Count : 1]<UL><LI> startup_apm32f407xx.o(RESET)
</UL>
<P><STRONG><a name="[5f]"></a>BN_IRQHandler</STRONG> (Thumb, 0 bytes, Stack size 0 bytes, startup_apm32f407xx.o(.text))
<BR>[Address Reference Count : 1]<UL><LI> startup_apm32f407xx.o(RESET)
</UL>
<P><STRONG><a name="[20]"></a>CAN1_RX0_IRQHandler</STRONG> (Thumb, 0 bytes, Stack size 0 bytes, startup_apm32f407xx.o(.text))
<BR>[Address Reference Count : 1]<UL><LI> startup_apm32f407xx.o(RESET)
</UL>
<P><STRONG><a name="[21]"></a>CAN1_RX1_IRQHandler</STRONG> (Thumb, 0 bytes, Stack size 0 bytes, startup_apm32f407xx.o(.text))
<BR>[Address Reference Count : 1]<UL><LI> startup_apm32f407xx.o(RESET)
</UL>
<P><STRONG><a name="[22]"></a>CAN1_SCE_IRQHandler</STRONG> (Thumb, 0 bytes, Stack size 0 bytes, startup_apm32f407xx.o(.text))
<BR>[Address Reference Count : 1]<UL><LI> startup_apm32f407xx.o(RESET)
</UL>
<P><STRONG><a name="[1f]"></a>CAN1_TX_IRQHandler</STRONG> (Thumb, 0 bytes, Stack size 0 bytes, startup_apm32f407xx.o(.text))
<BR>[Address Reference Count : 1]<UL><LI> startup_apm32f407xx.o(RESET)
</UL>
<P><STRONG><a name="[4c]"></a>CAN2_RX0_IRQHandler</STRONG> (Thumb, 0 bytes, Stack size 0 bytes, startup_apm32f407xx.o(.text))
<BR>[Address Reference Count : 1]<UL><LI> startup_apm32f407xx.o(RESET)
</UL>
<P><STRONG><a name="[4d]"></a>CAN2_RX1_IRQHandler</STRONG> (Thumb, 0 bytes, Stack size 0 bytes, startup_apm32f407xx.o(.text))
<BR>[Address Reference Count : 1]<UL><LI> startup_apm32f407xx.o(RESET)
</UL>
<P><STRONG><a name="[4e]"></a>CAN2_SCE_IRQHandler</STRONG> (Thumb, 0 bytes, Stack size 0 bytes, startup_apm32f407xx.o(.text))
<BR>[Address Reference Count : 1]<UL><LI> startup_apm32f407xx.o(RESET)
</UL>
<P><STRONG><a name="[4b]"></a>CAN2_TX_IRQHandler</STRONG> (Thumb, 0 bytes, Stack size 0 bytes, startup_apm32f407xx.o(.text))
<BR>[Address Reference Count : 1]<UL><LI> startup_apm32f407xx.o(RESET)
</UL>
<P><STRONG><a name="[5a]"></a>DCI_IRQHandler</STRONG> (Thumb, 0 bytes, Stack size 0 bytes, startup_apm32f407xx.o(.text))
<BR>[Address Reference Count : 1]<UL><LI> startup_apm32f407xx.o(RESET)
</UL>
<P><STRONG><a name="[17]"></a>DMA1_STR0_IRQHandler</STRONG> (Thumb, 0 bytes, Stack size 0 bytes, startup_apm32f407xx.o(.text))
<BR>[Address Reference Count : 1]<UL><LI> startup_apm32f407xx.o(RESET)
</UL>
<P><STRONG><a name="[18]"></a>DMA1_STR1_IRQHandler</STRONG> (Thumb, 0 bytes, Stack size 0 bytes, startup_apm32f407xx.o(.text))
<BR>[Address Reference Count : 1]<UL><LI> startup_apm32f407xx.o(RESET)
</UL>
<P><STRONG><a name="[19]"></a>DMA1_STR2_IRQHandler</STRONG> (Thumb, 0 bytes, Stack size 0 bytes, startup_apm32f407xx.o(.text))
<BR>[Address Reference Count : 1]<UL><LI> startup_apm32f407xx.o(RESET)
</UL>
<P><STRONG><a name="[1a]"></a>DMA1_STR3_IRQHandler</STRONG> (Thumb, 0 bytes, Stack size 0 bytes, startup_apm32f407xx.o(.text))
<BR>[Address Reference Count : 1]<UL><LI> startup_apm32f407xx.o(RESET)
</UL>
<P><STRONG><a name="[1b]"></a>DMA1_STR4_IRQHandler</STRONG> (Thumb, 0 bytes, Stack size 0 bytes, startup_apm32f407xx.o(.text))
<BR>[Address Reference Count : 1]<UL><LI> startup_apm32f407xx.o(RESET)
</UL>
<P><STRONG><a name="[1c]"></a>DMA1_STR5_IRQHandler</STRONG> (Thumb, 0 bytes, Stack size 0 bytes, startup_apm32f407xx.o(.text))
<BR>[Address Reference Count : 1]<UL><LI> startup_apm32f407xx.o(RESET)
</UL>
<P><STRONG><a name="[1d]"></a>DMA1_STR6_IRQHandler</STRONG> (Thumb, 0 bytes, Stack size 0 bytes, startup_apm32f407xx.o(.text))
<BR>[Address Reference Count : 1]<UL><LI> startup_apm32f407xx.o(RESET)
</UL>
<P><STRONG><a name="[3b]"></a>DMA1_STR7_IRQHandler</STRONG> (Thumb, 0 bytes, Stack size 0 bytes, startup_apm32f407xx.o(.text))
<BR>[Address Reference Count : 1]<UL><LI> startup_apm32f407xx.o(RESET)
</UL>
<P><STRONG><a name="[44]"></a>DMA2_STR0_IRQHandler</STRONG> (Thumb, 0 bytes, Stack size 0 bytes, startup_apm32f407xx.o(.text))
<BR>[Address Reference Count : 1]<UL><LI> startup_apm32f407xx.o(RESET)
</UL>
<P><STRONG><a name="[45]"></a>DMA2_STR1_IRQHandler</STRONG> (Thumb, 0 bytes, Stack size 0 bytes, startup_apm32f407xx.o(.text))
<BR>[Address Reference Count : 1]<UL><LI> startup_apm32f407xx.o(RESET)
</UL>
<P><STRONG><a name="[46]"></a>DMA2_STR2_IRQHandler</STRONG> (Thumb, 0 bytes, Stack size 0 bytes, startup_apm32f407xx.o(.text))
<BR>[Address Reference Count : 1]<UL><LI> startup_apm32f407xx.o(RESET)
</UL>
<P><STRONG><a name="[47]"></a>DMA2_STR3_IRQHandler</STRONG> (Thumb, 0 bytes, Stack size 0 bytes, startup_apm32f407xx.o(.text))
<BR>[Address Reference Count : 1]<UL><LI> startup_apm32f407xx.o(RESET)
</UL>
<P><STRONG><a name="[48]"></a>DMA2_STR4_IRQHandler</STRONG> (Thumb, 0 bytes, Stack size 0 bytes, startup_apm32f407xx.o(.text))
<BR>[Address Reference Count : 1]<UL><LI> startup_apm32f407xx.o(RESET)
</UL>
<P><STRONG><a name="[50]"></a>DMA2_STR5_IRQHandler</STRONG> (Thumb, 0 bytes, Stack size 0 bytes, startup_apm32f407xx.o(.text))
<BR>[Address Reference Count : 1]<UL><LI> startup_apm32f407xx.o(RESET)
</UL>
<P><STRONG><a name="[51]"></a>DMA2_STR6_IRQHandler</STRONG> (Thumb, 0 bytes, Stack size 0 bytes, startup_apm32f407xx.o(.text))
<BR>[Address Reference Count : 1]<UL><LI> startup_apm32f407xx.o(RESET)
</UL>
<P><STRONG><a name="[52]"></a>DMA2_STR7_IRQHandler</STRONG> (Thumb, 0 bytes, Stack size 0 bytes, startup_apm32f407xx.o(.text))
<BR>[Address Reference Count : 1]<UL><LI> startup_apm32f407xx.o(RESET)
</UL>
<P><STRONG><a name="[12]"></a>EINT0_IRQHandler</STRONG> (Thumb, 0 bytes, Stack size 0 bytes, startup_apm32f407xx.o(.text))
<BR>[Address Reference Count : 1]<UL><LI> startup_apm32f407xx.o(RESET)
</UL>
<P><STRONG><a name="[34]"></a>EINT15_10_IRQHandler</STRONG> (Thumb, 0 bytes, Stack size 0 bytes, startup_apm32f407xx.o(.text))
<BR>[Address Reference Count : 1]<UL><LI> startup_apm32f407xx.o(RESET)
</UL>
<P><STRONG><a name="[13]"></a>EINT1_IRQHandler</STRONG> (Thumb, 0 bytes, Stack size 0 bytes, startup_apm32f407xx.o(.text))
<BR>[Address Reference Count : 1]<UL><LI> startup_apm32f407xx.o(RESET)
</UL>
<P><STRONG><a name="[14]"></a>EINT2_IRQHandler</STRONG> (Thumb, 0 bytes, Stack size 0 bytes, startup_apm32f407xx.o(.text))
<BR>[Address Reference Count : 1]<UL><LI> startup_apm32f407xx.o(RESET)
</UL>
<P><STRONG><a name="[15]"></a>EINT3_IRQHandler</STRONG> (Thumb, 0 bytes, Stack size 0 bytes, startup_apm32f407xx.o(.text))
<BR>[Address Reference Count : 1]<UL><LI> startup_apm32f407xx.o(RESET)
</UL>
<P><STRONG><a name="[16]"></a>EINT4_IRQHandler</STRONG> (Thumb, 0 bytes, Stack size 0 bytes, startup_apm32f407xx.o(.text))
<BR>[Address Reference Count : 1]<UL><LI> startup_apm32f407xx.o(RESET)
</UL>
<P><STRONG><a name="[23]"></a>EINT9_5_IRQHandler</STRONG> (Thumb, 0 bytes, Stack size 0 bytes, startup_apm32f407xx.o(.text))
<BR>[Address Reference Count : 1]<UL><LI> startup_apm32f407xx.o(RESET)
</UL>
<P><STRONG><a name="[3c]"></a>EMMC_IRQHandler</STRONG> (Thumb, 0 bytes, Stack size 0 bytes, startup_apm32f407xx.o(.text))
<BR>[Address Reference Count : 1]<UL><LI> startup_apm32f407xx.o(RESET)
</UL>
<P><STRONG><a name="[49]"></a>ETH_IRQHandler</STRONG> (Thumb, 0 bytes, Stack size 0 bytes, startup_apm32f407xx.o(.text))
<BR>[Address Reference Count : 1]<UL><LI> startup_apm32f407xx.o(RESET)
</UL>
<P><STRONG><a name="[4a]"></a>ETH_WKUP_IRQHandler</STRONG> (Thumb, 0 bytes, Stack size 0 bytes, startup_apm32f407xx.o(.text))
<BR>[Address Reference Count : 1]<UL><LI> startup_apm32f407xx.o(RESET)
</UL>
<P><STRONG><a name="[10]"></a>FLASH_IRQHandler</STRONG> (Thumb, 0 bytes, Stack size 0 bytes, startup_apm32f407xx.o(.text))
<BR>[Address Reference Count : 1]<UL><LI> startup_apm32f407xx.o(RESET)
</UL>
<P><STRONG><a name="[5c]"></a>FPU_IRQHandler</STRONG> (Thumb, 0 bytes, Stack size 0 bytes, startup_apm32f407xx.o(.text))
<BR>[Address Reference Count : 1]<UL><LI> startup_apm32f407xx.o(RESET)
</UL>
<P><STRONG><a name="[5b]"></a>HASH_RNG_IRQHandler</STRONG> (Thumb, 0 bytes, Stack size 0 bytes, startup_apm32f407xx.o(.text))
<BR>[Address Reference Count : 1]<UL><LI> startup_apm32f407xx.o(RESET)
</UL>
<P><STRONG><a name="[2c]"></a>I2C1_ER_IRQHandler</STRONG> (Thumb, 0 bytes, Stack size 0 bytes, startup_apm32f407xx.o(.text))
<BR>[Address Reference Count : 1]<UL><LI> startup_apm32f407xx.o(RESET)
</UL>
<P><STRONG><a name="[2b]"></a>I2C1_EV_IRQHandler</STRONG> (Thumb, 0 bytes, Stack size 0 bytes, startup_apm32f407xx.o(.text))
<BR>[Address Reference Count : 1]<UL><LI> startup_apm32f407xx.o(RESET)
</UL>
<P><STRONG><a name="[2e]"></a>I2C2_ER_IRQHandler</STRONG> (Thumb, 0 bytes, Stack size 0 bytes, startup_apm32f407xx.o(.text))
<BR>[Address Reference Count : 1]<UL><LI> startup_apm32f407xx.o(RESET)
</UL>
<P><STRONG><a name="[2d]"></a>I2C2_EV_IRQHandler</STRONG> (Thumb, 0 bytes, Stack size 0 bytes, startup_apm32f407xx.o(.text))
<BR>[Address Reference Count : 1]<UL><LI> startup_apm32f407xx.o(RESET)
</UL>
<P><STRONG><a name="[55]"></a>I2C3_ER_IRQHandler</STRONG> (Thumb, 0 bytes, Stack size 0 bytes, startup_apm32f407xx.o(.text))
<BR>[Address Reference Count : 1]<UL><LI> startup_apm32f407xx.o(RESET)
</UL>
<P><STRONG><a name="[54]"></a>I2C3_EV_IRQHandler</STRONG> (Thumb, 0 bytes, Stack size 0 bytes, startup_apm32f407xx.o(.text))
<BR>[Address Reference Count : 1]<UL><LI> startup_apm32f407xx.o(RESET)
</UL>
<P><STRONG><a name="[4f]"></a>OTG_FS_IRQHandler</STRONG> (Thumb, 0 bytes, Stack size 0 bytes, startup_apm32f407xx.o(.text))
<BR>[Address Reference Count : 1]<UL><LI> startup_apm32f407xx.o(RESET)
</UL>
<P><STRONG><a name="[36]"></a>OTG_FS_WKUP_IRQHandler</STRONG> (Thumb, 0 bytes, Stack size 0 bytes, startup_apm32f407xx.o(.text))
<BR>[Address Reference Count : 1]<UL><LI> startup_apm32f407xx.o(RESET)
</UL>
<P><STRONG><a name="[57]"></a>OTG_HS1_EP1_IN_IRQHandler</STRONG> (Thumb, 0 bytes, Stack size 0 bytes, startup_apm32f407xx.o(.text))
<BR>[Address Reference Count : 1]<UL><LI> startup_apm32f407xx.o(RESET)
</UL>
<P><STRONG><a name="[56]"></a>OTG_HS1_EP1_OUT_IRQHandler</STRONG> (Thumb, 0 bytes, Stack size 0 bytes, startup_apm32f407xx.o(.text))
<BR>[Address Reference Count : 1]<UL><LI> startup_apm32f407xx.o(RESET)
</UL>
<P><STRONG><a name="[59]"></a>OTG_HS1_IRQHandler</STRONG> (Thumb, 0 bytes, Stack size 0 bytes, startup_apm32f407xx.o(.text))
<BR>[Address Reference Count : 1]<UL><LI> startup_apm32f407xx.o(RESET)
</UL>
<P><STRONG><a name="[58]"></a>OTG_HS1_WKUP_IRQHandler</STRONG> (Thumb, 0 bytes, Stack size 0 bytes, startup_apm32f407xx.o(.text))
<BR>[Address Reference Count : 1]<UL><LI> startup_apm32f407xx.o(RESET)
</UL>
<P><STRONG><a name="[d]"></a>PVD_IRQHandler</STRONG> (Thumb, 0 bytes, Stack size 0 bytes, startup_apm32f407xx.o(.text))
<BR>[Address Reference Count : 1]<UL><LI> startup_apm32f407xx.o(RESET)
</UL>
<P><STRONG><a name="[11]"></a>RCM_IRQHandler</STRONG> (Thumb, 0 bytes, Stack size 0 bytes, startup_apm32f407xx.o(.text))
<BR>[Address Reference Count : 1]<UL><LI> startup_apm32f407xx.o(RESET)
</UL>
<P><STRONG><a name="[35]"></a>RTC_Alarm_IRQHandler</STRONG> (Thumb, 0 bytes, Stack size 0 bytes, startup_apm32f407xx.o(.text))
<BR>[Address Reference Count : 1]<UL><LI> startup_apm32f407xx.o(RESET)
</UL>
<P><STRONG><a name="[f]"></a>RTC_WKUP_IRQHandler</STRONG> (Thumb, 0 bytes, Stack size 0 bytes, startup_apm32f407xx.o(.text))
<BR>[Address Reference Count : 1]<UL><LI> startup_apm32f407xx.o(RESET)
</UL>
<P><STRONG><a name="[3d]"></a>SDIO_IRQHandler</STRONG> (Thumb, 0 bytes, Stack size 0 bytes, startup_apm32f407xx.o(.text))
<BR>[Address Reference Count : 1]<UL><LI> startup_apm32f407xx.o(RESET)
</UL>
<P><STRONG><a name="[5d]"></a>SM3_IRQHandler</STRONG> (Thumb, 0 bytes, Stack size 0 bytes, startup_apm32f407xx.o(.text))
<BR>[Address Reference Count : 1]<UL><LI> startup_apm32f407xx.o(RESET)
</UL>
<P><STRONG><a name="[5e]"></a>SM4_IRQHandler</STRONG> (Thumb, 0 bytes, Stack size 0 bytes, startup_apm32f407xx.o(.text))
<BR>[Address Reference Count : 1]<UL><LI> startup_apm32f407xx.o(RESET)
</UL>
<P><STRONG><a name="[2f]"></a>SPI1_IRQHandler</STRONG> (Thumb, 0 bytes, Stack size 0 bytes, startup_apm32f407xx.o(.text))
<BR>[Address Reference Count : 1]<UL><LI> startup_apm32f407xx.o(RESET)
</UL>
<P><STRONG><a name="[30]"></a>SPI2_IRQHandler</STRONG> (Thumb, 0 bytes, Stack size 0 bytes, startup_apm32f407xx.o(.text))
<BR>[Address Reference Count : 1]<UL><LI> startup_apm32f407xx.o(RESET)
</UL>
<P><STRONG><a name="[3f]"></a>SPI3_IRQHandler</STRONG> (Thumb, 0 bytes, Stack size 0 bytes, startup_apm32f407xx.o(.text))
<BR>[Address Reference Count : 1]<UL><LI> startup_apm32f407xx.o(RESET)
</UL>
<P><STRONG><a name="[e]"></a>TAMP_STAMP_IRQHandler</STRONG> (Thumb, 0 bytes, Stack size 0 bytes, startup_apm32f407xx.o(.text))
<BR>[Address Reference Count : 1]<UL><LI> startup_apm32f407xx.o(RESET)
</UL>
<P><STRONG><a name="[24]"></a>TMR1_BRK_TMR9_IRQHandler</STRONG> (Thumb, 0 bytes, Stack size 0 bytes, startup_apm32f407xx.o(.text))
<BR>[Address Reference Count : 1]<UL><LI> startup_apm32f407xx.o(RESET)
</UL>
<P><STRONG><a name="[27]"></a>TMR1_CC_IRQHandler</STRONG> (Thumb, 0 bytes, Stack size 0 bytes, startup_apm32f407xx.o(.text))
<BR>[Address Reference Count : 1]<UL><LI> startup_apm32f407xx.o(RESET)
</UL>
<P><STRONG><a name="[26]"></a>TMR1_TRG_COM_TMR11_IRQHandler</STRONG> (Thumb, 0 bytes, Stack size 0 bytes, startup_apm32f407xx.o(.text))
<BR>[Address Reference Count : 1]<UL><LI> startup_apm32f407xx.o(RESET)
</UL>
<P><STRONG><a name="[25]"></a>TMR1_UP_TMR10_IRQHandler</STRONG> (Thumb, 0 bytes, Stack size 0 bytes, startup_apm32f407xx.o(.text))
<BR>[Address Reference Count : 1]<UL><LI> startup_apm32f407xx.o(RESET)
</UL>
<P><STRONG><a name="[28]"></a>TMR2_IRQHandler</STRONG> (Thumb, 0 bytes, Stack size 0 bytes, startup_apm32f407xx.o(.text))
<BR>[Address Reference Count : 1]<UL><LI> startup_apm32f407xx.o(RESET)
</UL>
<P><STRONG><a name="[29]"></a>TMR3_IRQHandler</STRONG> (Thumb, 0 bytes, Stack size 0 bytes, startup_apm32f407xx.o(.text))
<BR>[Address Reference Count : 1]<UL><LI> startup_apm32f407xx.o(RESET)
</UL>
<P><STRONG><a name="[2a]"></a>TMR4_IRQHandler</STRONG> (Thumb, 0 bytes, Stack size 0 bytes, startup_apm32f407xx.o(.text))
<BR>[Address Reference Count : 1]<UL><LI> startup_apm32f407xx.o(RESET)
</UL>
<P><STRONG><a name="[3e]"></a>TMR5_IRQHandler</STRONG> (Thumb, 0 bytes, Stack size 0 bytes, startup_apm32f407xx.o(.text))
<BR>[Address Reference Count : 1]<UL><LI> startup_apm32f407xx.o(RESET)
</UL>
<P><STRONG><a name="[42]"></a>TMR6_DAC_IRQHandler</STRONG> (Thumb, 0 bytes, Stack size 0 bytes, startup_apm32f407xx.o(.text))
<BR>[Address Reference Count : 1]<UL><LI> startup_apm32f407xx.o(RESET)
</UL>
<P><STRONG><a name="[43]"></a>TMR7_IRQHandler</STRONG> (Thumb, 0 bytes, Stack size 0 bytes, startup_apm32f407xx.o(.text))
<BR>[Address Reference Count : 1]<UL><LI> startup_apm32f407xx.o(RESET)
</UL>
<P><STRONG><a name="[37]"></a>TMR8_BRK_TMR12_IRQHandler</STRONG> (Thumb, 0 bytes, Stack size 0 bytes, startup_apm32f407xx.o(.text))
<BR>[Address Reference Count : 1]<UL><LI> startup_apm32f407xx.o(RESET)
</UL>
<P><STRONG><a name="[3a]"></a>TMR8_CC_IRQHandler</STRONG> (Thumb, 0 bytes, Stack size 0 bytes, startup_apm32f407xx.o(.text))
<BR>[Address Reference Count : 1]<UL><LI> startup_apm32f407xx.o(RESET)
</UL>
<P><STRONG><a name="[39]"></a>TMR8_TRG_COM_TMR14_IRQHandler</STRONG> (Thumb, 0 bytes, Stack size 0 bytes, startup_apm32f407xx.o(.text))
<BR>[Address Reference Count : 1]<UL><LI> startup_apm32f407xx.o(RESET)
</UL>
<P><STRONG><a name="[38]"></a>TMR8_UP_TMR13_IRQHandler</STRONG> (Thumb, 0 bytes, Stack size 0 bytes, startup_apm32f407xx.o(.text))
<BR>[Address Reference Count : 1]<UL><LI> startup_apm32f407xx.o(RESET)
</UL>
<P><STRONG><a name="[40]"></a>UART4_IRQHandler</STRONG> (Thumb, 0 bytes, Stack size 0 bytes, startup_apm32f407xx.o(.text))
<BR>[Address Reference Count : 1]<UL><LI> startup_apm32f407xx.o(RESET)
</UL>
<P><STRONG><a name="[41]"></a>UART5_IRQHandler</STRONG> (Thumb, 0 bytes, Stack size 0 bytes, startup_apm32f407xx.o(.text))
<BR>[Address Reference Count : 1]<UL><LI> startup_apm32f407xx.o(RESET)
</UL>
<P><STRONG><a name="[31]"></a>USART1_IRQHandler</STRONG> (Thumb, 0 bytes, Stack size 0 bytes, startup_apm32f407xx.o(.text))
<BR>[Address Reference Count : 1]<UL><LI> startup_apm32f407xx.o(RESET)
</UL>
<P><STRONG><a name="[32]"></a>USART2_IRQHandler</STRONG> (Thumb, 0 bytes, Stack size 0 bytes, startup_apm32f407xx.o(.text))
<BR>[Address Reference Count : 1]<UL><LI> startup_apm32f407xx.o(RESET)
</UL>
<P><STRONG><a name="[33]"></a>USART3_IRQHandler</STRONG> (Thumb, 0 bytes, Stack size 0 bytes, startup_apm32f407xx.o(.text))
<BR>[Address Reference Count : 1]<UL><LI> startup_apm32f407xx.o(RESET)
</UL>
<P><STRONG><a name="[53]"></a>USART6_IRQHandler</STRONG> (Thumb, 0 bytes, Stack size 0 bytes, startup_apm32f407xx.o(.text))
<BR>[Address Reference Count : 1]<UL><LI> startup_apm32f407xx.o(RESET)
</UL>
<P><STRONG><a name="[c]"></a>WWDT_IRQHandler</STRONG> (Thumb, 0 bytes, Stack size 0 bytes, startup_apm32f407xx.o(.text))
<BR>[Address Reference Count : 1]<UL><LI> startup_apm32f407xx.o(RESET)
</UL>
<P><STRONG><a name="[75]"></a>__user_initial_stackheap</STRONG> (Thumb, 0 bytes, Stack size unknown bytes, startup_apm32f407xx.o(.text))
<BR><BR>[Called By]<UL><LI><a href="#[6a]">&gt;&gt;</a>&nbsp;&nbsp;&nbsp;__user_setup_stackheap
</UL>

<P><STRONG><a name="[b3]"></a>__use_two_region_memory</STRONG> (Thumb, 2 bytes, Stack size 0 bytes, heapauxi.o(.text), UNUSED)

<P><STRONG><a name="[b4]"></a>__rt_heap_escrow$2region</STRONG> (Thumb, 2 bytes, Stack size 0 bytes, heapauxi.o(.text), UNUSED)

<P><STRONG><a name="[b5]"></a>__rt_heap_expand$2region</STRONG> (Thumb, 2 bytes, Stack size 0 bytes, heapauxi.o(.text), UNUSED)

<P><STRONG><a name="[6a]"></a>__user_setup_stackheap</STRONG> (Thumb, 74 bytes, Stack size 8 bytes, sys_stackheap_outer.o(.text))
<BR><BR>[Stack]<UL><LI>Max Depth = 8 + Unknown Stack Size
<LI>Call Chain = __user_setup_stackheap
</UL>
<BR>[Calls]<UL><LI><a href="#[75]">&gt;&gt;</a>&nbsp;&nbsp;&nbsp;__user_initial_stackheap
<LI><a href="#[74]">&gt;&gt;</a>&nbsp;&nbsp;&nbsp;__user_perproc_libspace
</UL>
<BR>[Called By]<UL><LI><a href="#[69]">&gt;&gt;</a>&nbsp;&nbsp;&nbsp;__rt_entry_sh
</UL>

<P><STRONG><a name="[6f]"></a>exit</STRONG> (Thumb, 18 bytes, Stack size 8 bytes, exit.o(.text))
<BR><BR>[Stack]<UL><LI>Max Depth = 8 + Unknown Stack Size
<LI>Call Chain = exit
</UL>
<BR>[Calls]<UL><LI><a href="#[76]">&gt;&gt;</a>&nbsp;&nbsp;&nbsp;__rt_exit
</UL>
<BR>[Called By]<UL><LI><a href="#[6d]">&gt;&gt;</a>&nbsp;&nbsp;&nbsp;__rt_entry_main
</UL>

<P><STRONG><a name="[b6]"></a>__user_libspace</STRONG> (Thumb, 8 bytes, Stack size 0 bytes, libspace.o(.text), UNUSED)

<P><STRONG><a name="[74]"></a>__user_perproc_libspace</STRONG> (Thumb, 0 bytes, Stack size 0 bytes, libspace.o(.text))
<BR><BR>[Called By]<UL><LI><a href="#[6a]">&gt;&gt;</a>&nbsp;&nbsp;&nbsp;__user_setup_stackheap
</UL>

<P><STRONG><a name="[b7]"></a>__user_perthread_libspace</STRONG> (Thumb, 0 bytes, Stack size 0 bytes, libspace.o(.text), UNUSED)

<P><STRONG><a name="[73]"></a>_sys_exit</STRONG> (Thumb, 8 bytes, Stack size 0 bytes, sys_exit.o(.text))
<BR><BR>[Called By]<UL><LI><a href="#[72]">&gt;&gt;</a>&nbsp;&nbsp;&nbsp;__rt_exit_exit
</UL>

<P><STRONG><a name="[b8]"></a>__I$use$semihosting</STRONG> (Thumb, 0 bytes, Stack size 0 bytes, use_no_semi.o(.text), UNUSED)

<P><STRONG><a name="[b9]"></a>__use_no_semihosting_swi</STRONG> (Thumb, 2 bytes, Stack size 0 bytes, use_no_semi.o(.text), UNUSED)

<P><STRONG><a name="[ba]"></a>__semihosting_library_function</STRONG> (Thumb, 0 bytes, Stack size unknown bytes, indicate_semi.o(.text), UNUSED)

<P><STRONG><a name="[77]"></a>BOARD_DelayMs</STRONG> (Thumb, 48 bytes, Stack size 16 bytes, board_delay.o(i.BOARD_DelayMs))
<BR><BR>[Stack]<UL><LI>Max Depth = 28<LI>Call Chain = BOARD_DelayMs &rArr; SysTick_Config
</UL>
<BR>[Calls]<UL><LI><a href="#[79]">&gt;&gt;</a>&nbsp;&nbsp;&nbsp;BOARD_ReadTick
<LI><a href="#[78]">&gt;&gt;</a>&nbsp;&nbsp;&nbsp;SysTick_Config
</UL>
<BR>[Called By]<UL><LI><a href="#[8b]">&gt;&gt;</a>&nbsp;&nbsp;&nbsp;lan9252_init
</UL>

<P><STRONG><a name="[79]"></a>BOARD_ReadTick</STRONG> (Thumb, 6 bytes, Stack size 0 bytes, board_delay.o(i.BOARD_ReadTick))
<BR><BR>[Called By]<UL><LI><a href="#[77]">&gt;&gt;</a>&nbsp;&nbsp;&nbsp;BOARD_DelayMs
</UL>

<P><STRONG><a name="[6]"></a>BusFault_Handler</STRONG> (Thumb, 4 bytes, Stack size 0 bytes, apm32f4xx_int.o(i.BusFault_Handler))
<BR>[Address Reference Count : 1]<UL><LI> startup_apm32f407xx.o(RESET)
</UL>
<P><STRONG><a name="[9]"></a>DebugMon_Handler</STRONG> (Thumb, 2 bytes, Stack size 0 bytes, apm32f4xx_int.o(i.DebugMon_Handler))
<BR>[Address Reference Count : 1]<UL><LI> startup_apm32f407xx.o(RESET)
</UL>
<P><STRONG><a name="[8f]"></a>EINT_Config</STRONG> (Thumb, 142 bytes, Stack size 0 bytes, apm32f4xx_eint.o(i.EINT_Config))
<BR><BR>[Called By]<UL><LI><a href="#[8c]">&gt;&gt;</a>&nbsp;&nbsp;&nbsp;lan9252_irq_config
</UL>

<P><STRONG><a name="[7c]"></a>GPIO_Config</STRONG> (Thumb, 144 bytes, Stack size 20 bytes, apm32f4xx_gpio.o(i.GPIO_Config))
<BR><BR>[Stack]<UL><LI>Max Depth = 20<LI>Call Chain = GPIO_Config
</UL>
<BR>[Called By]<UL><LI><a href="#[7a]">&gt;&gt;</a>&nbsp;&nbsp;&nbsp;SMC_GPIO_Config
<LI><a href="#[8c]">&gt;&gt;</a>&nbsp;&nbsp;&nbsp;lan9252_irq_config
</UL>

<P><STRONG><a name="[7d]"></a>GPIO_ConfigPinAF</STRONG> (Thumb, 74 bytes, Stack size 20 bytes, apm32f4xx_gpio.o(i.GPIO_ConfigPinAF))
<BR><BR>[Stack]<UL><LI>Max Depth = 20<LI>Call Chain = GPIO_ConfigPinAF
</UL>
<BR>[Called By]<UL><LI><a href="#[7a]">&gt;&gt;</a>&nbsp;&nbsp;&nbsp;SMC_GPIO_Config
</UL>

<P><STRONG><a name="[4]"></a>HardFault_Handler</STRONG> (Thumb, 4 bytes, Stack size 0 bytes, apm32f4xx_int.o(i.HardFault_Handler))
<BR>[Address Reference Count : 1]<UL><LI> startup_apm32f407xx.o(RESET)
</UL>
<P><STRONG><a name="[5]"></a>MemManage_Handler</STRONG> (Thumb, 4 bytes, Stack size 0 bytes, apm32f4xx_int.o(i.MemManage_Handler))
<BR>[Address Reference Count : 1]<UL><LI> startup_apm32f407xx.o(RESET)
</UL>
<P><STRONG><a name="[3]"></a>NMI_Handler</STRONG> (Thumb, 2 bytes, Stack size 0 bytes, apm32f4xx_int.o(i.NMI_Handler))
<BR>[Address Reference Count : 1]<UL><LI> startup_apm32f407xx.o(RESET)
</UL>
<P><STRONG><a name="[a]"></a>PendSV_Handler</STRONG> (Thumb, 2 bytes, Stack size 0 bytes, apm32f4xx_int.o(i.PendSV_Handler))
<BR>[Address Reference Count : 1]<UL><LI> startup_apm32f407xx.o(RESET)
</UL>
<P><STRONG><a name="[7b]"></a>RCM_EnableAHB1PeriphClock</STRONG> (Thumb, 12 bytes, Stack size 0 bytes, apm32f4xx_rcm.o(i.RCM_EnableAHB1PeriphClock))
<BR><BR>[Called By]<UL><LI><a href="#[7a]">&gt;&gt;</a>&nbsp;&nbsp;&nbsp;SMC_GPIO_Config
<LI><a href="#[8c]">&gt;&gt;</a>&nbsp;&nbsp;&nbsp;lan9252_irq_config
</UL>

<P><STRONG><a name="[8d]"></a>RCM_EnableAPB2PeriphClock</STRONG> (Thumb, 12 bytes, Stack size 0 bytes, apm32f4xx_rcm.o(i.RCM_EnableAPB2PeriphClock))
<BR><BR>[Called By]<UL><LI><a href="#[8c]">&gt;&gt;</a>&nbsp;&nbsp;&nbsp;lan9252_irq_config
</UL>

<P><STRONG><a name="[80]"></a>SMC_ConfigNORSRAM</STRONG> (Thumb, 2046 bytes, Stack size 0 bytes, apm32f4xx_smc.o(i.SMC_ConfigNORSRAM))
<BR><BR>[Called By]<UL><LI><a href="#[7e]">&gt;&gt;</a>&nbsp;&nbsp;&nbsp;SMC_LAN9252_Init
</UL>

<P><STRONG><a name="[7f]"></a>SMC_ConfigNORSRAMStructInit</STRONG> (Thumb, 44 bytes, Stack size 0 bytes, apm32f4xx_smc.o(i.SMC_ConfigNORSRAMStructInit))
<BR><BR>[Called By]<UL><LI><a href="#[7e]">&gt;&gt;</a>&nbsp;&nbsp;&nbsp;SMC_LAN9252_Init
</UL>

<P><STRONG><a name="[81]"></a>SMC_EnableNORSRAM</STRONG> (Thumb, 94 bytes, Stack size 0 bytes, apm32f4xx_smc.o(i.SMC_EnableNORSRAM))
<BR><BR>[Called By]<UL><LI><a href="#[7e]">&gt;&gt;</a>&nbsp;&nbsp;&nbsp;SMC_LAN9252_Init
</UL>

<P><STRONG><a name="[7e]"></a>SMC_LAN9252_Init</STRONG> (Thumb, 106 bytes, Stack size 40 bytes, fsmc_drv.o(i.SMC_LAN9252_Init))
<BR><BR>[Stack]<UL><LI>Max Depth = 76<LI>Call Chain = SMC_LAN9252_Init &rArr; SMC_GPIO_Config &rArr; GPIO_ConfigPinAF
</UL>
<BR>[Calls]<UL><LI><a href="#[81]">&gt;&gt;</a>&nbsp;&nbsp;&nbsp;SMC_EnableNORSRAM
<LI><a href="#[7f]">&gt;&gt;</a>&nbsp;&nbsp;&nbsp;SMC_ConfigNORSRAMStructInit
<LI><a href="#[80]">&gt;&gt;</a>&nbsp;&nbsp;&nbsp;SMC_ConfigNORSRAM
<LI><a href="#[7a]">&gt;&gt;</a>&nbsp;&nbsp;&nbsp;SMC_GPIO_Config
</UL>
<BR>[Called By]<UL><LI><a href="#[8b]">&gt;&gt;</a>&nbsp;&nbsp;&nbsp;lan9252_init
</UL>

<P><STRONG><a name="[8]"></a>SVC_Handler</STRONG> (Thumb, 2 bytes, Stack size 0 bytes, apm32f4xx_int.o(i.SVC_Handler))
<BR>[Address Reference Count : 1]<UL><LI> startup_apm32f407xx.o(RESET)
</UL>
<P><STRONG><a name="[8e]"></a>SYSCFG_ConfigEINTLine</STRONG> (Thumb, 104 bytes, Stack size 8 bytes, apm32f4xx_syscfg.o(i.SYSCFG_ConfigEINTLine))
<BR><BR>[Stack]<UL><LI>Max Depth = 8<LI>Call Chain = SYSCFG_ConfigEINTLine
</UL>
<BR>[Called By]<UL><LI><a href="#[8c]">&gt;&gt;</a>&nbsp;&nbsp;&nbsp;lan9252_irq_config
</UL>

<P><STRONG><a name="[b]"></a>SysTick_Handler</STRONG> (Thumb, 2 bytes, Stack size 0 bytes, apm32f4xx_int.o(i.SysTick_Handler))
<BR>[Address Reference Count : 1]<UL><LI> startup_apm32f407xx.o(RESET)
</UL>
<P><STRONG><a name="[83]"></a>SystemCoreClockUpdate</STRONG> (Thumb, 160 bytes, Stack size 16 bytes, system_apm32f4xx.o(i.SystemCoreClockUpdate))
<BR><BR>[Stack]<UL><LI>Max Depth = 16<LI>Call Chain = SystemCoreClockUpdate
</UL>
<BR>[Called By]<UL><LI><a href="#[82]">&gt;&gt;</a>&nbsp;&nbsp;&nbsp;SystemClockConfig
</UL>

<P><STRONG><a name="[60]"></a>SystemInit</STRONG> (Thumb, 90 bytes, Stack size 8 bytes, system_apm32f4xx.o(i.SystemInit))
<BR><BR>[Stack]<UL><LI>Max Depth = 32<LI>Call Chain = SystemInit &rArr; SystemClockConfig &rArr; SystemCoreClockUpdate
</UL>
<BR>[Calls]<UL><LI><a href="#[82]">&gt;&gt;</a>&nbsp;&nbsp;&nbsp;SystemClockConfig
</UL>
<BR>[Address Reference Count : 1]<UL><LI> startup_apm32f407xx.o(.text)
</UL>
<P><STRONG><a name="[7]"></a>UsageFault_Handler</STRONG> (Thumb, 4 bytes, Stack size 0 bytes, apm32f4xx_int.o(i.UsageFault_Handler))
<BR>[Address Reference Count : 1]<UL><LI> startup_apm32f407xx.o(RESET)
</UL>
<P><STRONG><a name="[84]"></a>lan9252_ecat_csr_read</STRONG> (Thumb, 60 bytes, Stack size 16 bytes, lan9252.o(i.lan9252_ecat_csr_read))
<BR><BR>[Stack]<UL><LI>Max Depth = 40<LI>Call Chain = lan9252_ecat_csr_read &rArr; lan9252_idx_write_reg &rArr; lan9252_write_Word
</UL>
<BR>[Calls]<UL><LI><a href="#[85]">&gt;&gt;</a>&nbsp;&nbsp;&nbsp;lan9252_idx_write_reg
<LI><a href="#[86]">&gt;&gt;</a>&nbsp;&nbsp;&nbsp;lan9252_idx_read_reg
</UL>
<BR>[Called By]<UL><LI><a href="#[8b]">&gt;&gt;</a>&nbsp;&nbsp;&nbsp;lan9252_init
</UL>

<P><STRONG><a name="[87]"></a>lan9252_ecat_csr_write</STRONG> (Thumb, 68 bytes, Stack size 24 bytes, lan9252.o(i.lan9252_ecat_csr_write))
<BR><BR>[Stack]<UL><LI>Max Depth = 48<LI>Call Chain = lan9252_ecat_csr_write &rArr; lan9252_idx_write_reg &rArr; lan9252_write_Word
</UL>
<BR>[Calls]<UL><LI><a href="#[85]">&gt;&gt;</a>&nbsp;&nbsp;&nbsp;lan9252_idx_write_reg
<LI><a href="#[86]">&gt;&gt;</a>&nbsp;&nbsp;&nbsp;lan9252_idx_read_reg
</UL>
<BR>[Called By]<UL><LI><a href="#[8b]">&gt;&gt;</a>&nbsp;&nbsp;&nbsp;lan9252_init
</UL>

<P><STRONG><a name="[86]"></a>lan9252_idx_read_reg</STRONG> (Thumb, 20 bytes, Stack size 8 bytes, lan9252.o(i.lan9252_idx_read_reg))
<BR><BR>[Stack]<UL><LI>Max Depth = 12<LI>Call Chain = lan9252_idx_read_reg &rArr; lan9252_read_Word
</UL>
<BR>[Calls]<UL><LI><a href="#[88]">&gt;&gt;</a>&nbsp;&nbsp;&nbsp;lan9252_write_HalfWord
<LI><a href="#[89]">&gt;&gt;</a>&nbsp;&nbsp;&nbsp;lan9252_read_Word
</UL>
<BR>[Called By]<UL><LI><a href="#[87]">&gt;&gt;</a>&nbsp;&nbsp;&nbsp;lan9252_ecat_csr_write
<LI><a href="#[84]">&gt;&gt;</a>&nbsp;&nbsp;&nbsp;lan9252_ecat_csr_read
<LI><a href="#[8b]">&gt;&gt;</a>&nbsp;&nbsp;&nbsp;lan9252_init
</UL>

<P><STRONG><a name="[85]"></a>lan9252_idx_write_reg</STRONG> (Thumb, 24 bytes, Stack size 16 bytes, lan9252.o(i.lan9252_idx_write_reg))
<BR><BR>[Stack]<UL><LI>Max Depth = 24<LI>Call Chain = lan9252_idx_write_reg &rArr; lan9252_write_Word
</UL>
<BR>[Calls]<UL><LI><a href="#[8a]">&gt;&gt;</a>&nbsp;&nbsp;&nbsp;lan9252_write_Word
<LI><a href="#[88]">&gt;&gt;</a>&nbsp;&nbsp;&nbsp;lan9252_write_HalfWord
</UL>
<BR>[Called By]<UL><LI><a href="#[87]">&gt;&gt;</a>&nbsp;&nbsp;&nbsp;lan9252_ecat_csr_write
<LI><a href="#[84]">&gt;&gt;</a>&nbsp;&nbsp;&nbsp;lan9252_ecat_csr_read
<LI><a href="#[8b]">&gt;&gt;</a>&nbsp;&nbsp;&nbsp;lan9252_init
</UL>

<P><STRONG><a name="[8b]"></a>lan9252_init</STRONG> (Thumb, 210 bytes, Stack size 24 bytes, lan9252.o(i.lan9252_init))
<BR><BR>[Stack]<UL><LI>Max Depth = 100<LI>Call Chain = lan9252_init &rArr; SMC_LAN9252_Init &rArr; SMC_GPIO_Config &rArr; GPIO_ConfigPinAF
</UL>
<BR>[Calls]<UL><LI><a href="#[77]">&gt;&gt;</a>&nbsp;&nbsp;&nbsp;BOARD_DelayMs
<LI><a href="#[85]">&gt;&gt;</a>&nbsp;&nbsp;&nbsp;lan9252_idx_write_reg
<LI><a href="#[86]">&gt;&gt;</a>&nbsp;&nbsp;&nbsp;lan9252_idx_read_reg
<LI><a href="#[87]">&gt;&gt;</a>&nbsp;&nbsp;&nbsp;lan9252_ecat_csr_write
<LI><a href="#[84]">&gt;&gt;</a>&nbsp;&nbsp;&nbsp;lan9252_ecat_csr_read
<LI><a href="#[8a]">&gt;&gt;</a>&nbsp;&nbsp;&nbsp;lan9252_write_Word
<LI><a href="#[7e]">&gt;&gt;</a>&nbsp;&nbsp;&nbsp;SMC_LAN9252_Init
</UL>
<BR>[Called By]<UL><LI><a href="#[6e]">&gt;&gt;</a>&nbsp;&nbsp;&nbsp;main
</UL>

<P><STRONG><a name="[8c]"></a>lan9252_irq_config</STRONG> (Thumb, 150 bytes, Stack size 24 bytes, lan9252.o(i.lan9252_irq_config))
<BR><BR>[Stack]<UL><LI>Max Depth = 44<LI>Call Chain = lan9252_irq_config &rArr; GPIO_Config
</UL>
<BR>[Calls]<UL><LI><a href="#[8f]">&gt;&gt;</a>&nbsp;&nbsp;&nbsp;EINT_Config
<LI><a href="#[7c]">&gt;&gt;</a>&nbsp;&nbsp;&nbsp;GPIO_Config
<LI><a href="#[8d]">&gt;&gt;</a>&nbsp;&nbsp;&nbsp;RCM_EnableAPB2PeriphClock
<LI><a href="#[7b]">&gt;&gt;</a>&nbsp;&nbsp;&nbsp;RCM_EnableAHB1PeriphClock
<LI><a href="#[8e]">&gt;&gt;</a>&nbsp;&nbsp;&nbsp;SYSCFG_ConfigEINTLine
</UL>
<BR>[Called By]<UL><LI><a href="#[6e]">&gt;&gt;</a>&nbsp;&nbsp;&nbsp;main
</UL>

<P><STRONG><a name="[90]"></a>lan9252_read_HalfWord</STRONG> (Thumb, 10 bytes, Stack size 0 bytes, fsmc_drv.o(i.lan9252_read_HalfWord))
<BR><BR>[Called By]<UL><LI><a href="#[89]">&gt;&gt;</a>&nbsp;&nbsp;&nbsp;lan9252_read_Word
</UL>

<P><STRONG><a name="[89]"></a>lan9252_read_Word</STRONG> (Thumb, 24 bytes, Stack size 4 bytes, fsmc_drv.o(i.lan9252_read_Word))
<BR><BR>[Stack]<UL><LI>Max Depth = 4<LI>Call Chain = lan9252_read_Word
</UL>
<BR>[Calls]<UL><LI><a href="#[90]">&gt;&gt;</a>&nbsp;&nbsp;&nbsp;lan9252_read_HalfWord
</UL>
<BR>[Called By]<UL><LI><a href="#[86]">&gt;&gt;</a>&nbsp;&nbsp;&nbsp;lan9252_idx_read_reg
</UL>

<P><STRONG><a name="[88]"></a>lan9252_write_HalfWord</STRONG> (Thumb, 8 bytes, Stack size 0 bytes, fsmc_drv.o(i.lan9252_write_HalfWord))
<BR><BR>[Called By]<UL><LI><a href="#[85]">&gt;&gt;</a>&nbsp;&nbsp;&nbsp;lan9252_idx_write_reg
<LI><a href="#[86]">&gt;&gt;</a>&nbsp;&nbsp;&nbsp;lan9252_idx_read_reg
<LI><a href="#[8a]">&gt;&gt;</a>&nbsp;&nbsp;&nbsp;lan9252_write_Word
</UL>

<P><STRONG><a name="[8a]"></a>lan9252_write_Word</STRONG> (Thumb, 24 bytes, Stack size 8 bytes, fsmc_drv.o(i.lan9252_write_Word))
<BR><BR>[Stack]<UL><LI>Max Depth = 8<LI>Call Chain = lan9252_write_Word
</UL>
<BR>[Calls]<UL><LI><a href="#[88]">&gt;&gt;</a>&nbsp;&nbsp;&nbsp;lan9252_write_HalfWord
</UL>
<BR>[Called By]<UL><LI><a href="#[85]">&gt;&gt;</a>&nbsp;&nbsp;&nbsp;lan9252_idx_write_reg
<LI><a href="#[8b]">&gt;&gt;</a>&nbsp;&nbsp;&nbsp;lan9252_init
</UL>

<P><STRONG><a name="[6e]"></a>main</STRONG> (Thumb, 20 bytes, Stack size 0 bytes, main.o(i.main))
<BR><BR>[Stack]<UL><LI>Max Depth = 100<LI>Call Chain = main &rArr; lan9252_init &rArr; SMC_LAN9252_Init &rArr; SMC_GPIO_Config &rArr; GPIO_ConfigPinAF
</UL>
<BR>[Calls]<UL><LI><a href="#[8c]">&gt;&gt;</a>&nbsp;&nbsp;&nbsp;lan9252_irq_config
<LI><a href="#[8b]">&gt;&gt;</a>&nbsp;&nbsp;&nbsp;lan9252_init
</UL>
<BR>[Called By]<UL><LI><a href="#[6d]">&gt;&gt;</a>&nbsp;&nbsp;&nbsp;__rt_entry_main
</UL>

<P><STRONG><a name="[68]"></a>_fp_init</STRONG> (Thumb, 10 bytes, Stack size 0 bytes, fpinit.o(x$fpl$fpinit))
<BR><BR>[Called By]<UL><LI><a href="#[67]">&gt;&gt;</a>&nbsp;&nbsp;&nbsp;__rt_lib_init_fp_1
</UL>

<P><STRONG><a name="[bb]"></a>__fplib_config_fpu_vfp</STRONG> (Thumb, 0 bytes, Stack size unknown bytes, fpinit.o(x$fpl$fpinit), UNUSED)

<P><STRONG><a name="[bc]"></a>__fplib_config_pureend_doubles</STRONG> (Thumb, 0 bytes, Stack size unknown bytes, fpinit.o(x$fpl$fpinit), UNUSED)
<P>
<H3>
Local Symbols
</H3>
<P><STRONG><a name="[82]"></a>SystemClockConfig</STRONG> (Thumb, 252 bytes, Stack size 8 bytes, system_apm32f4xx.o(i.SystemClockConfig))
<BR><BR>[Stack]<UL><LI>Max Depth = 24<LI>Call Chain = SystemClockConfig &rArr; SystemCoreClockUpdate
</UL>
<BR>[Calls]<UL><LI><a href="#[83]">&gt;&gt;</a>&nbsp;&nbsp;&nbsp;SystemCoreClockUpdate
</UL>
<BR>[Called By]<UL><LI><a href="#[60]">&gt;&gt;</a>&nbsp;&nbsp;&nbsp;SystemInit
</UL>

<P><STRONG><a name="[7a]"></a>SMC_GPIO_Config</STRONG> (Thumb, 308 bytes, Stack size 16 bytes, fsmc_drv.o(i.SMC_GPIO_Config))
<BR><BR>[Stack]<UL><LI>Max Depth = 36<LI>Call Chain = SMC_GPIO_Config &rArr; GPIO_ConfigPinAF
</UL>
<BR>[Calls]<UL><LI><a href="#[7d]">&gt;&gt;</a>&nbsp;&nbsp;&nbsp;GPIO_ConfigPinAF
<LI><a href="#[7c]">&gt;&gt;</a>&nbsp;&nbsp;&nbsp;GPIO_Config
<LI><a href="#[7b]">&gt;&gt;</a>&nbsp;&nbsp;&nbsp;RCM_EnableAHB1PeriphClock
</UL>
<BR>[Called By]<UL><LI><a href="#[7e]">&gt;&gt;</a>&nbsp;&nbsp;&nbsp;SMC_LAN9252_Init
</UL>

<P><STRONG><a name="[78]"></a>SysTick_Config</STRONG> (Thumb, 74 bytes, Stack size 12 bytes, board_delay.o(i.SysTick_Config))
<BR><BR>[Stack]<UL><LI>Max Depth = 12<LI>Call Chain = SysTick_Config
</UL>
<BR>[Called By]<UL><LI><a href="#[77]">&gt;&gt;</a>&nbsp;&nbsp;&nbsp;BOARD_DelayMs
</UL>
<P>
<H3>
Undefined Global Symbols
</H3><HR></body></html>
