<html>
<body>
<pre>
<h1>µVision Build Log</h1>
<h2>Tool Versions:</h2>
IDE-Version: ¦ÌVision V5.24.2.0
Copyright (C) 2017 ARM Ltd and ARM Germany GmbH. All rights reserved.
License Information: baishuijianxin 2760196608@qq.com, 1, LIC=UJWP0-BZF8H-BSMYX-HWCI6-6GJ9Q-RE70M
 
Tool Versions:
Toolchain:       MDK-ARM Plus  Version: 5.24.1
Toolchain Path:  D:\keil5\ARM\ARMCC\Bin
C Compiler:      Armcc.exe V5.06 update 5 (build 528)
Assembler:       Armasm.exe V5.06 update 5 (build 528)
Linker/Locator:  ArmLink.exe V5.06 update 5 (build 528)
Library Manager: ArmAr.exe V5.06 update 5 (build 528)
Hex Converter:   FromElf.exe V5.06 update 5 (build 528)
CPU DLL:         SARMCM3.DLL V5.24.1
Dialog DLL:      DARMSTM.DLL V1.68.0.0
Target DLL:      UL2CM3.DLL V1.160.3.0
Dialog DLL:      TCM.DLL V1.32.0.0
 
<h2>Project:</h2>
C:\Users\27601\Desktop\APM32SDK\APM32F4xx_SDK_V1.5.2\Examples\APM32Project\Template\Template\Project\MDK\Template.uvprojx
Project File Date:  05/18/2026

<h2>Output:</h2>
*** Using Compiler 'V5.06 update 5 (build 528)', folder: 'D:\keil5\ARM\ARMCC\Bin'
Rebuild target 'APM32F407'
compiling apm32f4xx_adc.c...
assembling startup_apm32f407xx.s...
compiling system_apm32f4xx.c...
compiling apm32f4xx_cryp.c...
compiling apm32f4xx_crc.c...
compiling apm32f4xx_cryp_aes.c...
compiling apm32f4xx_eint.c...
compiling apm32f4xx_dmc.c...
compiling apm32f4xx_cryp_des.c...
compiling apm32f4xx_dci.c...
compiling apm32f4xx_cryp_tdes.c...
compiling apm32f4xx_dbgmcu.c...
compiling apm32f4xx_dac.c...
compiling apm32f4xx_dma.c...
compiling apm32f4xx_can.c...
compiling apm32f4xx_fmc.c...
compiling apm32f4xx_hash.c...
compiling apm32f4xx_gpio.c...
compiling apm32f4xx_hash_md5.c...
compiling apm32f4xx_eth.c...
compiling apm32f4xx_hash_sha1.c...
compiling apm32f4xx_iwdt.c...
compiling apm32f4xx_i2c.c...
compiling apm32f4xx_misc.c...
compiling apm32f4xx_pmu.c...
compiling apm32f4xx_rng.c...
compiling apm32f4xx_rcm.c...
compiling apm32f4xx_sdio.c...
compiling apm32f4xx_rtc.c...
compiling apm32f4xx_smc.c...
compiling apm32f4xx_syscfg.c...
compiling apm32f4xx_spi.c...
compiling apm32f4xx_usart.c...
compiling apm32f4xx_wwdt.c...
compiling apm32f4xx_tmr.c...
compiling lan9252_hal.c...
compiling apm32f4xx_usb.c...
compiling apm32f4xx_int.c...
compiling apm32f4xx_usb_host.c...
compiling apm32f4xx_usb_device.c...
compiling ecat_slv.c...
compiling main.c...
compiling Board.c...
compiling fsmc_drv.c...
compiling esc.c...
compiling esc_eep.c...
compiling lan9252.c...
compiling board_delay.c...
compiling cc.c...
compiling esc_foe.c...
compiling esc_coe.c...
SOES\src\esc_coe.c(827): warning:  #1254-D: arithmetic on pointer to void or function type
                    memset((objd + nsub)->data + size, 0, actsize - size);
SOES\src\esc_coe.c(855): warning:  #1254-D: arithmetic on pointer to void or function type
                    ESCvar.data = (objd + nsub)->data + size;
SOES\src\esc_coe.c(1107): warning:  #1254-D: arithmetic on pointer to void or function type
           ESCvar.data += size;
SOES\src\esc_coe.c: 3 warnings, 0 errors
compiling esc_hw.c...
compiling application.c...
compiling esc_eoe.c...
SOES\src\esc_eoe.c(185): warning:  #1295-D: Deprecated declaration EOE_init_rx - give arg types
  static void EOE_init_rx ();
SOES\src\esc_eoe.c(187): warning:  #1295-D: Deprecated declaration EOE_init_tx - give arg types
  static void EOE_init_tx ();
SOES\src\esc_eoe.c: 2 warnings, 0 errors
compiling objectlist.c...
linking...
Program Size: Code=4872 RO-data=444 RW-data=24 ZI-data=1632  
".\Objects\APM32F407\Template.axf" - 0 Error(s), 5 Warning(s).

<h2>Software Packages used:</h2>

Package Vendor: Geehy
                https://www.geehy.com/uploads/tool/Geehy.APM32F4xx_DFP.1.0.11.pack
                Geehy.APM32F4xx_DFP.1.0.11
                Geehy Semiconductor APM32F4 Series Device Support, Drivers and Examples

<h2>Collection of Component include folders:</h2>
  .\RTE\_APM32F407

<h2>Collection of Component Files used:</h2>
Build Time Elapsed:  00:00:02
</pre>
</body>
</html>
