Component: ARM Compiler 5.06 update 5 (build 528) Tool: armlink [4d35e2]

==============================================================================

Section Cross References

    system_apm32f4xx.o(i.SystemClockConfig) refers to system_apm32f4xx.o(i.SystemCoreClockUpdate) for SystemCoreClockUpdate
    system_apm32f4xx.o(i.SystemCoreClockUpdate) refers to system_apm32f4xx.o(.data) for SystemCoreClock
    system_apm32f4xx.o(i.SystemInit) refers to system_apm32f4xx.o(i.SystemClockConfig) for SystemClockConfig
    startup_apm32f407xx.o(STACK) refers (Special) to heapauxi.o(.text) for __use_two_region_memory
    startup_apm32f407xx.o(HEAP) refers (Special) to heapauxi.o(.text) for __use_two_region_memory
    startup_apm32f407xx.o(RESET) refers (Special) to heapauxi.o(.text) for __use_two_region_memory
    startup_apm32f407xx.o(RESET) refers to startup_apm32f407xx.o(STACK) for __initial_sp
    startup_apm32f407xx.o(RESET) refers to startup_apm32f407xx.o(.text) for Reset_Handler
    startup_apm32f407xx.o(RESET) refers to apm32f4xx_int.o(i.NMI_Handler) for NMI_Handler
    startup_apm32f407xx.o(RESET) refers to apm32f4xx_int.o(i.HardFault_Handler) for HardFault_Handler
    startup_apm32f407xx.o(RESET) refers to apm32f4xx_int.o(i.MemManage_Handler) for MemManage_Handler
    startup_apm32f407xx.o(RESET) refers to apm32f4xx_int.o(i.BusFault_Handler) for BusFault_Handler
    startup_apm32f407xx.o(RESET) refers to apm32f4xx_int.o(i.UsageFault_Handler) for UsageFault_Handler
    startup_apm32f407xx.o(RESET) refers to apm32f4xx_int.o(i.SVC_Handler) for SVC_Handler
    startup_apm32f407xx.o(RESET) refers to apm32f4xx_int.o(i.DebugMon_Handler) for DebugMon_Handler
    startup_apm32f407xx.o(RESET) refers to apm32f4xx_int.o(i.PendSV_Handler) for PendSV_Handler
    startup_apm32f407xx.o(RESET) refers to apm32f4xx_int.o(i.SysTick_Handler) for SysTick_Handler
    startup_apm32f407xx.o(.text) refers (Special) to heapauxi.o(.text) for __use_two_region_memory
    startup_apm32f407xx.o(.text) refers to system_apm32f4xx.o(i.SystemInit) for SystemInit
    startup_apm32f407xx.o(.text) refers to __main.o(!!!main) for __main
    startup_apm32f407xx.o(.text) refers to startup_apm32f407xx.o(HEAP) for Heap_Mem
    startup_apm32f407xx.o(.text) refers to startup_apm32f407xx.o(STACK) for Stack_Mem
    apm32f4xx_adc.o(i.ADC_Reset) refers to apm32f4xx_rcm.o(i.RCM_EnableAPB2PeriphReset) for RCM_EnableAPB2PeriphReset
    apm32f4xx_adc.o(i.ADC_Reset) refers to apm32f4xx_rcm.o(i.RCM_DisableAPB2PeriphReset) for RCM_DisableAPB2PeriphReset
    apm32f4xx_can.o(i.CAN_Reset) refers to apm32f4xx_rcm.o(i.RCM_EnableAPB1PeriphReset) for RCM_EnableAPB1PeriphReset
    apm32f4xx_can.o(i.CAN_Reset) refers to apm32f4xx_rcm.o(i.RCM_DisableAPB1PeriphReset) for RCM_DisableAPB1PeriphReset
    apm32f4xx_dac.o(i.DAC_Reset) refers to apm32f4xx_rcm.o(i.RCM_EnableAPB1PeriphReset) for RCM_EnableAPB1PeriphReset
    apm32f4xx_dac.o(i.DAC_Reset) refers to apm32f4xx_rcm.o(i.RCM_DisableAPB1PeriphReset) for RCM_DisableAPB1PeriphReset
    apm32f4xx_dmc.o(i.DMC_Config) refers to apm32f4xx_dmc.o(i.DMC_ConfigTiming) for DMC_ConfigTiming
    apm32f4xx_dmc.o(i.DMC_ConfigStructInit) refers to apm32f4xx_dmc.o(i.DMC_ConfigTimingStructInit) for DMC_ConfigTimingStructInit
    apm32f4xx_dmc.o(i.DMC_Reset) refers to apm32f4xx_rcm.o(i.RCM_EnableAHB3PeriphReset) for RCM_EnableAHB3PeriphReset
    apm32f4xx_dmc.o(i.DMC_Reset) refers to apm32f4xx_rcm.o(i.RCM_DisableAHB3PeriphReset) for RCM_DisableAHB3PeriphReset
    apm32f4xx_eth.o(i.ETH_CheckReceivedFrame) refers to apm32f4xx_eth.o(.data) for DMARxDescToGet
    apm32f4xx_eth.o(i.ETH_Config) refers to apm32f4xx_rcm.o(i.RCM_ReadHCLKFreq) for RCM_ReadHCLKFreq
    apm32f4xx_eth.o(i.ETH_Config) refers to apm32f4xx_eth.o(i.ETH_WritePHYRegister) for ETH_WritePHYRegister
    apm32f4xx_eth.o(i.ETH_Config) refers to apm32f4xx_eth.o(i.ETH_Delay) for ETH_Delay
    apm32f4xx_eth.o(i.ETH_Config) refers to apm32f4xx_eth.o(i.ETH_ReadPHYRegister) for ETH_ReadPHYRegister
    apm32f4xx_eth.o(i.ETH_ConfigDMARxDescChain) refers to apm32f4xx_eth.o(.data) for DMARxDescToGet
    apm32f4xx_eth.o(i.ETH_ConfigDMARxDescChain) refers to apm32f4xx_eth.o(.bss) for RxFrameDescriptor
    apm32f4xx_eth.o(i.ETH_ConfigDMATxDescChain) refers to apm32f4xx_eth.o(.data) for DMATxDescToSet
    apm32f4xx_eth.o(i.ETH_ConfigMACAddressMaskBytesFilter) refers to apm32f4xx_eth.o(i.ETH_Delay) for ETH_Delay
    apm32f4xx_eth.o(i.ETH_ConfigWakeUpFrameFilterRegister) refers to apm32f4xx_eth.o(i.ETH_Delay) for ETH_Delay
    apm32f4xx_eth.o(i.ETH_DisableBackPressureActivation) refers to apm32f4xx_eth.o(i.ETH_Delay) for ETH_Delay
    apm32f4xx_eth.o(i.ETH_DisableDMAReceiver) refers to apm32f4xx_eth.o(i.ETH_Delay) for ETH_Delay
    apm32f4xx_eth.o(i.ETH_DisableDMATransmission) refers to apm32f4xx_eth.o(i.ETH_Delay) for ETH_Delay
    apm32f4xx_eth.o(i.ETH_DisableGlobalUnicastWakeUp) refers to apm32f4xx_eth.o(i.ETH_Delay) for ETH_Delay
[...]
    Removing apm32f4xx_usart.o(i.USART_EnableSmartCardNACK), (12 bytes).
    Removing apm32f4xx_usart.o(i.USART_ReadIntFlag), (62 bytes).
    Removing apm32f4xx_usart.o(i.USART_ReadStatusFlag), (16 bytes).
    Removing apm32f4xx_usart.o(i.USART_Reset), (164 bytes).
    Removing apm32f4xx_usart.o(i.USART_RxData), (10 bytes).
    Removing apm32f4xx_usart.o(i.USART_TxBreak), (12 bytes).
    Removing apm32f4xx_usart.o(i.USART_TxData), (10 bytes).
    Removing apm32f4xx_usb.o(.rev16_text), (4 bytes).
    Removing apm32f4xx_usb.o(.revsh_text), (4 bytes).
    Removing apm32f4xx_usb.o(.rrx_text), (6 bytes).
    Removing apm32f4xx_usb.o(i.USB_OTG_ClearGlobalIntFlag), (4 bytes).
    Removing apm32f4xx_usb.o(i.USB_OTG_ConfigMode), (106 bytes).
    Removing apm32f4xx_usb.o(i.USB_OTG_ConfigPHY), (10 bytes).
    Removing apm32f4xx_usb.o(i.USB_OTG_ConfigRxFifoSize), (10 bytes).
    Removing apm32f4xx_usb.o(i.USB_OTG_CoreReset), (74 bytes).
    Removing apm32f4xx_usb.o(i.USB_OTG_D_ClearInEpIntStatus), (26 bytes).
    Removing apm32f4xx_usb.o(i.USB_OTG_D_ClearOutEpIntStatus), (26 bytes).
    Removing apm32f4xx_usb.o(i.USB_OTG_D_ConfigDeviceAddress), (10 bytes).
    Removing apm32f4xx_usb.o(i.USB_OTG_D_ConfigDeviceSpeed), (10 bytes).
    Removing apm32f4xx_usb.o(i.USB_OTG_D_ConfigEP), (356 bytes).
    Removing apm32f4xx_usb.o(i.USB_OTG_D_ConfigPeriodicFrameInterval), (10 bytes).
    Removing apm32f4xx_usb.o(i.USB_OTG_D_ConfigSoftDisconnect), (26 bytes).
    Removing apm32f4xx_usb.o(i.USB_OTG_D_DisableAllEpInterrupt), (6 bytes).
    Removing apm32f4xx_usb.o(i.USB_OTG_D_DisableAllInEpInterrupt), (6 bytes).
    Removing apm32f4xx_usb.o(i.USB_OTG_D_DisableAllOutEpInterrupt), (6 bytes).
    Removing apm32f4xx_usb.o(i.USB_OTG_D_DisableInEp1Interrupt), (8 bytes).
    Removing apm32f4xx_usb.o(i.USB_OTG_D_DisableInEpEmptyInterrupt), (12 bytes).
    Removing apm32f4xx_usb.o(i.USB_OTG_D_DisableInEpInterrupt), (8 bytes).
    Removing apm32f4xx_usb.o(i.USB_OTG_D_DisableInEpInterruptMask), (20 bytes).
    Removing apm32f4xx_usb.o(i.USB_OTG_D_DisableOutEpInterrupt), (8 bytes).
    Removing apm32f4xx_usb.o(i.USB_OTG_D_DisableOutEpInterruptMask), (20 bytes).
    Removing apm32f4xx_usb.o(i.USB_OTG_D_DisableRemoteWakeupSignal), (10 bytes).
    Removing apm32f4xx_usb.o(i.USB_OTG_D_DisbleOutEp1Interrupt), (12 bytes).
    Removing apm32f4xx_usb.o(i.USB_OTG_D_EnableInEp1Interrupt), (8 bytes).
    Removing apm32f4xx_usb.o(i.USB_OTG_D_EnableInEpEmptyInterrupt), (12 bytes).
    Removing apm32f4xx_usb.o(i.USB_OTG_D_EnableInEpInterrupt), (8 bytes).
    Removing apm32f4xx_usb.o(i.USB_OTG_D_EnableInEpInterruptMask), (18 bytes).
    Removing apm32f4xx_usb.o(i.USB_OTG_D_EnableOutEp1Interrupt), (12 bytes).
    Removing apm32f4xx_usb.o(i.USB_OTG_D_EnableOutEpInterrupt), (8 bytes).
    Removing apm32f4xx_usb.o(i.USB_OTG_D_EnableOutEpInterruptMask), (20 bytes).
    Removing apm32f4xx_usb.o(i.USB_OTG_D_EnableRemoteWakeupSignal), (12 bytes).
    Removing apm32f4xx_usb.o(i.USB_OTG_D_ReadAllInEpIntNumber), (12 bytes).
    Removing apm32f4xx_usb.o(i.USB_OTG_D_ReadAllOutEpIntNumber), (14 bytes).
    Removing apm32f4xx_usb.o(i.USB_OTG_D_ReadEnumSpeed), (10 bytes).
    Removing apm32f4xx_usb.o(i.USB_OTG_D_ReadInEpIntStatus), (26 bytes).
    Removing apm32f4xx_usb.o(i.USB_OTG_D_ReadOutEpIntStatus), (30 bytes).
    Removing apm32f4xx_usb.o(i.USB_OTG_D_ResetEP), (514 bytes).
    Removing apm32f4xx_usb.o(i.USB_OTG_DisableAllGlobalInterrupt), (10 bytes).
    Removing apm32f4xx_usb.o(i.USB_OTG_DisableGlobalInterrupt), (8 bytes).
    Removing apm32f4xx_usb.o(i.USB_OTG_DisablePowerDown), (14 bytes).
    Removing apm32f4xx_usb.o(i.USB_OTG_EnableAllGlobalInterrupt), (12 bytes).
    Removing apm32f4xx_usb.o(i.USB_OTG_EnableDMA), (12 bytes).
    Removing apm32f4xx_usb.o(i.USB_OTG_EnableGlobalInterrupt), (8 bytes).
    Removing apm32f4xx_usb.o(i.USB_OTG_EnablePowerDown), (10 bytes).
    Removing apm32f4xx_usb.o(i.USB_OTG_FIFO_ReadRxFifoPacket), (58 bytes).
    Removing apm32f4xx_usb.o(i.USB_OTG_FIFO_WriteFifoPacket), (38 bytes).
    Removing apm32f4xx_usb.o(i.USB_OTG_FlushRxFIFO), (48 bytes).
    Removing apm32f4xx_usb.o(i.USB_OTG_FlushTxFIFO), (84 bytes).
    Removing apm32f4xx_usb.o(i.USB_OTG_H_ClearAllChannelIntFlag), (28 bytes).
    Removing apm32f4xx_usb.o(i.USB_OTG_H_ClearChannelIntFlag), (12 bytes).
    Removing apm32f4xx_usb.o(i.USB_OTG_H_ClearPenBitChangeFlag), (12 bytes).
    Removing apm32f4xx_usb.o(i.USB_OTG_H_ClearPortConnectIntTriFlag), (12 bytes).
    Removing apm32f4xx_usb.o(i.USB_OTG_H_ClearPovcBitChangeFlag), (12 bytes).
    Removing apm32f4xx_usb.o(i.USB_OTG_H_ConfigDMAAddr), (12 bytes).
    Removing apm32f4xx_usb.o(i.USB_OTG_H_ConfigDataPID), (28 bytes).
    Removing apm32f4xx_usb.o(i.USB_OTG_H_ConfigDeviceAddr), (28 bytes).
    Removing apm32f4xx_usb.o(i.USB_OTG_H_ConfigEpMaxPSize), (28 bytes).
    Removing apm32f4xx_usb.o(i.USB_OTG_H_ConfigEpNum), (28 bytes).
    Removing apm32f4xx_usb.o(i.USB_OTG_H_ConfigEpType), (28 bytes).
    Removing apm32f4xx_usb.o(i.USB_OTG_H_ConfigHostClk), (10 bytes).
    Removing apm32f4xx_usb.o(i.USB_OTG_H_ConfigPacketCount), (28 bytes).
    Removing apm32f4xx_usb.o(i.USB_OTG_H_ConfigTransferSize), (28 bytes).
    Removing apm32f4xx_usb.o(i.USB_OTG_H_DisableLowSpeedDevice), (26 bytes).
    Removing apm32f4xx_usb.o(i.USB_OTG_H_DisablePortPower), (10 bytes).
    Removing apm32f4xx_usb.o(i.USB_OTG_H_DriverVbus), (42 bytes).
    Removing apm32f4xx_usb.o(i.USB_OTG_H_EnableChannel), (54 bytes).
    Removing apm32f4xx_usb.o(i.USB_OTG_H_EnableLowSpeedDevice), (30 bytes).
    Removing apm32f4xx_usb.o(i.USB_OTG_H_EnablePortPower), (14 bytes).
    Removing apm32f4xx_usb.o(i.USB_OTG_H_PenBitIsChange), (10 bytes).
    Removing apm32f4xx_usb.o(i.USB_OTG_H_PortIsConnect), (10 bytes).
    Removing apm32f4xx_usb.o(i.USB_OTG_H_PortIsEnable), (10 bytes).
    Removing apm32f4xx_usb.o(i.USB_OTG_H_PovcBitIsChange), (10 bytes).
    Removing apm32f4xx_usb.o(i.USB_OTG_H_ReadAllChannelsIntFlag), (24 bytes).
    Removing apm32f4xx_usb.o(i.USB_OTG_H_ReadChannelIntFlag), (40 bytes).
    Removing apm32f4xx_usb.o(i.USB_OTG_H_ReadChannelStatus), (16 bytes).
    Removing apm32f4xx_usb.o(i.USB_OTG_H_ReadEpDirection), (18 bytes).
    Removing apm32f4xx_usb.o(i.USB_OTG_H_ReadEpType), (18 bytes).
    Removing apm32f4xx_usb.o(i.USB_OTG_H_ReadFrameNum), (8 bytes).
    Removing apm32f4xx_usb.o(i.USB_OTG_H_ReadPacketCount), (18 bytes).
    Removing apm32f4xx_usb.o(i.USB_OTG_H_ReadPortConnectIntTriFlag), (10 bytes).
    Removing apm32f4xx_usb.o(i.USB_OTG_H_ReadPortSpeedType), (10 bytes).
    Removing apm32f4xx_usb.o(i.USB_OTG_H_ReadTransferSize), (18 bytes).
    Removing apm32f4xx_usb.o(i.USB_OTG_H_ReadTxQueueRemainSpace), (10 bytes).
    Removing apm32f4xx_usb.o(i.USB_OTG_H_SetFrameInterval), (10 bytes).
    Removing apm32f4xx_usb.o(i.USB_OTG_H_TxUseEvenFrame), (26 bytes).
    Removing apm32f4xx_usb.o(i.USB_OTG_H_TxUseOddFrame), (30 bytes).
    Removing apm32f4xx_usb.o(i.USB_OTG_PopRxFifoStatus), (6 bytes).
    Removing apm32f4xx_usb.o(i.USB_OTG_ReadDMAStatus), (10 bytes).
    Removing apm32f4xx_usb.o(i.USB_OTG_ReadGlobalIntFlag), (22 bytes).
    Removing apm32f4xx_usb.o(i.USB_OTG_ReadInterrupts), (10 bytes).
    Removing apm32f4xx_usb.o(i.USB_OTG_ReadMode), (18 bytes).
    Removing apm32f4xx_usb.o(i.USB_OTG_SetBurstLenght), (10 bytes).
    Removing apm32f4xx_usb.o(i.USB_OTG_SetTurnaroundTime), (164 bytes).
    Removing apm32f4xx_usb_device.o(.rev16_text), (4 bytes).
    Removing apm32f4xx_usb_device.o(.revsh_text), (4 bytes).
    Removing apm32f4xx_usb_device.o(.rrx_text), (6 bytes).
    Removing apm32f4xx_usb_device.o(i.USBD_Config), (1092 bytes).
    Removing apm32f4xx_usb_device.o(i.USBD_ConnectCallback), (2 bytes).
    Removing apm32f4xx_usb_device.o(i.USBD_DataInStageCallback), (2 bytes).
    Removing apm32f4xx_usb_device.o(i.USBD_DataOutStageCallback), (2 bytes).
    Removing apm32f4xx_usb_device.o(i.USBD_DisconnectCallback), (2 bytes).
    Removing apm32f4xx_usb_device.o(i.USBD_EP0_OutHandler), (118 bytes).
    Removing apm32f4xx_usb_device.o(i.USBD_EP0_XferStart), (628 bytes).
    Removing apm32f4xx_usb_device.o(i.USBD_EP_ClearStall), (240 bytes).
    Removing apm32f4xx_usb_device.o(i.USBD_EP_Close), (84 bytes).
    Removing apm32f4xx_usb_device.o(i.USBD_EP_Flush), (32 bytes).
    Removing apm32f4xx_usb_device.o(i.USBD_EP_Open), (192 bytes).
    Removing apm32f4xx_usb_device.o(i.USBD_EP_OutSetupHandler), (14 bytes).
    Removing apm32f4xx_usb_device.o(i.USBD_EP_OutXferHandler), (236 bytes).
    Removing apm32f4xx_usb_device.o(i.USBD_EP_PushDataEmptyTxFifo), (152 bytes).
    Removing apm32f4xx_usb_device.o(i.USBD_EP_ReadRxDataLen), (18 bytes).
    Removing apm32f4xx_usb_device.o(i.USBD_EP_ReadStallStatus), (42 bytes).
    Removing apm32f4xx_usb_device.o(i.USBD_EP_Receive), (138 bytes).
    Removing apm32f4xx_usb_device.o(i.USBD_EP_Stall), (260 bytes).
    Removing apm32f4xx_usb_device.o(i.USBD_EP_Transfer), (140 bytes).
    Removing apm32f4xx_usb_device.o(i.USBD_EP_XferStart), (1038 bytes).
    Removing apm32f4xx_usb_device.o(i.USBD_EnumDoneCallback), (2 bytes).
    Removing apm32f4xx_usb_device.o(i.USBD_EnumDoneIsrHandler), (114 bytes).
    Removing apm32f4xx_usb_device.o(i.USBD_InEndpointIsrHandler), (262 bytes).
    Removing apm32f4xx_usb_device.o(i.USBD_IsoInInCompleteCallback), (2 bytes).
    Removing apm32f4xx_usb_device.o(i.USBD_IsoInInCompleteIsrHanlder), (26 bytes).
    Removing apm32f4xx_usb_device.o(i.USBD_IsoOutInCompleteCallback), (2 bytes).
    Removing apm32f4xx_usb_device.o(i.USBD_IsoOutInCompleteIsrHanlder), (26 bytes).
    Removing apm32f4xx_usb_device.o(i.USBD_NewSessionIsrHandler), (22 bytes).
    Removing apm32f4xx_usb_device.o(i.USBD_OTGIsrHandler), (36 bytes).
    Removing apm32f4xx_usb_device.o(i.USBD_OTG_ConfigDeviceTxFifo), (78 bytes).
    Removing apm32f4xx_usb_device.o(i.USBD_OTG_IsrHandler), (256 bytes).
    Removing apm32f4xx_usb_device.o(i.USBD_OutEndpointIsrHandler), (174 bytes).
    Removing apm32f4xx_usb_device.o(i.USBD_ResetIsrHandler), (278 bytes).
    Removing apm32f4xx_usb_device.o(i.USBD_ResumeCallback), (2 bytes).
    Removing apm32f4xx_usb_device.o(i.USBD_ResumeIsrHandler), (28 bytes).
    Removing apm32f4xx_usb_device.o(i.USBD_RxFifoNoEmptyIsrHandler), (188 bytes).
    Removing apm32f4xx_usb_device.o(i.USBD_SOFCallback), (2 bytes).
    Removing apm32f4xx_usb_device.o(i.USBD_SetDevAddress), (20 bytes).
    Removing apm32f4xx_usb_device.o(i.USBD_SetTestMode), (42 bytes).
    Removing apm32f4xx_usb_device.o(i.USBD_SetupStageCallback), (2 bytes).
    Removing apm32f4xx_usb_device.o(i.USBD_SofIsrHanlder), (20 bytes).
    Removing apm32f4xx_usb_device.o(i.USBD_Start), (66 bytes).
    Removing apm32f4xx_usb_device.o(i.USBD_Stop), (74 bytes).
    Removing apm32f4xx_usb_device.o(i.USBD_StopDevice), (74 bytes).
    Removing apm32f4xx_usb_device.o(i.USBD_SuspendCallback), (2 bytes).
    Removing apm32f4xx_usb_device.o(i.USBD_SuspendIsrHandler), (32 bytes).
    Removing apm32f4xx_usb_device.o(i.USBD_UserDelayCallback), (2 bytes).
    Removing apm32f4xx_usb_host.o(.rev16_text), (4 bytes).
    Removing apm32f4xx_usb_host.o(.revsh_text), (4 bytes).
    Removing apm32f4xx_usb_host.o(.rrx_text), (6 bytes).
    Removing apm32f4xx_usb_host.o(i.USBH_CloseChannel), (16 bytes).
    Removing apm32f4xx_usb_host.o(i.USBH_Config), (616 bytes).
    Removing apm32f4xx_usb_host.o(i.USBH_ConnectCallback), (2 bytes).
    Removing apm32f4xx_usb_host.o(i.USBH_DisconnectCallback), (2 bytes).
    Removing apm32f4xx_usb_host.o(i.USBH_DisconnectIsrHandler), (62 bytes).
    Removing apm32f4xx_usb_host.o(i.USBH_HardwareResetCallback), (2 bytes).
    Removing apm32f4xx_usb_host.o(i.USBH_HostChannelsIsrHandler), (80 bytes).
    Removing apm32f4xx_usb_host.o(i.USBH_HostPortIsrHandler), (270 bytes).
    Removing apm32f4xx_usb_host.o(i.USBH_IN_HostChannelIsrHandler), (1142 bytes).
    Removing apm32f4xx_usb_host.o(i.USBH_OTG_ChannelSubReq), (460 bytes).
    Removing apm32f4xx_usb_host.o(i.USBH_OTG_ConfigToggle), (50 bytes).
    Removing apm32f4xx_usb_host.o(i.USBH_OTG_IsrHandler), (224 bytes).
    Removing apm32f4xx_usb_host.o(i.USBH_OTG_OpenChannel), (592 bytes).
    Removing apm32f4xx_usb_host.o(i.USBH_OTG_ReadSpeed), (12 bytes).
    Removing apm32f4xx_usb_host.o(i.USBH_OTG_ReadToggle), (52 bytes).
    Removing apm32f4xx_usb_host.o(i.USBH_OTG_ReadUrbStatus), (18 bytes).
    Removing apm32f4xx_usb_host.o(i.USBH_OTG_ReadXferSize), (20 bytes).
    Removing apm32f4xx_usb_host.o(i.USBH_OTG_ResetHost), (50 bytes).
    Removing apm32f4xx_usb_host.o(i.USBH_OTG_StartHost), (20 bytes).
    Removing apm32f4xx_usb_host.o(i.USBH_OTG_StopHost), (298 bytes).
    Removing apm32f4xx_usb_host.o(i.USBH_OUT_HostChannelIsrHandler), (1216 bytes).
    Removing apm32f4xx_usb_host.o(i.USBH_PortDisableCallback), (2 bytes).
    Removing apm32f4xx_usb_host.o(i.USBH_PortEnableCallback), (2 bytes).
    Removing apm32f4xx_usb_host.o(i.USBH_Reset), (18 bytes).
    Removing apm32f4xx_usb_host.o(i.USBH_RxFifoNoEmptyIsrHandler), (296 bytes).
    Removing apm32f4xx_usb_host.o(i.USBH_SOFCallback), (2 bytes).
    Removing apm32f4xx_usb_host.o(i.USBH_UpdateUrbCallback), (2 bytes).
    Removing apm32f4xx_usb_host.o(i.USBH_UserDelayCallback), (2 bytes).
    Removing apm32f4xx_usb_host.o(i.USB_OTG_ChannelStartXfer), (374 bytes).
    Removing apm32f4xx_usb_host.o(i.USB_OTG_H_HaltChannel), (422 bytes).
    Removing apm32f4xx_wwdt.o(.rev16_text), (4 bytes).
    Removing apm32f4xx_wwdt.o(.revsh_text), (4 bytes).
    Removing apm32f4xx_wwdt.o(.rrx_text), (6 bytes).
    Removing apm32f4xx_wwdt.o(i.WWDT_ClearFlag), (20 bytes).
    Removing apm32f4xx_wwdt.o(i.WWDT_ConfigCounter), (20 bytes).
    Removing apm32f4xx_wwdt.o(i.WWDT_ConfigTimebase), (20 bytes).
    Removing apm32f4xx_wwdt.o(i.WWDT_ConfigWindowData), (20 bytes).
    Removing apm32f4xx_wwdt.o(i.WWDT_Enable), (16 bytes).
    Removing apm32f4xx_wwdt.o(i.WWDT_EnableEWI), (24 bytes).
    Removing apm32f4xx_wwdt.o(i.WWDT_ReadFlag), (16 bytes).
    Removing apm32f4xx_wwdt.o(i.WWDT_Reset), (20 bytes).
    Removing board.o(.rev16_text), (4 bytes).
    Removing board.o(.revsh_text), (4 bytes).
    Removing board.o(.rrx_text), (6 bytes).
    Removing board.o(i.BOARD_COMInit), (224 bytes).
    Removing board.o(i.BOARD_LEDInit), (84 bytes).
    Removing board.o(i.BOARD_LEDOff), (36 bytes).
    Removing board.o(i.BOARD_LEDOn), (36 bytes).
    Removing board.o(i.BOARD_LEDToggle), (36 bytes).
    Removing board.o(i.BOARD_PBGetState), (32 bytes).
    Removing board.o(i.BOARD_PBInit), (152 bytes).
    Removing board.o(.constdata), (76 bytes).
    Removing board.o(.data), (40 bytes).
    Removing apm32f4xx_int.o(.rev16_text), (4 bytes).
    Removing apm32f4xx_int.o(.revsh_text), (4 bytes).
    Removing apm32f4xx_int.o(.rrx_text), (6 bytes).
    Removing main.o(.rev16_text), (4 bytes).
    Removing main.o(.revsh_text), (4 bytes).
    Removing main.o(.rrx_text), (6 bytes).
    Removing fsmc_drv.o(.rev16_text), (4 bytes).
    Removing fsmc_drv.o(.revsh_text), (4 bytes).
    Removing fsmc_drv.o(.rrx_text), (6 bytes).
    Removing lan9252.o(.rev16_text), (4 bytes).
    Removing lan9252.o(.revsh_text), (4 bytes).
    Removing lan9252.o(.rrx_text), (6 bytes).
    Removing lan9252.o(i.lan9252_irq_handler), (50 bytes).
    Removing lan9252_hal.o(i.EEP_read), (6 bytes).
    Removing lan9252_hal.o(i.EEP_write), (6 bytes).
    Removing board_delay.o(.rev16_text), (4 bytes).
    Removing board_delay.o(.revsh_text), (4 bytes).
    Removing board_delay.o(.rrx_text), (6 bytes).
    Removing board_delay.o(i.BOARD_DelayConfig), (36 bytes).
    Removing board_delay.o(i.BOARD_DelayIRQHandler), (16 bytes).
    Removing board_delay.o(i.BOARD_DelayUs), (56 bytes).
    Removing ecat_slv.o(i.APP_safeoutput), (24 bytes).
    Removing ecat_slv.o(i.APP_setwatchdog), (16 bytes).
    Removing ecat_slv.o(i.DIG_process), (252 bytes).
    Removing ecat_slv.o(i.ESC_download_post_objecthandler), (40 bytes).
    Removing ecat_slv.o(i.ESC_download_pre_objecthandler), (116 bytes).
    Removing ecat_slv.o(i.ESC_upload_post_objecthandler), (40 bytes).
    Removing ecat_slv.o(i.ESC_upload_pre_objecthandler), (56 bytes).
    Removing ecat_slv.o(i.RXPDO_update), (64 bytes).
    Removing ecat_slv.o(i.TXPDO_update), (64 bytes).
    Removing ecat_slv.o(i.ecat_slv), (14 bytes).
    Removing ecat_slv.o(i.ecat_slv_init), (108 bytes).
    Removing ecat_slv.o(i.ecat_slv_poll), (80 bytes).
    Removing ecat_slv.o(i.ecat_slv_worker), (104 bytes).
    Removing ecat_slv.o(.bss), (2208 bytes).
    Removing ecat_slv.o(.data), (8 bytes).
    Removing esc.o(i.ESC_ALerror), (32 bytes).
    Removing esc.o(i.ESC_ALeventmaskread), (18 bytes).
    Removing esc.o(i.ESC_ALeventmaskwrite), (20 bytes).
    Removing esc.o(i.ESC_ALeventread), (18 bytes).
    Removing esc.o(i.ESC_ALeventwrite), (20 bytes).
    Removing esc.o(i.ESC_ALstatus), (32 bytes).
    Removing esc.o(i.ESC_ALstatusgotoerror), (128 bytes).
    Removing esc.o(i.ESC_SMack), (22 bytes).
    Removing esc.o(i.ESC_SMdisable), (48 bytes).
    Removing esc.o(i.ESC_SMenable), (48 bytes).
    Removing esc.o(i.ESC_SMreadpdi), (32 bytes).
    Removing esc.o(i.ESC_SMstatus), (32 bytes).
    Removing esc.o(i.ESC_SMwritepdi), (32 bytes).
    Removing esc.o(i.ESC_SYNC0cycletime), (22 bytes).
    Removing esc.o(i.ESC_SYNC1cycletime), (22 bytes).
    Removing esc.o(i.ESC_SYNCactivation), (20 bytes).
    Removing esc.o(i.ESC_WDstatus), (28 bytes).
    Removing esc.o(i.ESC_ackmbxread), (36 bytes).
    Removing esc.o(i.ESC_address), (36 bytes).
    Removing esc.o(i.ESC_checkDC), (60 bytes).
    Removing esc.o(i.ESC_checkSM23), (260 bytes).
    Removing esc.o(i.ESC_check_id_request), (68 bytes).
    Removing esc.o(i.ESC_checkmbx), (220 bytes).
    Removing esc.o(i.ESC_claimbuffer), (144 bytes).
    Removing esc.o(i.ESC_config), (188 bytes).
    Removing esc.o(i.ESC_load_device_id), (64 bytes).
    Removing esc.o(i.ESC_mbxprocess), (520 bytes).
    Removing esc.o(i.ESC_outreqbuffer), (28 bytes).
    Removing esc.o(i.ESC_readmbx), (132 bytes).
    Removing esc.o(i.ESC_sm_act_event), (280 bytes).
    Removing esc.o(i.ESC_startinput), (200 bytes).
    Removing esc.o(i.ESC_startmbx), (140 bytes).
    Removing esc.o(i.ESC_startmbxboot), (140 bytes).
    Removing esc.o(i.ESC_startoutput), (48 bytes).
    Removing esc.o(i.ESC_state), (792 bytes).
    Removing esc.o(i.ESC_stopinput), (60 bytes).
    Removing esc.o(i.ESC_stopmbx), (108 bytes).
    Removing esc.o(i.ESC_stopoutput), (40 bytes).
    Removing esc.o(i.ESC_writembx), (116 bytes).
    Removing esc.o(i.ESC_xoeprocess), (80 bytes).
    Removing esc.o(i.MBX_error), (64 bytes).
    Removing esc.o(.data), (32 bytes).
    Removing esc_coe.o(i.COE_bitsliceGet), (170 bytes).
    Removing esc_coe.o(i.COE_bitsliceSet), (274 bytes).
    Removing esc_coe.o(i.COE_getValue), (192 bytes).
    Removing esc_coe.o(i.COE_initDefaultValues), (140 bytes).
    Removing esc_coe.o(i.COE_maxSub), (68 bytes).
    Removing esc_coe.o(i.COE_pdoPack), (168 bytes).
    Removing esc_coe.o(i.COE_pdoUnpack), (168 bytes).
    Removing esc_coe.o(i.COE_setValue), (142 bytes).
    Removing esc_coe.o(i.ESC_coeprocess), (352 bytes).
    Removing esc_coe.o(i.SDO_abort), (92 bytes).
    Removing esc_coe.o(i.SDO_download), (680 bytes).
    Removing esc_coe.o(i.SDO_download_complete_access), (520 bytes).
    Removing esc_coe.o(i.SDO_downloadsegment), (400 bytes).
    Removing esc_coe.o(i.SDO_findobject), (48 bytes).
    Removing esc_coe.o(i.SDO_findsubindex), (92 bytes).
    Removing esc_coe.o(i.SDO_geted), (304 bytes).
    Removing esc_coe.o(i.SDO_getod), (356 bytes).
    Removing esc_coe.o(i.SDO_getodlist), (404 bytes).
    Removing esc_coe.o(i.SDO_getodlistcont), (256 bytes).
    Removing esc_coe.o(i.SDO_infoerror), (108 bytes).
    Removing esc_coe.o(i.SDO_upload), (716 bytes).
    Removing esc_coe.o(i.SDO_upload_complete_access), (520 bytes).
    Removing esc_coe.o(i.SDO_uploadsegment), (272 bytes).
    Removing esc_coe.o(i.complete_access_get_variables), (96 bytes).
    Removing esc_coe.o(i.complete_access_subindex_loop), (500 bytes).
    Removing esc_coe.o(i.copy2mbx), (20 bytes).
    Removing esc_coe.o(i.init_coesdo), (38 bytes).
    Removing esc_coe.o(i.set_state_idle), (52 bytes).
    Removing esc_coe.o(i.sizeOfPDO), (476 bytes).
    Removing esc_eep.o(i.EEP_process), (388 bytes).
    Removing esc_eep.o(i.EEP_set_read_size), (20 bytes).
    Removing esc_eep.o(i.EEP_set_reload_function_pointer), (12 bytes).
    Removing esc_eep.o(.data), (16 bytes).
    Removing esc_eoe.o(i.EOE_config), (12 bytes).
    Removing esc_eoe.o(i.EOE_ecat_get_dns_ip), (116 bytes).
    Removing esc_eoe.o(i.EOE_ecat_get_dns_name), (80 bytes).
    Removing esc_eoe.o(i.EOE_ecat_get_gateway), (116 bytes).
    Removing esc_eoe.o(i.EOE_ecat_get_ip), (116 bytes).
    Removing esc_eoe.o(i.EOE_ecat_get_mac), (96 bytes).
    Removing esc_eoe.o(i.EOE_ecat_get_subnet), (116 bytes).
    Removing esc_eoe.o(i.EOE_ecat_set_dns_ip), (92 bytes).
    Removing esc_eoe.o(i.EOE_ecat_set_dns_name), (88 bytes).
    Removing esc_eoe.o(i.EOE_ecat_set_gateway), (92 bytes).
    Removing esc_eoe.o(i.EOE_ecat_set_ip), (92 bytes).
    Removing esc_eoe.o(i.EOE_ecat_set_mac), (52 bytes).
    Removing esc_eoe.o(i.EOE_ecat_set_subnet), (92 bytes).
    Removing esc_eoe.o(i.EOE_get_ip), (468 bytes).
    Removing esc_eoe.o(i.EOE_init), (12 bytes).
    Removing esc_eoe.o(i.EOE_init_rx), (48 bytes).
    Removing esc_eoe.o(i.EOE_init_tx), (64 bytes).
    Removing esc_eoe.o(i.EOE_ip_byte_to_uint32), (108 bytes).
    Removing esc_eoe.o(i.EOE_ip_uint32_to_byte), (18 bytes).
    Removing esc_eoe.o(i.EOE_no_data_response), (72 bytes).
    Removing esc_eoe.o(i.EOE_receive_fragment), (260 bytes).
    Removing esc_eoe.o(i.EOE_send_fragment), (348 bytes).
    Removing esc_eoe.o(i.EOE_set_ip), (520 bytes).
    Removing esc_eoe.o(i.ESC_eoeprocess), (184 bytes).
    Removing esc_eoe.o(i.ESC_eoeprocess_tx), (24 bytes).
    Removing esc_eoe.o(.bss), (104 bytes).
    Removing esc_eoe.o(.data), (5 bytes).
    Removing esc_foe.o(i.ESC_foeprocess), (148 bytes).
    Removing esc_foe.o(i.FOE_abort), (72 bytes).
    Removing esc_foe.o(i.FOE_config), (12 bytes).
    Removing esc_foe.o(i.FOE_data), (204 bytes).
    Removing esc_foe.o(i.FOE_error), (10 bytes).
    Removing esc_foe.o(i.FOE_fclose), (68 bytes).
    Removing esc_foe.o(i.FOE_fopen), (248 bytes).
    Removing esc_foe.o(i.FOE_fwrite), (176 bytes).
    Removing esc_foe.o(i.FOE_init), (20 bytes).
    Removing esc_foe.o(i.FOE_send_ack), (88 bytes).
    Removing esc_foe.o(i.FOE_write), (96 bytes).
    Removing esc_foe.o(.bss), (52 bytes).
    Removing esc_foe.o(.data), (8 bytes).
    Removing cc.o(i.ccitt_crc16), (66 bytes).
    Removing esc_hw.o(i.ESC_init), (2 bytes).
    Removing esc_hw.o(i.ESC_read), (152 bytes).
    Removing esc_hw.o(i.ESC_read_csr), (96 bytes).
    Removing esc_hw.o(i.ESC_read_pram), (324 bytes).
    Removing esc_hw.o(i.ESC_reset), (48 bytes).
    Removing esc_hw.o(i.ESC_write), (152 bytes).
    Removing esc_hw.o(i.ESC_write_csr), (94 bytes).
    Removing esc_hw.o(i.ESC_write_pram), (332 bytes).
    Removing esc_hw.o(i.__aeabi_assert), (4 bytes).
    Removing esc_hw.o(i.lan9252_read_32), (12 bytes).
    Removing esc_hw.o(i.lan9252_read_buffer), (80 bytes).
    Removing esc_hw.o(i.lan9252_write_32), (16 bytes).
    Removing esc_hw.o(i.lan9252_write_buffer), (84 bytes).
    Removing esc_hw.o(.bss), (512 bytes).
    Removing application.o(i.app_init), (10 bytes).
    Removing application.o(i.cb_get_inputs), (20 bytes).
    Removing application.o(i.cb_set_outputs), (20 bytes).
    Removing application.o(.bss), (256 bytes).
    Removing objectlist.o(.constdata), (196 bytes).
    Removing objectlist.o(.conststring), (95 bytes).
    Removing objectlist.o(.data), (1 bytes).

1292 unused section(s) (total 101673 bytes) removed from the image.

==============================================================================

Image Symbol Table

    Local Symbols

    Symbol Name                              Value     Ov Type        Size  Object(Section)

    ../clib/angel/boardlib.s                 0x00000000   Number         0  boardinit2.o ABSOLUTE
    ../clib/angel/boardlib.s                 0x00000000   Number         0  boardshut.o ABSOLUTE
    ../clib/angel/boardlib.s                 0x00000000   Number         0  boardinit1.o ABSOLUTE
    ../clib/angel/boardlib.s                 0x00000000   Number         0  boardinit3.o ABSOLUTE
    ../clib/angel/handlers.s                 0x00000000   Number         0  __scatter_copy.o ABSOLUTE
    ../clib/angel/handlers.s                 0x00000000   Number         0  __scatter_zi.o ABSOLUTE
    ../clib/angel/kernel.s                   0x00000000   Number         0  rtexit2.o ABSOLUTE
    ../clib/angel/kernel.s                   0x00000000   Number         0  rtexit.o ABSOLUTE
    ../clib/angel/kernel.s                   0x00000000   Number         0  __rtentry4.o ABSOLUTE
    ../clib/angel/kernel.s                   0x00000000   Number         0  __rtentry.o ABSOLUTE
    ../clib/angel/kernel.s                   0x00000000   Number         0  __rtentry2.o ABSOLUTE
    ../clib/angel/rt.s                       0x00000000   Number         0  rt_raise.o ABSOLUTE
    ../clib/angel/scatter.s                  0x00000000   Number         0  __scatter.o ABSOLUTE
    ../clib/angel/startup.s                  0x00000000   Number         0  __main.o ABSOLUTE
    ../clib/angel/sys.s                      0x00000000   Number         0  libspace.o ABSOLUTE
    ../clib/angel/sys.s                      0x00000000   Number         0  indicate_semi.o ABSOLUTE
    ../clib/angel/sys.s                      0x00000000   Number         0  sys_stackheap_outer.o ABSOLUTE
    ../clib/angel/sys.s                      0x00000000   Number         0  use_no_semi.o ABSOLUTE
    ../clib/angel/sysapp.c                   0x00000000   Number         0  sys_exit.o ABSOLUTE
    ../clib/angel/sysapp.c                   0x00000000   Number         0  sys_wrch.o ABSOLUTE
    ../clib/angel/sysapp.c                   0x00000000   Number         0  sys_command.o ABSOLUTE
    ../clib/armsys.c                         0x00000000   Number         0  argv_veneer.o ABSOLUTE
    ../clib/armsys.c                         0x00000000   Number         0  argv_veneer.o ABSOLUTE
    ../clib/armsys.c                         0x00000000   Number         0  no_argv.o ABSOLUTE
    ../clib/armsys.c                         0x00000000   Number         0  _get_argv_nomalloc.o ABSOLUTE
    ../clib/heapalloc.c                      0x00000000   Number         0  hrguard.o ABSOLUTE
    ../clib/heapaux.c                        0x00000000   Number         0  heapauxi.o ABSOLUTE
    ../clib/libinit.s                        0x00000000   Number         0  libinit2.o ABSOLUTE
    ../clib/libinit.s                        0x00000000   Number         0  libinit.o ABSOLUTE
    ../clib/libinit.s                        0x00000000   Number         0  libshutdown2.o ABSOLUTE
    ../clib/libinit.s                        0x00000000   Number         0  libshutdown.o ABSOLUTE
    ../clib/longlong.s                       0x00000000   Number         0  llshl.o ABSOLUTE
    ../clib/longlong.s                       0x00000000   Number         0  llushr.o ABSOLUTE
    ../clib/memcpset.s                       0x00000000   Number         0  rt_memclr.o ABSOLUTE
    ../clib/memcpset.s                       0x00000000   Number         0  rt_memcpy_w.o ABSOLUTE
    ../clib/memcpset.s                       0x00000000   Number         0  rt_memcpy_v6.o ABSOLUTE
    ../clib/memcpset.s                       0x00000000   Number         0  rt_memclr_w.o ABSOLUTE
    ../clib/signal.c                         0x00000000   Number         0  defsig_fpe_inner.o ABSOLUTE
    ../clib/signal.c                         0x00000000   Number         0  defsig_rtred_inner.o ABSOLUTE
    ../clib/signal.c                         0x00000000   Number         0  defsig_rtmem_inner.o ABSOLUTE
    ../clib/signal.c                         0x00000000   Number         0  defsig_exit.o ABSOLUTE
    ../clib/signal.c                         0x00000000   Number         0  defsig_stak_inner.o ABSOLUTE
    ../clib/signal.c                         0x00000000   Number         0  defsig_cppl_inner.o ABSOLUTE
    ../clib/signal.c                         0x00000000   Number         0  defsig_rtmem_formal.o ABSOLUTE
    ../clib/signal.c                         0x00000000   Number         0  defsig_rtmem_outer.o ABSOLUTE
    ../clib/signal.c                         0x00000000   Number         0  defsig_segv_inner.o ABSOLUTE
    ../clib/signal.c                         0x00000000   Number         0  defsig_other.o ABSOLUTE
    ../clib/signal.c                         0x00000000   Number         0  defsig_general.o ABSOLUTE
    ../clib/signal.c                         0x00000000   Number         0  defsig_pvfn_inner.o ABSOLUTE
    ../clib/signal.c                         0x00000000   Number         0  __raise.o ABSOLUTE
    ../clib/signal.c                         0x00000000   Number         0  defsig_abrt_inner.o ABSOLUTE
    ../clib/signal.s                         0x00000000   Number         0  defsig.o ABSOLUTE
    ../clib/stdlib.c                         0x00000000   Number         0  exit.o ABSOLUTE
    ../clib/string.c                         0x00000000   Number         0  strncmp.o ABSOLUTE
    ../fplib/fpinit.s                        0x00000000   Number         0  fpinit.o ABSOLUTE
    ..\..\..\..\..\..\Boards\Board.c         0x00000000   Number         0  board.o ABSOLUTE
    ..\..\..\..\..\..\Libraries\APM32F4xx_StdPeriphDriver\src\apm32f4xx_adc.c 0x00000000   Number         0  apm32f4xx_adc.o ABSOLUTE
    ..\..\..\..\..\..\Libraries\APM32F4xx_StdPeriphDriver\src\apm32f4xx_can.c 0x00000000   Number         0  apm32f4xx_can.o ABSOLUTE
    ..\..\..\..\..\..\Libraries\APM32F4xx_StdPeriphDriver\src\apm32f4xx_crc.c 0x00000000   Number         0  apm32f4xx_crc.o ABSOLUTE
    ..\..\..\..\..\..\Libraries\APM32F4xx_StdPeriphDriver\src\apm32f4xx_cryp.c 0x00000000   Number         0  apm32f4xx_cryp.o ABSOLUTE
    ..\..\..\..\..\..\Libraries\APM32F4xx_StdPeriphDriver\src\apm32f4xx_cryp_aes.c 0x00000000   Number         0  apm32f4xx_cryp_aes.o ABSOLUTE
    ..\..\..\..\..\..\Libraries\APM32F4xx_StdPeriphDriver\src\apm32f4xx_cryp_des.c 0x00000000   Number         0  apm32f4xx_cryp_des.o ABSOLUTE
    ..\..\..\..\..\..\Libraries\APM32F4xx_StdPeriphDriver\src\apm32f4xx_cryp_tdes.c 0x00000000   Number         0  apm32f4xx_cryp_tdes.o ABSOLUTE
    ..\..\..\..\..\..\Libraries\APM32F4xx_StdPeriphDriver\src\apm32f4xx_dac.c 0x00000000   Number         0  apm32f4xx_dac.o ABSOLUTE
    ..\..\..\..\..\..\Libraries\APM32F4xx_StdPeriphDriver\src\apm32f4xx_dbgmcu.c 0x00000000   Number         0  apm32f4xx_dbgmcu.o ABSOLUTE
    ..\..\..\..\..\..\Libraries\APM32F4xx_StdPeriphDriver\src\apm32f4xx_dci.c 0x00000000   Number         0  apm32f4xx_dci.o ABSOLUTE
    ..\..\..\..\..\..\Libraries\APM32F4xx_StdPeriphDriver\src\apm32f4xx_dma.c 0x00000000   Number         0  apm32f4xx_dma.o ABSOLUTE
    ..\..\..\..\..\..\Libraries\APM32F4xx_StdPeriphDriver\src\apm32f4xx_dmc.c 0x00000000   Number         0  apm32f4xx_dmc.o ABSOLUTE
    ..\..\..\..\..\..\Libraries\APM32F4xx_StdPeriphDriver\src\apm32f4xx_eint.c 0x00000000   Number         0  apm32f4xx_eint.o ABSOLUTE
    ..\..\..\..\..\..\Libraries\APM32F4xx_StdPeriphDriver\src\apm32f4xx_eth.c 0x00000000   Number         0  apm32f4xx_eth.o ABSOLUTE
    ..\..\..\..\..\..\Libraries\APM32F4xx_StdPeriphDriver\src\apm32f4xx_fmc.c 0x00000000   Number         0  apm32f4xx_fmc.o ABSOLUTE
    ..\..\..\..\..\..\Libraries\APM32F4xx_StdPeriphDriver\src\apm32f4xx_gpio.c 0x00000000   Number         0  apm32f4xx_gpio.o ABSOLUTE
    ..\..\..\..\..\..\Libraries\APM32F4xx_StdPeriphDriver\src\apm32f4xx_hash.c 0x00000000   Number         0  apm32f4xx_hash.o ABSOLUTE
    ..\..\..\..\..\..\Libraries\APM32F4xx_StdPeriphDriver\src\apm32f4xx_hash_md5.c 0x00000000   Number         0  apm32f4xx_hash_md5.o ABSOLUTE
    ..\..\..\..\..\..\Libraries\APM32F4xx_StdPeriphDriver\src\apm32f4xx_hash_sha1.c 0x00000000   Number         0  apm32f4xx_hash_sha1.o ABSOLUTE
    ..\..\..\..\..\..\Libraries\APM32F4xx_StdPeriphDriver\src\apm32f4xx_i2c.c 0x00000000   Number         0  apm32f4xx_i2c.o ABSOLUTE
    ..\..\..\..\..\..\Libraries\APM32F4xx_StdPeriphDriver\src\apm32f4xx_iwdt.c 0x00000000   Number         0  apm32f4xx_iwdt.o ABSOLUTE
    ..\..\..\..\..\..\Libraries\APM32F4xx_StdPeriphDriver\src\apm32f4xx_misc.c 0x00000000   Number         0  apm32f4xx_misc.o ABSOLUTE
    ..\..\..\..\..\..\Libraries\APM32F4xx_StdPeriphDriver\src\apm32f4xx_pmu.c 0x00000000   Number         0  apm32f4xx_pmu.o ABSOLUTE
    ..\..\..\..\..\..\Libraries\APM32F4xx_StdPeriphDriver\src\apm32f4xx_rcm.c 0x00000000   Number         0  apm32f4xx_rcm.o ABSOLUTE
    ..\..\..\..\..\..\Libraries\APM32F4xx_StdPeriphDriver\src\apm32f4xx_rng.c 0x00000000   Number         0  apm32f4xx_rng.o ABSOLUTE
    ..\..\..\..\..\..\Libraries\APM32F4xx_StdPeriphDriver\src\apm32f4xx_rtc.c 0x00000000   Number         0  apm32f4xx_rtc.o ABSOLUTE
    ..\..\..\..\..\..\Libraries\APM32F4xx_StdPeriphDriver\src\apm32f4xx_sdio.c 0x00000000   Number         0  apm32f4xx_sdio.o ABSOLUTE
    ..\..\..\..\..\..\Libraries\APM32F4xx_StdPeriphDriver\src\apm32f4xx_smc.c 0x00000000   Number         0  apm32f4xx_smc.o ABSOLUTE
    ..\..\..\..\..\..\Libraries\APM32F4xx_StdPeriphDriver\src\apm32f4xx_spi.c 0x00000000   Number         0  apm32f4xx_spi.o ABSOLUTE
    ..\..\..\..\..\..\Libraries\APM32F4xx_StdPeriphDriver\src\apm32f4xx_syscfg.c 0x00000000   Number         0  apm32f4xx_syscfg.o ABSOLUTE
    ..\..\..\..\..\..\Libraries\APM32F4xx_StdPeriphDriver\src\apm32f4xx_tmr.c 0x00000000   Number         0  apm32f4xx_tmr.o ABSOLUTE
    ..\..\..\..\..\..\Libraries\APM32F4xx_StdPeriphDriver\src\apm32f4xx_usart.c 0x00000000   Number         0  apm32f4xx_usart.o ABSOLUTE
    ..\..\..\..\..\..\Libraries\APM32F4xx_StdPeriphDriver\src\apm32f4xx_usb.c 0x00000000   Number         0  apm32f4xx_usb.o ABSOLUTE
    ..\..\..\..\..\..\Libraries\APM32F4xx_StdPeriphDriver\src\apm32f4xx_usb_device.c 0x00000000   Number         0  apm32f4xx_usb_device.o ABSOLUTE
    ..\..\..\..\..\..\Libraries\APM32F4xx_StdPeriphDriver\src\apm32f4xx_usb_host.c 0x00000000   Number         0  apm32f4xx_usb_host.o ABSOLUTE
    ..\..\..\..\..\..\Libraries\APM32F4xx_StdPeriphDriver\src\apm32f4xx_wwdt.c 0x00000000   Number         0  apm32f4xx_wwdt.o ABSOLUTE
    ..\..\Source\apm32f4xx_int.c             0x00000000   Number         0  apm32f4xx_int.o ABSOLUTE
    ..\..\Source\main.c                      0x00000000   Number         0  main.o ABSOLUTE
    ..\..\Source\system_apm32f4xx.c          0x00000000   Number         0  system_apm32f4xx.o ABSOLUTE
    ..\\..\\..\\..\\..\\..\\Boards\\Board.c  0x00000000   Number         0  board.o ABSOLUTE
    ..\\..\\..\\..\\..\\..\\Libraries\\APM32F4xx_StdPeriphDriver\\src\\apm32f4xx_adc.c 0x00000000   Number         0  apm32f4xx_adc.o ABSOLUTE
    ..\\..\\..\\..\\..\\..\\Libraries\\APM32F4xx_StdPeriphDriver\\src\\apm32f4xx_can.c 0x00000000   Number         0  apm32f4xx_can.o ABSOLUTE
    ..\\..\\..\\..\\..\\..\\Libraries\\APM32F4xx_StdPeriphDriver\\src\\apm32f4xx_crc.c 0x00000000   Number         0  apm32f4xx_crc.o ABSOLUTE
    ..\\..\\..\\..\\..\\..\\Libraries\\APM32F4xx_StdPeriphDriver\\src\\apm32f4xx_cryp.c 0x00000000   Number         0  apm32f4xx_cryp.o ABSOLUTE
    ..\\..\\..\\..\\..\\..\\Libraries\\APM32F4xx_StdPeriphDriver\\src\\apm32f4xx_cryp_aes.c 0x00000000   Number         0  apm32f4xx_cryp_aes.o ABSOLUTE
    ..\\..\\..\\..\\..\\..\\Libraries\\APM32F4xx_StdPeriphDriver\\src\\apm32f4xx_cryp_des.c 0x00000000   Number         0  apm32f4xx_cryp_des.o ABSOLUTE
    ..\\..\\..\\..\\..\\..\\Libraries\\APM32F4xx_StdPeriphDriver\\src\\apm32f4xx_cryp_tdes.c 0x00000000   Number         0  apm32f4xx_cryp_tdes.o ABSOLUTE
    ..\\..\\..\\..\\..\\..\\Libraries\\APM32F4xx_StdPeriphDriver\\src\\apm32f4xx_dac.c 0x00000000   Number         0  apm32f4xx_dac.o ABSOLUTE
    ..\\..\\..\\..\\..\\..\\Libraries\\APM32F4xx_StdPeriphDriver\\src\\apm32f4xx_dbgmcu.c 0x00000000   Number         0  apm32f4xx_dbgmcu.o ABSOLUTE
    ..\\..\\..\\..\\..\\..\\Libraries\\APM32F4xx_StdPeriphDriver\\src\\apm32f4xx_dci.c 0x00000000   Number         0  apm32f4xx_dci.o ABSOLUTE
    ..\\..\\..\\..\\..\\..\\Libraries\\APM32F4xx_StdPeriphDriver\\src\\apm32f4xx_dma.c 0x00000000   Number         0  apm32f4xx_dma.o ABSOLUTE
    ..\\..\\..\\..\\..\\..\\Libraries\\APM32F4xx_StdPeriphDriver\\src\\apm32f4xx_dmc.c 0x00000000   Number         0  apm32f4xx_dmc.o ABSOLUTE
    ..\\..\\..\\..\\..\\..\\Libraries\\APM32F4xx_StdPeriphDriver\\src\\apm32f4xx_eint.c 0x00000000   Number         0  apm32f4xx_eint.o ABSOLUTE
    ..\\..\\..\\..\\..\\..\\Libraries\\APM32F4xx_StdPeriphDriver\\src\\apm32f4xx_eth.c 0x00000000   Number         0  apm32f4xx_eth.o ABSOLUTE
    ..\\..\\..\\..\\..\\..\\Libraries\\APM32F4xx_StdPeriphDriver\\src\\apm32f4xx_fmc.c 0x00000000   Number         0  apm32f4xx_fmc.o ABSOLUTE
    ..\\..\\..\\..\\..\\..\\Libraries\\APM32F4xx_StdPeriphDriver\\src\\apm32f4xx_gpio.c 0x00000000   Number         0  apm32f4xx_gpio.o ABSOLUTE
    ..\\..\\..\\..\\..\\..\\Libraries\\APM32F4xx_StdPeriphDriver\\src\\apm32f4xx_hash.c 0x00000000   Number         0  apm32f4xx_hash.o ABSOLUTE
    ..\\..\\..\\..\\..\\..\\Libraries\\APM32F4xx_StdPeriphDriver\\src\\apm32f4xx_hash_md5.c 0x00000000   Number         0  apm32f4xx_hash_md5.o ABSOLUTE
    ..\\..\\..\\..\\..\\..\\Libraries\\APM32F4xx_StdPeriphDriver\\src\\apm32f4xx_hash_sha1.c 0x00000000   Number         0  apm32f4xx_hash_sha1.o ABSOLUTE
    ..\\..\\..\\..\\..\\..\\Libraries\\APM32F4xx_StdPeriphDriver\\src\\apm32f4xx_i2c.c 0x00000000   Number         0  apm32f4xx_i2c.o ABSOLUTE
    ..\\..\\..\\..\\..\\..\\Libraries\\APM32F4xx_StdPeriphDriver\\src\\apm32f4xx_iwdt.c 0x00000000   Number         0  apm32f4xx_iwdt.o ABSOLUTE
    ..\\..\\..\\..\\..\\..\\Libraries\\APM32F4xx_StdPeriphDriver\\src\\apm32f4xx_misc.c 0x00000000   Number         0  apm32f4xx_misc.o ABSOLUTE
    ..\\..\\..\\..\\..\\..\\Libraries\\APM32F4xx_StdPeriphDriver\\src\\apm32f4xx_pmu.c 0x00000000   Number         0  apm32f4xx_pmu.o ABSOLUTE
    ..\\..\\..\\..\\..\\..\\Libraries\\APM32F4xx_StdPeriphDriver\\src\\apm32f4xx_rcm.c 0x00000000   Number         0  apm32f4xx_rcm.o ABSOLUTE
    ..\\..\\..\\..\\..\\..\\Libraries\\APM32F4xx_StdPeriphDriver\\src\\apm32f4xx_rng.c 0x00000000   Number         0  apm32f4xx_rng.o ABSOLUTE
    ..\\..\\..\\..\\..\\..\\Libraries\\APM32F4xx_StdPeriphDriver\\src\\apm32f4xx_rtc.c 0x00000000   Number         0  apm32f4xx_rtc.o ABSOLUTE
    ..\\..\\..\\..\\..\\..\\Libraries\\APM32F4xx_StdPeriphDriver\\src\\apm32f4xx_sdio.c 0x00000000   Number         0  apm32f4xx_sdio.o ABSOLUTE
    ..\\..\\..\\..\\..\\..\\Libraries\\APM32F4xx_StdPeriphDriver\\src\\apm32f4xx_smc.c 0x00000000   Number         0  apm32f4xx_smc.o ABSOLUTE
    ..\\..\\..\\..\\..\\..\\Libraries\\APM32F4xx_StdPeriphDriver\\src\\apm32f4xx_spi.c 0x00000000   Number         0  apm32f4xx_spi.o ABSOLUTE
    ..\\..\\..\\..\\..\\..\\Libraries\\APM32F4xx_StdPeriphDriver\\src\\apm32f4xx_syscfg.c 0x00000000   Number         0  apm32f4xx_syscfg.o ABSOLUTE
    ..\\..\\..\\..\\..\\..\\Libraries\\APM32F4xx_StdPeriphDriver\\src\\apm32f4xx_tmr.c 0x00000000   Number         0  apm32f4xx_tmr.o ABSOLUTE
    ..\\..\\..\\..\\..\\..\\Libraries\\APM32F4xx_StdPeriphDriver\\src\\apm32f4xx_usart.c 0x00000000   Number         0  apm32f4xx_usart.o ABSOLUTE
    ..\\..\\..\\..\\..\\..\\Libraries\\APM32F4xx_StdPeriphDriver\\src\\apm32f4xx_usb.c 0x00000000   Number         0  apm32f4xx_usb.o ABSOLUTE
    ..\\..\\..\\..\\..\\..\\Libraries\\APM32F4xx_StdPeriphDriver\\src\\apm32f4xx_usb_device.c 0x00000000   Number         0  apm32f4xx_usb_device.o ABSOLUTE
    ..\\..\\..\\..\\..\\..\\Libraries\\APM32F4xx_StdPeriphDriver\\src\\apm32f4xx_usb_host.c 0x00000000   Number         0  apm32f4xx_usb_host.o ABSOLUTE
    ..\\..\\..\\..\\..\\..\\Libraries\\APM32F4xx_StdPeriphDriver\\src\\apm32f4xx_wwdt.c 0x00000000   Number         0  apm32f4xx_wwdt.o ABSOLUTE
    ..\\..\\Source\\apm32f4xx_int.c          0x00000000   Number         0  apm32f4xx_int.o ABSOLUTE
    ..\\..\\Source\\main.c                   0x00000000   Number         0  main.o ABSOLUTE
    ..\\..\\Source\\system_apm32f4xx.c       0x00000000   Number         0  system_apm32f4xx.o ABSOLUTE
    Drivers\\fsmc_drv.c                      0x00000000   Number         0  fsmc_drv.o ABSOLUTE
    Drivers\\lan9252.c                       0x00000000   Number         0  lan9252.o ABSOLUTE
    Drivers\fsmc_drv.c                       0x00000000   Number         0  fsmc_drv.o ABSOLUTE
    Drivers\lan9252.c                        0x00000000   Number         0  lan9252.o ABSOLUTE
    Drivers\lan9252_hal.c                    0x00000000   Number         0  lan9252_hal.o ABSOLUTE
    SOES\hal\esc_hw.c                        0x00000000   Number         0  esc_hw.o ABSOLUTE
    SOES\src\application.c                   0x00000000   Number         0  application.o ABSOLUTE
    SOES\src\cc.c                            0x00000000   Number         0  cc.o ABSOLUTE
    SOES\src\ecat_slv.c                      0x00000000   Number         0  ecat_slv.o ABSOLUTE
    SOES\src\esc.c                           0x00000000   Number         0  esc.o ABSOLUTE
    SOES\src\esc_coe.c                       0x00000000   Number         0  esc_coe.o ABSOLUTE
    SOES\src\esc_eep.c                       0x00000000   Number         0  esc_eep.o ABSOLUTE
    SOES\src\esc_eoe.c                       0x00000000   Number         0  esc_eoe.o ABSOLUTE
    SOES\src\esc_foe.c                       0x00000000   Number         0  esc_foe.o ABSOLUTE
    SOES\src\objectlist.c                    0x00000000   Number         0  objectlist.o ABSOLUTE
    User\\board_delay.c                      0x00000000   Number         0  board_delay.o ABSOLUTE
    User\board_delay.c                       0x00000000   Number         0  board_delay.o ABSOLUTE
    dc.s                                     0x00000000   Number         0  dc.o ABSOLUTE
    startup_apm32f407xx.s                    0x00000000   Number         0  startup_apm32f407xx.o ABSOLUTE
    RESET                                    0x08000000   Section      404  startup_apm32f407xx.o(RESET)
    !!!main                                  0x08000194   Section        8  __main.o(!!!main)
    !!!scatter                               0x0800019c   Section       52  __scatter.o(!!!scatter)
    !!handler_copy                           0x080001d0   Section       26  __scatter_copy.o(!!handler_copy)
    !!handler_zi                             0x080001ec   Section       28  __scatter_zi.o(!!handler_zi)
    .ARM.Collect$$libinit$$00000000          0x08000208   Section        2  libinit.o(.ARM.Collect$$libinit$$00000000)
    .ARM.Collect$$libinit$$00000001          0x0800020a   Section        4  libinit2.o(.ARM.Collect$$libinit$$00000001)
    .ARM.Collect$$libinit$$00000004          0x0800020e   Section        0  libinit2.o(.ARM.Collect$$libinit$$00000004)
    .ARM.Collect$$libinit$$0000000A          0x0800020e   Section        0  libinit2.o(.ARM.Collect$$libinit$$0000000A)
    .ARM.Collect$$libinit$$0000000C          0x0800020e   Section        0  libinit2.o(.ARM.Collect$$libinit$$0000000C)
    .ARM.Collect$$libinit$$0000000E          0x0800020e   Section        0  libinit2.o(.ARM.Collect$$libinit$$0000000E)
    .ARM.Collect$$libinit$$00000011          0x0800020e   Section        0  libinit2.o(.ARM.Collect$$libinit$$00000011)
    .ARM.Collect$$libinit$$00000013          0x0800020e   Section        0  libinit2.o(.ARM.Collect$$libinit$$00000013)
    .ARM.Collect$$libinit$$00000015          0x0800020e   Section        0  libinit2.o(.ARM.Collect$$libinit$$00000015)
    .ARM.Collect$$libinit$$00000017          0x0800020e   Section        0  libinit2.o(.ARM.Collect$$libinit$$00000017)
    .ARM.Collect$$libinit$$00000019          0x0800020e   Section        0  libinit2.o(.ARM.Collect$$libinit$$00000019)
    .ARM.Collect$$libinit$$0000001B          0x0800020e   Section        0  libinit2.o(.ARM.Collect$$libinit$$0000001B)
    .ARM.Collect$$libinit$$0000001D          0x0800020e   Section        0  libinit2.o(.ARM.Collect$$libinit$$0000001D)
    .ARM.Collect$$libinit$$0000001F          0x0800020e   Section        0  libinit2.o(.ARM.Collect$$libinit$$0000001F)
    .ARM.Collect$$libinit$$00000021          0x0800020e   Section        0  libinit2.o(.ARM.Collect$$libinit$$00000021)
    .ARM.Collect$$libinit$$00000023          0x0800020e   Section        0  libinit2.o(.ARM.Collect$$libinit$$00000023)
    .ARM.Collect$$libinit$$00000025          0x0800020e   Section        0  libinit2.o(.ARM.Collect$$libinit$$00000025)
    .ARM.Collect$$libinit$$0000002C          0x0800020e   Section        0  libinit2.o(.ARM.Collect$$libinit$$0000002C)
    .ARM.Collect$$libinit$$0000002E          0x0800020e   Section        0  libinit2.o(.ARM.Collect$$libinit$$0000002E)
    .ARM.Collect$$libinit$$00000030          0x0800020e   Section        0  libinit2.o(.ARM.Collect$$libinit$$00000030)
    .ARM.Collect$$libinit$$00000032          0x0800020e   Section        0  libinit2.o(.ARM.Collect$$libinit$$00000032)
    .ARM.Collect$$libinit$$00000033          0x0800020e   Section        2  libinit2.o(.ARM.Collect$$libinit$$00000033)
    .ARM.Collect$$libshutdown$$00000000      0x08000210   Section        2  libshutdown.o(.ARM.Collect$$libshutdown$$00000000)
    .ARM.Collect$$libshutdown$$00000002      0x08000212   Section        0  libshutdown2.o(.ARM.Collect$$libshutdown$$00000002)
    .ARM.Collect$$libshutdown$$00000004      0x08000212   Section        0  libshutdown2.o(.ARM.Collect$$libshutdown$$00000004)
    .ARM.Collect$$libshutdown$$00000007      0x08000212   Section        0  libshutdown2.o(.ARM.Collect$$libshutdown$$00000007)
    .ARM.Collect$$libshutdown$$0000000A      0x08000212   Section        0  libshutdown2.o(.ARM.Collect$$libshutdown$$0000000A)
    .ARM.Collect$$libshutdown$$0000000C      0x08000212   Section        0  libshutdown2.o(.ARM.Collect$$libshutdown$$0000000C)
    .ARM.Collect$$libshutdown$$0000000F      0x08000212   Section        0  libshutdown2.o(.ARM.Collect$$libshutdown$$0000000F)
    .ARM.Collect$$libshutdown$$00000010      0x08000212   Section        2  libshutdown2.o(.ARM.Collect$$libshutdown$$00000010)
    .ARM.Collect$$rtentry$$00000000          0x08000214   Section        0  __rtentry.o(.ARM.Collect$$rtentry$$00000000)
    .ARM.Collect$$rtentry$$00000002          0x08000214   Section        0  __rtentry2.o(.ARM.Collect$$rtentry$$00000002)
    .ARM.Collect$$rtentry$$00000004          0x08000214   Section        6  __rtentry4.o(.ARM.Collect$$rtentry$$00000004)
    .ARM.Collect$$rtentry$$00000009          0x0800021a   Section        0  __rtentry2.o(.ARM.Collect$$rtentry$$00000009)
    .ARM.Collect$$rtentry$$0000000A          0x0800021a   Section        4  __rtentry2.o(.ARM.Collect$$rtentry$$0000000A)
    .ARM.Collect$$rtentry$$0000000C          0x0800021e   Section        0  __rtentry2.o(.ARM.Collect$$rtentry$$0000000C)
    .ARM.Collect$$rtentry$$0000000D          0x0800021e   Section        8  __rtentry2.o(.ARM.Collect$$rtentry$$0000000D)
    .ARM.Collect$$rtexit$$00000000           0x08000226   Section        2  rtexit.o(.ARM.Collect$$rtexit$$00000000)
    .ARM.Collect$$rtexit$$00000002           0x08000228   Section        0  rtexit2.o(.ARM.Collect$$rtexit$$00000002)
    .ARM.Collect$$rtexit$$00000003           0x08000228   Section        4  rtexit2.o(.ARM.Collect$$rtexit$$00000003)
    .ARM.Collect$$rtexit$$00000004           0x0800022c   Section        6  rtexit2.o(.ARM.Collect$$rtexit$$00000004)
    .text                                    0x08000234   Section       64  startup_apm32f407xx.o(.text)
    $v0                                      0x08000234   Number         0  startup_apm32f407xx.o(.text)
    .text                                    0x08000274   Section        0  heapauxi.o(.text)
    .text                                    0x0800027a   Section       74  sys_stackheap_outer.o(.text)
    .text                                    0x080002c4   Section        0  exit.o(.text)
    .text                                    0x080002d8   Section        8  libspace.o(.text)
    .text                                    0x080002e0   Section        0  sys_exit.o(.text)
    .text                                    0x080002ec   Section        2  use_no_semi.o(.text)
    .text                                    0x080002ee   Section        0  indicate_semi.o(.text)
    i.BOARD_DelayMs                          0x080002f0   Section        0  board_delay.o(i.BOARD_DelayMs)
    i.BOARD_ReadTick                         0x08000324   Section        0  board_delay.o(i.BOARD_ReadTick)
    i.BusFault_Handler                       0x08000330   Section        0  apm32f4xx_int.o(i.BusFault_Handler)
    i.DebugMon_Handler                       0x08000334   Section        0  apm32f4xx_int.o(i.DebugMon_Handler)
    i.EINT_Config                            0x08000338   Section        0  apm32f4xx_eint.o(i.EINT_Config)
    i.GPIO_Config                            0x080003cc   Section        0  apm32f4xx_gpio.o(i.GPIO_Config)
    i.GPIO_ConfigPinAF                       0x0800045c   Section        0  apm32f4xx_gpio.o(i.GPIO_ConfigPinAF)
    i.HardFault_Handler                      0x080004a6   Section        0  apm32f4xx_int.o(i.HardFault_Handler)
    i.MemManage_Handler                      0x080004aa   Section        0  apm32f4xx_int.o(i.MemManage_Handler)
    i.NMI_Handler                            0x080004ae   Section        0  apm32f4xx_int.o(i.NMI_Handler)
    i.PendSV_Handler                         0x080004b0   Section        0  apm32f4xx_int.o(i.PendSV_Handler)
    i.RCM_EnableAHB1PeriphClock              0x080004b4   Section        0  apm32f4xx_rcm.o(i.RCM_EnableAHB1PeriphClock)
    i.RCM_EnableAPB2PeriphClock              0x080004c4   Section        0  apm32f4xx_rcm.o(i.RCM_EnableAPB2PeriphClock)
    i.SMC_ConfigNORSRAM                      0x080004d4   Section        0  apm32f4xx_smc.o(i.SMC_ConfigNORSRAM)
    i.SMC_ConfigNORSRAMStructInit            0x08000cd8   Section        0  apm32f4xx_smc.o(i.SMC_ConfigNORSRAMStructInit)
    i.SMC_EnableNORSRAM                      0x08000d08   Section        0  apm32f4xx_smc.o(i.SMC_EnableNORSRAM)
    i.SMC_GPIO_Config                        0x08000d68   Section        0  fsmc_drv.o(i.SMC_GPIO_Config)
    SMC_GPIO_Config                          0x08000d69   Thumb Code   308  fsmc_drv.o(i.SMC_GPIO_Config)
    i.SMC_LAN9252_Init                       0x08000ea8   Section        0  fsmc_drv.o(i.SMC_LAN9252_Init)
    i.SVC_Handler                            0x08000f18   Section        0  apm32f4xx_int.o(i.SVC_Handler)
    i.SYSCFG_ConfigEINTLine                  0x08000f1c   Section        0  apm32f4xx_syscfg.o(i.SYSCFG_ConfigEINTLine)
    i.SysTick_Config                         0x08000f88   Section        0  board_delay.o(i.SysTick_Config)
    SysTick_Config                           0x08000f89   Thumb Code    74  board_delay.o(i.SysTick_Config)
    i.SysTick_Handler                        0x08000fdc   Section        0  apm32f4xx_int.o(i.SysTick_Handler)
    i.SystemClockConfig                      0x08000fe0   Section        0  system_apm32f4xx.o(i.SystemClockConfig)
    SystemClockConfig                        0x08000fe1   Thumb Code   252  system_apm32f4xx.o(i.SystemClockConfig)
    i.SystemCoreClockUpdate                  0x080010ec   Section        0  system_apm32f4xx.o(i.SystemCoreClockUpdate)
    i.SystemInit                             0x080011a0   Section        0  system_apm32f4xx.o(i.SystemInit)
    i.UsageFault_Handler                     0x0800120c   Section        0  apm32f4xx_int.o(i.UsageFault_Handler)
    i.lan9252_ecat_csr_read                  0x08001210   Section        0  lan9252.o(i.lan9252_ecat_csr_read)
    i.lan9252_ecat_csr_write                 0x0800124c   Section        0  lan9252.o(i.lan9252_ecat_csr_write)
    i.lan9252_idx_read_reg                   0x08001290   Section        0  lan9252.o(i.lan9252_idx_read_reg)
    i.lan9252_idx_write_reg                  0x080012a4   Section        0  lan9252.o(i.lan9252_idx_write_reg)
    i.lan9252_init                           0x080012bc   Section        0  lan9252.o(i.lan9252_init)
    i.lan9252_irq_config                     0x08001398   Section        0  lan9252.o(i.lan9252_irq_config)
    i.lan9252_read_HalfWord                  0x0800143c   Section        0  fsmc_drv.o(i.lan9252_read_HalfWord)
    i.lan9252_read_Word                      0x08001446   Section        0  fsmc_drv.o(i.lan9252_read_Word)
    i.lan9252_write_HalfWord                 0x0800145e   Section        0  fsmc_drv.o(i.lan9252_write_HalfWord)
    i.lan9252_write_Word                     0x08001466   Section        0  fsmc_drv.o(i.lan9252_write_Word)
    i.main                                   0x0800147e   Section        0  main.o(i.main)
    x$fpl$fpinit                             0x08001492   Section       10  fpinit.o(x$fpl$fpinit)
    $v0                                      0x08001492   Number         0  fpinit.o(x$fpl$fpinit)
    .constdata                               0x0800149c   Section        7  apm32f4xx_smc.o(.constdata)
    .data                                    0x20000000   Section       20  system_apm32f4xx.o(.data)
    .data                                    0x20000014   Section        4  board_delay.o(.data)
    .bss                                     0x20000018   Section       96  libspace.o(.bss)
    HEAP                                     0x20000078   Section      512  startup_apm32f407xx.o(HEAP)
    Heap_Mem                                 0x20000078   Data         512  startup_apm32f407xx.o(HEAP)
    STACK                                    0x20000278   Section     1024  startup_apm32f407xx.o(STACK)
    Stack_Mem                                0x20000278   Data        1024  startup_apm32f407xx.o(STACK)
    __initial_sp                             0x20000678   Data           0  startup_apm32f407xx.o(STACK)

    Global Symbols

    Symbol Name                              Value     Ov Type        Size  Object(Section)

    BuildAttributes$$THM_ISAv4$E$P$D$K$B$S$7EM$VFPi3$EXTD16$VFPS$VFMA$PE$A:L22UL41UL21$X:L11$S22US41US21$IEEE1$IW$USESV6$~STKCKD$USESV7$~SHL$OSPACE$ROPI$EBA8$UX$STANDARDLIB$REQ8$PRES8$EABIv2 0x00000000   Number         0  anon$$obj.o ABSOLUTE
    __ARM_use_no_argv                        0x00000000   Number         0  main.o ABSOLUTE
    __ARM_exceptions_init                     - Undefined Weak Reference
    __alloca_initialize                       - Undefined Weak Reference
    __arm_preinit_                            - Undefined Weak Reference
    __cpp_initialize__aeabi_                  - Undefined Weak Reference
    __cxa_finalize                            - Undefined Weak Reference
    __rt_locale                               - Undefined Weak Reference
    __sigvec_lookup                           - Undefined Weak Reference
    _atexit_init                              - Undefined Weak Reference
    _call_atexit_fns                          - Undefined Weak Reference
    _clock_init                               - Undefined Weak Reference
    _fp_trap_init                             - Undefined Weak Reference
    _fp_trap_shutdown                         - Undefined Weak Reference
    _get_lc_collate                           - Undefined Weak Reference
    _get_lc_ctype                             - Undefined Weak Reference
    _get_lc_monetary                          - Undefined Weak Reference
    _get_lc_numeric                           - Undefined Weak Reference
    _get_lc_time                              - Undefined Weak Reference
    _getenv_init                              - Undefined Weak Reference
    _handle_redirection                       - Undefined Weak Reference
    _init_alloc                               - Undefined Weak Reference
    _init_user_alloc                          - Undefined Weak Reference
    _initio                                   - Undefined Weak Reference
    _rand_init                                - Undefined Weak Reference
    _signal_finish                            - Undefined Weak Reference
    _signal_init                              - Undefined Weak Reference
    _terminate_alloc                          - Undefined Weak Reference
    _terminate_user_alloc                     - Undefined Weak Reference
    _terminateio                              - Undefined Weak Reference
    __Vectors_Size                           0x00000194   Number         0  startup_apm32f407xx.o ABSOLUTE
    __Vectors                                0x08000000   Data           4  startup_apm32f407xx.o(RESET)
    __Vectors_End                            0x08000194   Data           0  startup_apm32f407xx.o(RESET)
    __main                                   0x08000195   Thumb Code     8  __main.o(!!!main)
    __scatterload                            0x0800019d   Thumb Code     0  __scatter.o(!!!scatter)
    __scatterload_rt2                        0x0800019d   Thumb Code    44  __scatter.o(!!!scatter)
    __scatterload_rt2_thumb_only             0x0800019d   Thumb Code     0  __scatter.o(!!!scatter)
    __scatterload_null                       0x080001ab   Thumb Code     0  __scatter.o(!!!scatter)
    __scatterload_copy                       0x080001d1   Thumb Code    26  __scatter_copy.o(!!handler_copy)
    __scatterload_zeroinit                   0x080001ed   Thumb Code    28  __scatter_zi.o(!!handler_zi)
    __rt_lib_init                            0x08000209   Thumb Code     0  libinit.o(.ARM.Collect$$libinit$$00000000)
    __rt_lib_init_fp_1                       0x0800020b   Thumb Code     0  libinit2.o(.ARM.Collect$$libinit$$00000001)
    __rt_lib_init_alloca_1                   0x0800020f   Thumb Code     0  libinit2.o(.ARM.Collect$$libinit$$0000002E)
    __rt_lib_init_argv_1                     0x0800020f   Thumb Code     0  libinit2.o(.ARM.Collect$$libinit$$0000002C)
    __rt_lib_init_atexit_1                   0x0800020f   Thumb Code     0  libinit2.o(.ARM.Collect$$libinit$$0000001B)
    __rt_lib_init_clock_1                    0x0800020f   Thumb Code     0  libinit2.o(.ARM.Collect$$libinit$$00000021)
    __rt_lib_init_cpp_1                      0x0800020f   Thumb Code     0  libinit2.o(.ARM.Collect$$libinit$$00000032)
    __rt_lib_init_exceptions_1               0x0800020f   Thumb Code     0  libinit2.o(.ARM.Collect$$libinit$$00000030)
    __rt_lib_init_fp_trap_1                  0x0800020f   Thumb Code     0  libinit2.o(.ARM.Collect$$libinit$$0000001F)
    __rt_lib_init_getenv_1                   0x0800020f   Thumb Code     0  libinit2.o(.ARM.Collect$$libinit$$00000023)
    __rt_lib_init_heap_1                     0x0800020f   Thumb Code     0  libinit2.o(.ARM.Collect$$libinit$$0000000A)
    __rt_lib_init_lc_collate_1               0x0800020f   Thumb Code     0  libinit2.o(.ARM.Collect$$libinit$$00000011)
    __rt_lib_init_lc_ctype_1                 0x0800020f   Thumb Code     0  libinit2.o(.ARM.Collect$$libinit$$00000013)
    __rt_lib_init_lc_monetary_1              0x0800020f   Thumb Code     0  libinit2.o(.ARM.Collect$$libinit$$00000015)
    __rt_lib_init_lc_numeric_1               0x0800020f   Thumb Code     0  libinit2.o(.ARM.Collect$$libinit$$00000017)
    __rt_lib_init_lc_time_1                  0x0800020f   Thumb Code     0  libinit2.o(.ARM.Collect$$libinit$$00000019)
    __rt_lib_init_preinit_1                  0x0800020f   Thumb Code     0  libinit2.o(.ARM.Collect$$libinit$$00000004)
    __rt_lib_init_rand_1                     0x0800020f   Thumb Code     0  libinit2.o(.ARM.Collect$$libinit$$0000000E)
    __rt_lib_init_return                     0x0800020f   Thumb Code     0  libinit2.o(.ARM.Collect$$libinit$$00000033)
    __rt_lib_init_signal_1                   0x0800020f   Thumb Code     0  libinit2.o(.ARM.Collect$$libinit$$0000001D)
    __rt_lib_init_stdio_1                    0x0800020f   Thumb Code     0  libinit2.o(.ARM.Collect$$libinit$$00000025)
    __rt_lib_init_user_alloc_1               0x0800020f   Thumb Code     0  libinit2.o(.ARM.Collect$$libinit$$0000000C)
    __rt_lib_shutdown                        0x08000211   Thumb Code     0  libshutdown.o(.ARM.Collect$$libshutdown$$00000000)
    __rt_lib_shutdown_cpp_1                  0x08000213   Thumb Code     0  libshutdown2.o(.ARM.Collect$$libshutdown$$00000002)
    __rt_lib_shutdown_fp_trap_1              0x08000213   Thumb Code     0  libshutdown2.o(.ARM.Collect$$libshutdown$$00000007)
    __rt_lib_shutdown_heap_1                 0x08000213   Thumb Code     0  libshutdown2.o(.ARM.Collect$$libshutdown$$0000000F)
    __rt_lib_shutdown_return                 0x08000213   Thumb Code     0  libshutdown2.o(.ARM.Collect$$libshutdown$$00000010)
    __rt_lib_shutdown_signal_1               0x08000213   Thumb Code     0  libshutdown2.o(.ARM.Collect$$libshutdown$$0000000A)
    __rt_lib_shutdown_stdio_1                0x08000213   Thumb Code     0  libshutdown2.o(.ARM.Collect$$libshutdown$$00000004)
    __rt_lib_shutdown_user_alloc_1           0x08000213   Thumb Code     0  libshutdown2.o(.ARM.Collect$$libshutdown$$0000000C)
    __rt_entry                               0x08000215   Thumb Code     0  __rtentry.o(.ARM.Collect$$rtentry$$00000000)
    __rt_entry_presh_1                       0x08000215   Thumb Code     0  __rtentry2.o(.ARM.Collect$$rtentry$$00000002)
    __rt_entry_sh                            0x08000215   Thumb Code     0  __rtentry4.o(.ARM.Collect$$rtentry$$00000004)
    __rt_entry_li                            0x0800021b   Thumb Code     0  __rtentry2.o(.ARM.Collect$$rtentry$$0000000A)
    __rt_entry_postsh_1                      0x0800021b   Thumb Code     0  __rtentry2.o(.ARM.Collect$$rtentry$$00000009)
    __rt_entry_main                          0x0800021f   Thumb Code     0  __rtentry2.o(.ARM.Collect$$rtentry$$0000000D)
    __rt_entry_postli_1                      0x0800021f   Thumb Code     0  __rtentry2.o(.ARM.Collect$$rtentry$$0000000C)
    __rt_exit                                0x08000227   Thumb Code     0  rtexit.o(.ARM.Collect$$rtexit$$00000000)
    __rt_exit_ls                             0x08000229   Thumb Code     0  rtexit2.o(.ARM.Collect$$rtexit$$00000003)
    __rt_exit_prels_1                        0x08000229   Thumb Code     0  rtexit2.o(.ARM.Collect$$rtexit$$00000002)
    __rt_exit_exit                           0x0800022d   Thumb Code     0  rtexit2.o(.ARM.Collect$$rtexit$$00000004)
    Reset_Handler                            0x08000235   Thumb Code     8  startup_apm32f407xx.o(.text)
    ADC_IRQHandler                           0x0800024f   Thumb Code     0  startup_apm32f407xx.o(.text)
    BN_IRQHandler                            0x0800024f   Thumb Code     0  startup_apm32f407xx.o(.text)
    CAN1_RX0_IRQHandler                      0x0800024f   Thumb Code     0  startup_apm32f407xx.o(.text)
    CAN1_RX1_IRQHandler                      0x0800024f   Thumb Code     0  startup_apm32f407xx.o(.text)
    CAN1_SCE_IRQHandler                      0x0800024f   Thumb Code     0  startup_apm32f407xx.o(.text)
    CAN1_TX_IRQHandler                       0x0800024f   Thumb Code     0  startup_apm32f407xx.o(.text)
    CAN2_RX0_IRQHandler                      0x0800024f   Thumb Code     0  startup_apm32f407xx.o(.text)
    CAN2_RX1_IRQHandler                      0x0800024f   Thumb Code     0  startup_apm32f407xx.o(.text)
    CAN2_SCE_IRQHandler                      0x0800024f   Thumb Code     0  startup_apm32f407xx.o(.text)
    CAN2_TX_IRQHandler                       0x0800024f   Thumb Code     0  startup_apm32f407xx.o(.text)
    DCI_IRQHandler                           0x0800024f   Thumb Code     0  startup_apm32f407xx.o(.text)
    DMA1_STR0_IRQHandler                     0x0800024f   Thumb Code     0  startup_apm32f407xx.o(.text)
    DMA1_STR1_IRQHandler                     0x0800024f   Thumb Code     0  startup_apm32f407xx.o(.text)
    DMA1_STR2_IRQHandler                     0x0800024f   Thumb Code     0  startup_apm32f407xx.o(.text)
    DMA1_STR3_IRQHandler                     0x0800024f   Thumb Code     0  startup_apm32f407xx.o(.text)
    DMA1_STR4_IRQHandler                     0x0800024f   Thumb Code     0  startup_apm32f407xx.o(.text)
    DMA1_STR5_IRQHandler                     0x0800024f   Thumb Code     0  startup_apm32f407xx.o(.text)
    DMA1_STR6_IRQHandler                     0x0800024f   Thumb Code     0  startup_apm32f407xx.o(.text)
    DMA1_STR7_IRQHandler                     0x0800024f   Thumb Code     0  startup_apm32f407xx.o(.text)
    DMA2_STR0_IRQHandler                     0x0800024f   Thumb Code     0  startup_apm32f407xx.o(.text)
    DMA2_STR1_IRQHandler                     0x0800024f   Thumb Code     0  startup_apm32f407xx.o(.text)
    DMA2_STR2_IRQHandler                     0x0800024f   Thumb Code     0  startup_apm32f407xx.o(.text)
    DMA2_STR3_IRQHandler                     0x0800024f   Thumb Code     0  startup_apm32f407xx.o(.text)
    DMA2_STR4_IRQHandler                     0x0800024f   Thumb Code     0  startup_apm32f407xx.o(.text)
    DMA2_STR5_IRQHandler                     0x0800024f   Thumb Code     0  startup_apm32f407xx.o(.text)
    DMA2_STR6_IRQHandler                     0x0800024f   Thumb Code     0  startup_apm32f407xx.o(.text)
    DMA2_STR7_IRQHandler                     0x0800024f   Thumb Code     0  startup_apm32f407xx.o(.text)
    EINT0_IRQHandler                         0x0800024f   Thumb Code     0  startup_apm32f407xx.o(.text)
    EINT15_10_IRQHandler                     0x0800024f   Thumb Code     0  startup_apm32f407xx.o(.text)
    EINT1_IRQHandler                         0x0800024f   Thumb Code     0  startup_apm32f407xx.o(.text)
    EINT2_IRQHandler                         0x0800024f   Thumb Code     0  startup_apm32f407xx.o(.text)
    EINT3_IRQHandler                         0x0800024f   Thumb Code     0  startup_apm32f407xx.o(.text)
    EINT4_IRQHandler                         0x0800024f   Thumb Code     0  startup_apm32f407xx.o(.text)
    EINT9_5_IRQHandler                       0x0800024f   Thumb Code     0  startup_apm32f407xx.o(.text)
    EMMC_IRQHandler                          0x0800024f   Thumb Code     0  startup_apm32f407xx.o(.text)
    ETH_IRQHandler                           0x0800024f   Thumb Code     0  startup_apm32f407xx.o(.text)
    ETH_WKUP_IRQHandler                      0x0800024f   Thumb Code     0  startup_apm32f407xx.o(.text)
    FLASH_IRQHandler                         0x0800024f   Thumb Code     0  startup_apm32f407xx.o(.text)
    FPU_IRQHandler                           0x0800024f   Thumb Code     0  startup_apm32f407xx.o(.text)
    HASH_RNG_IRQHandler                      0x0800024f   Thumb Code     0  startup_apm32f407xx.o(.text)
    I2C1_ER_IRQHandler                       0x0800024f   Thumb Code     0  startup_apm32f407xx.o(.text)
    I2C1_EV_IRQHandler                       0x0800024f   Thumb Code     0  startup_apm32f407xx.o(.text)
    I2C2_ER_IRQHandler                       0x0800024f   Thumb Code     0  startup_apm32f407xx.o(.text)
    I2C2_EV_IRQHandler                       0x0800024f   Thumb Code     0  startup_apm32f407xx.o(.text)
    I2C3_ER_IRQHandler                       0x0800024f   Thumb Code     0  startup_apm32f407xx.o(.text)
    I2C3_EV_IRQHandler                       0x0800024f   Thumb Code     0  startup_apm32f407xx.o(.text)
    OTG_FS_IRQHandler                        0x0800024f   Thumb Code     0  startup_apm32f407xx.o(.text)
    OTG_FS_WKUP_IRQHandler                   0x0800024f   Thumb Code     0  startup_apm32f407xx.o(.text)
    OTG_HS1_EP1_IN_IRQHandler                0x0800024f   Thumb Code     0  startup_apm32f407xx.o(.text)
    OTG_HS1_EP1_OUT_IRQHandler               0x0800024f   Thumb Code     0  startup_apm32f407xx.o(.text)
    OTG_HS1_IRQHandler                       0x0800024f   Thumb Code     0  startup_apm32f407xx.o(.text)
    OTG_HS1_WKUP_IRQHandler                  0x0800024f   Thumb Code     0  startup_apm32f407xx.o(.text)
    PVD_IRQHandler                           0x0800024f   Thumb Code     0  startup_apm32f407xx.o(.text)
    RCM_IRQHandler                           0x0800024f   Thumb Code     0  startup_apm32f407xx.o(.text)
    RTC_Alarm_IRQHandler                     0x0800024f   Thumb Code     0  startup_apm32f407xx.o(.text)
    RTC_WKUP_IRQHandler                      0x0800024f   Thumb Code     0  startup_apm32f407xx.o(.text)
    SDIO_IRQHandler                          0x0800024f   Thumb Code     0  startup_apm32f407xx.o(.text)
    SM3_IRQHandler                           0x0800024f   Thumb Code     0  startup_apm32f407xx.o(.text)
    SM4_IRQHandler                           0x0800024f   Thumb Code     0  startup_apm32f407xx.o(.text)
    SPI1_IRQHandler                          0x0800024f   Thumb Code     0  startup_apm32f407xx.o(.text)
    SPI2_IRQHandler                          0x0800024f   Thumb Code     0  startup_apm32f407xx.o(.text)
    SPI3_IRQHandler                          0x0800024f   Thumb Code     0  startup_apm32f407xx.o(.text)
    TAMP_STAMP_IRQHandler                    0x0800024f   Thumb Code     0  startup_apm32f407xx.o(.text)
    TMR1_BRK_TMR9_IRQHandler                 0x0800024f   Thumb Code     0  startup_apm32f407xx.o(.text)
    TMR1_CC_IRQHandler                       0x0800024f   Thumb Code     0  startup_apm32f407xx.o(.text)
    TMR1_TRG_COM_TMR11_IRQHandler            0x0800024f   Thumb Code     0  startup_apm32f407xx.o(.text)
    TMR1_UP_TMR10_IRQHandler                 0x0800024f   Thumb Code     0  startup_apm32f407xx.o(.text)
    TMR2_IRQHandler                          0x0800024f   Thumb Code     0  startup_apm32f407xx.o(.text)
    TMR3_IRQHandler                          0x0800024f   Thumb Code     0  startup_apm32f407xx.o(.text)
    TMR4_IRQHandler                          0x0800024f   Thumb Code     0  startup_apm32f407xx.o(.text)
    TMR5_IRQHandler                          0x0800024f   Thumb Code     0  startup_apm32f407xx.o(.text)
    TMR6_DAC_IRQHandler                      0x0800024f   Thumb Code     0  startup_apm32f407xx.o(.text)
    TMR7_IRQHandler                          0x0800024f   Thumb Code     0  startup_apm32f407xx.o(.text)
    TMR8_BRK_TMR12_IRQHandler                0x0800024f   Thumb Code     0  startup_apm32f407xx.o(.text)
    TMR8_CC_IRQHandler                       0x0800024f   Thumb Code     0  startup_apm32f407xx.o(.text)
    TMR8_TRG_COM_TMR14_IRQHandler            0x0800024f   Thumb Code     0  startup_apm32f407xx.o(.text)
    TMR8_UP_TMR13_IRQHandler                 0x0800024f   Thumb Code     0  startup_apm32f407xx.o(.text)
    UART4_IRQHandler                         0x0800024f   Thumb Code     0  startup_apm32f407xx.o(.text)
    UART5_IRQHandler                         0x0800024f   Thumb Code     0  startup_apm32f407xx.o(.text)
    USART1_IRQHandler                        0x0800024f   Thumb Code     0  startup_apm32f407xx.o(.text)
    USART2_IRQHandler                        0x0800024f   Thumb Code     0  startup_apm32f407xx.o(.text)
    USART3_IRQHandler                        0x0800024f   Thumb Code     0  startup_apm32f407xx.o(.text)
    USART6_IRQHandler                        0x0800024f   Thumb Code     0  startup_apm32f407xx.o(.text)
    WWDT_IRQHandler                          0x0800024f   Thumb Code     0  startup_apm32f407xx.o(.text)
    __user_initial_stackheap                 0x08000251   Thumb Code     0  startup_apm32f407xx.o(.text)
    __use_two_region_memory                  0x08000275   Thumb Code     2  heapauxi.o(.text)
    __rt_heap_escrow$2region                 0x08000277   Thumb Code     2  heapauxi.o(.text)
    __rt_heap_expand$2region                 0x08000279   Thumb Code     2  heapauxi.o(.text)
    __user_setup_stackheap                   0x0800027b   Thumb Code    74  sys_stackheap_outer.o(.text)
    exit                                     0x080002c5   Thumb Code    18  exit.o(.text)
    __user_libspace                          0x080002d9   Thumb Code     8  libspace.o(.text)
    __user_perproc_libspace                  0x080002d9   Thumb Code     0  libspace.o(.text)
    __user_perthread_libspace                0x080002d9   Thumb Code     0  libspace.o(.text)
    _sys_exit                                0x080002e1   Thumb Code     8  sys_exit.o(.text)
    __I$use$semihosting                      0x080002ed   Thumb Code     0  use_no_semi.o(.text)
    __use_no_semihosting_swi                 0x080002ed   Thumb Code     2  use_no_semi.o(.text)
    __semihosting_library_function           0x080002ef   Thumb Code     0  indicate_semi.o(.text)
    BOARD_DelayMs                            0x080002f1   Thumb Code    48  board_delay.o(i.BOARD_DelayMs)
    BOARD_ReadTick                           0x08000325   Thumb Code     6  board_delay.o(i.BOARD_ReadTick)
    BusFault_Handler                         0x08000331   Thumb Code     4  apm32f4xx_int.o(i.BusFault_Handler)
    DebugMon_Handler                         0x08000335   Thumb Code     2  apm32f4xx_int.o(i.DebugMon_Handler)
    EINT_Config                              0x08000339   Thumb Code   142  apm32f4xx_eint.o(i.EINT_Config)
    GPIO_Config                              0x080003cd   Thumb Code   144  apm32f4xx_gpio.o(i.GPIO_Config)
    GPIO_ConfigPinAF                         0x0800045d   Thumb Code    74  apm32f4xx_gpio.o(i.GPIO_ConfigPinAF)
    HardFault_Handler                        0x080004a7   Thumb Code     4  apm32f4xx_int.o(i.HardFault_Handler)
    MemManage_Handler                        0x080004ab   Thumb Code     4  apm32f4xx_int.o(i.MemManage_Handler)
    NMI_Handler                              0x080004af   Thumb Code     2  apm32f4xx_int.o(i.NMI_Handler)
    PendSV_Handler                           0x080004b1   Thumb Code     2  apm32f4xx_int.o(i.PendSV_Handler)
    RCM_EnableAHB1PeriphClock                0x080004b5   Thumb Code    12  apm32f4xx_rcm.o(i.RCM_EnableAHB1PeriphClock)
    RCM_EnableAPB2PeriphClock                0x080004c5   Thumb Code    12  apm32f4xx_rcm.o(i.RCM_EnableAPB2PeriphClock)
    SMC_ConfigNORSRAM                        0x080004d5   Thumb Code  2046  apm32f4xx_smc.o(i.SMC_ConfigNORSRAM)
    SMC_ConfigNORSRAMStructInit              0x08000cd9   Thumb Code    44  apm32f4xx_smc.o(i.SMC_ConfigNORSRAMStructInit)
    SMC_EnableNORSRAM                        0x08000d09   Thumb Code    94  apm32f4xx_smc.o(i.SMC_EnableNORSRAM)
    SMC_LAN9252_Init                         0x08000ea9   Thumb Code   106  fsmc_drv.o(i.SMC_LAN9252_Init)
    SVC_Handler                              0x08000f19   Thumb Code     2  apm32f4xx_int.o(i.SVC_Handler)
    SYSCFG_ConfigEINTLine                    0x08000f1d   Thumb Code   104  apm32f4xx_syscfg.o(i.SYSCFG_ConfigEINTLine)
    SysTick_Handler                          0x08000fdd   Thumb Code     2  apm32f4xx_int.o(i.SysTick_Handler)
    SystemCoreClockUpdate                    0x080010ed   Thumb Code   160  system_apm32f4xx.o(i.SystemCoreClockUpdate)
    SystemInit                               0x080011a1   Thumb Code    90  system_apm32f4xx.o(i.SystemInit)
    UsageFault_Handler                       0x0800120d   Thumb Code     4  apm32f4xx_int.o(i.UsageFault_Handler)
    lan9252_ecat_csr_read                    0x08001211   Thumb Code    60  lan9252.o(i.lan9252_ecat_csr_read)
    lan9252_ecat_csr_write                   0x0800124d   Thumb Code    68  lan9252.o(i.lan9252_ecat_csr_write)
    lan9252_idx_read_reg                     0x08001291   Thumb Code    20  lan9252.o(i.lan9252_idx_read_reg)
    lan9252_idx_write_reg                    0x080012a5   Thumb Code    24  lan9252.o(i.lan9252_idx_write_reg)
    lan9252_init                             0x080012bd   Thumb Code   210  lan9252.o(i.lan9252_init)
    lan9252_irq_config                       0x08001399   Thumb Code   150  lan9252.o(i.lan9252_irq_config)
    lan9252_read_HalfWord                    0x0800143d   Thumb Code    10  fsmc_drv.o(i.lan9252_read_HalfWord)
    lan9252_read_Word                        0x08001447   Thumb Code    24  fsmc_drv.o(i.lan9252_read_Word)
    lan9252_write_HalfWord                   0x0800145f   Thumb Code     8  fsmc_drv.o(i.lan9252_write_HalfWord)
    lan9252_write_Word                       0x08001467   Thumb Code    24  fsmc_drv.o(i.lan9252_write_Word)
    main                                     0x0800147f   Thumb Code    20  main.o(i.main)
    _fp_init                                 0x08001493   Thumb Code    10  fpinit.o(x$fpl$fpinit)
    __fplib_config_fpu_vfp                   0x0800149b   Thumb Code     0  fpinit.o(x$fpl$fpinit)
    __fplib_config_pureend_doubles           0x0800149b   Thumb Code     0  fpinit.o(x$fpl$fpinit)
    SMC_Default_NORSRAMTimingConfig          0x0800149c   Data           7  apm32f4xx_smc.o(.constdata)
    Region$$Table$$Base                      0x080014a4   Number         0  anon$$obj.o(Region$$Table)
    Region$$Table$$Limit                     0x080014c4   Number         0  anon$$obj.o(Region$$Table)
    SystemCoreClock                          0x20000000   Data           4  system_apm32f4xx.o(.data)
    AHBPrescTable                            0x20000004   Data          16  system_apm32f4xx.o(.data)
    delayCount                               0x20000014   Data           4  board_delay.o(.data)
    __libspace_start                         0x20000018   Data          96  libspace.o(.bss)
    __temporary_stack_top$libspace           0x20000078   Data           0  libspace.o(.bss)



==============================================================================

Memory Map of the image

  Image Entry point : 0x08000195

  Load Region LR_IROM1 (Base: 0x08000000, Size: 0x000014dc, Max: 0x00100000, ABSOLUTE)

    Execution Region ER_IROM1 (Exec base: 0x08000000, Load base: 0x08000000, Size: 0x000014c4, Max: 0x00100000, ABSOLUTE)

    Exec Addr    Load Addr    Size         Type   Attr      Idx    E Section Name        Object

    0x08000000   0x08000000   0x00000194   Data   RO           72    RESET               startup_apm32f407xx.o
    0x08000194   0x08000194   0x00000008   Code   RO         8182  * !!!main             c_w.l(__main.o)
    0x0800019c   0x0800019c   0x00000034   Code   RO         8343    !!!scatter          c_w.l(__scatter.o)
    0x080001d0   0x080001d0   0x0000001a   Code   RO         8345    !!handler_copy      c_w.l(__scatter_copy.o)
    0x080001ea   0x080001ea   0x00000002   PAD
    0x080001ec   0x080001ec   0x0000001c   Code   RO         8347    !!handler_zi        c_w.l(__scatter_zi.o)
    0x08000208   0x08000208   0x00000002   Code   RO         8213    .ARM.Collect$$libinit$$00000000  c_w.l(libinit.o)
    0x0800020a   0x0800020a   0x00000004   Code   RO         8219    .ARM.Collect$$libinit$$00000001  c_w.l(libinit2.o)
    0x0800020e   0x0800020e   0x00000000   Code   RO         8222    .ARM.Collect$$libinit$$00000004  c_w.l(libinit2.o)
    0x0800020e   0x0800020e   0x00000000   Code   RO         8225    .ARM.Collect$$libinit$$0000000A  c_w.l(libinit2.o)
    0x0800020e   0x0800020e   0x00000000   Code   RO         8227    .ARM.Collect$$libinit$$0000000C  c_w.l(libinit2.o)
    0x0800020e   0x0800020e   0x00000000   Code   RO         8229    .ARM.Collect$$libinit$$0000000E  c_w.l(libinit2.o)
    0x0800020e   0x0800020e   0x00000000   Code   RO         8232    .ARM.Collect$$libinit$$00000011  c_w.l(libinit2.o)
    0x0800020e   0x0800020e   0x00000000   Code   RO         8234    .ARM.Collect$$libinit$$00000013  c_w.l(libinit2.o)
    0x0800020e   0x0800020e   0x00000000   Code   RO         8236    .ARM.Collect$$libinit$$00000015  c_w.l(libinit2.o)
    0x0800020e   0x0800020e   0x00000000   Code   RO         8238    .ARM.Collect$$libinit$$00000017  c_w.l(libinit2.o)
    0x0800020e   0x0800020e   0x00000000   Code   RO         8240    .ARM.Collect$$libinit$$00000019  c_w.l(libinit2.o)
    0x0800020e   0x0800020e   0x00000000   Code   RO         8242    .ARM.Collect$$libinit$$0000001B  c_w.l(libinit2.o)
    0x0800020e   0x0800020e   0x00000000   Code   RO         8244    .ARM.Collect$$libinit$$0000001D  c_w.l(libinit2.o)
    0x0800020e   0x0800020e   0x00000000   Code   RO         8246    .ARM.Collect$$libinit$$0000001F  c_w.l(libinit2.o)
    0x0800020e   0x0800020e   0x00000000   Code   RO         8248    .ARM.Collect$$libinit$$00000021  c_w.l(libinit2.o)
    0x0800020e   0x0800020e   0x00000000   Code   RO         8250    .ARM.Collect$$libinit$$00000023  c_w.l(libinit2.o)
    0x0800020e   0x0800020e   0x00000000   Code   RO         8252    .ARM.Collect$$libinit$$00000025  c_w.l(libinit2.o)
    0x0800020e   0x0800020e   0x00000000   Code   RO         8256    .ARM.Collect$$libinit$$0000002C  c_w.l(libinit2.o)
    0x0800020e   0x0800020e   0x00000000   Code   RO         8258    .ARM.Collect$$libinit$$0000002E  c_w.l(libinit2.o)
    0x0800020e   0x0800020e   0x00000000   Code   RO         8260    .ARM.Collect$$libinit$$00000030  c_w.l(libinit2.o)
    0x0800020e   0x0800020e   0x00000000   Code   RO         8262    .ARM.Collect$$libinit$$00000032  c_w.l(libinit2.o)
    0x0800020e   0x0800020e   0x00000002   Code   RO         8263    .ARM.Collect$$libinit$$00000033  c_w.l(libinit2.o)
    0x08000210   0x08000210   0x00000002   Code   RO         8283    .ARM.Collect$$libshutdown$$00000000  c_w.l(libshutdown.o)
    0x08000212   0x08000212   0x00000000   Code   RO         8296    .ARM.Collect$$libshutdown$$00000002  c_w.l(libshutdown2.o)
    0x08000212   0x08000212   0x00000000   Code   RO         8298    .ARM.Collect$$libshutdown$$00000004  c_w.l(libshutdown2.o)
    0x08000212   0x08000212   0x00000000   Code   RO         8301    .ARM.Collect$$libshutdown$$00000007  c_w.l(libshutdown2.o)
    0x08000212   0x08000212   0x00000000   Code   RO         8304    .ARM.Collect$$libshutdown$$0000000A  c_w.l(libshutdown2.o)
    0x08000212   0x08000212   0x00000000   Code   RO         8306    .ARM.Collect$$libshutdown$$0000000C  c_w.l(libshutdown2.o)
    0x08000212   0x08000212   0x00000000   Code   RO         8309    .ARM.Collect$$libshutdown$$0000000F  c_w.l(libshutdown2.o)
    0x08000212   0x08000212   0x00000002   Code   RO         8310    .ARM.Collect$$libshutdown$$00000010  c_w.l(libshutdown2.o)
    0x08000214   0x08000214   0x00000000   Code   RO         8184    .ARM.Collect$$rtentry$$00000000  c_w.l(__rtentry.o)
    0x08000214   0x08000214   0x00000000   Code   RO         8190    .ARM.Collect$$rtentry$$00000002  c_w.l(__rtentry2.o)
    0x08000214   0x08000214   0x00000006   Code   RO         8202    .ARM.Collect$$rtentry$$00000004  c_w.l(__rtentry4.o)
    0x0800021a   0x0800021a   0x00000000   Code   RO         8192    .ARM.Collect$$rtentry$$00000009  c_w.l(__rtentry2.o)
    0x0800021a   0x0800021a   0x00000004   Code   RO         8193    .ARM.Collect$$rtentry$$0000000A  c_w.l(__rtentry2.o)
    0x0800021e   0x0800021e   0x00000000   Code   RO         8195    .ARM.Collect$$rtentry$$0000000C  c_w.l(__rtentry2.o)
    0x0800021e   0x0800021e   0x00000008   Code   RO         8196    .ARM.Collect$$rtentry$$0000000D  c_w.l(__rtentry2.o)
    0x08000226   0x08000226   0x00000002   Code   RO         8217    .ARM.Collect$$rtexit$$00000000  c_w.l(rtexit.o)
    0x08000228   0x08000228   0x00000000   Code   RO         8265    .ARM.Collect$$rtexit$$00000002  c_w.l(rtexit2.o)
    0x08000228   0x08000228   0x00000004   Code   RO         8266    .ARM.Collect$$rtexit$$00000003  c_w.l(rtexit2.o)
    0x0800022c   0x0800022c   0x00000006   Code   RO         8267    .ARM.Collect$$rtexit$$00000004  c_w.l(rtexit2.o)
    0x08000232   0x08000232   0x00000002   PAD
    0x08000234   0x08000234   0x00000040   Code   RO           73    .text               startup_apm32f407xx.o
    0x08000274   0x08000274   0x00000006   Code   RO         8180    .text               c_w.l(heapauxi.o)
    0x0800027a   0x0800027a   0x0000004a   Code   RO         8204    .text               c_w.l(sys_stackheap_outer.o)
    0x080002c4   0x080002c4   0x00000012   Code   RO         8206    .text               c_w.l(exit.o)
    0x080002d6   0x080002d6   0x00000002   PAD
    0x080002d8   0x080002d8   0x00000008   Code   RO         8214    .text               c_w.l(libspace.o)
    0x080002e0   0x080002e0   0x0000000c   Code   RO         8275    .text               c_w.l(sys_exit.o)
    0x080002ec   0x080002ec   0x00000002   Code   RO         8286    .text               c_w.l(use_no_semi.o)
    0x080002ee   0x080002ee   0x00000000   Code   RO         8288    .text               c_w.l(indicate_semi.o)
    0x080002ee   0x080002ee   0x00000002   PAD
    0x080002f0   0x080002f0   0x00000034   Code   RO         7154    i.BOARD_DelayMs     board_delay.o
    0x08000324   0x08000324   0x0000000c   Code   RO         7156    i.BOARD_ReadTick    board_delay.o
    0x08000330   0x08000330   0x00000004   Code   RO         6896    i.BusFault_Handler  apm32f4xx_int.o
    0x08000334   0x08000334   0x00000002   Code   RO         6897    i.DebugMon_Handler  apm32f4xx_int.o
    0x08000336   0x08000336   0x00000002   PAD
    0x08000338   0x08000338   0x00000094   Code   RO         1424    i.EINT_Config       apm32f4xx_eint.o
    0x080003cc   0x080003cc   0x00000090   Code   RO         2388    i.GPIO_Config       apm32f4xx_gpio.o
    0x0800045c   0x0800045c   0x0000004a   Code   RO         2389    i.GPIO_ConfigPinAF  apm32f4xx_gpio.o
    0x080004a6   0x080004a6   0x00000004   Code   RO         6898    i.HardFault_Handler  apm32f4xx_int.o
    0x080004aa   0x080004aa   0x00000004   Code   RO         6899    i.MemManage_Handler  apm32f4xx_int.o
    0x080004ae   0x080004ae   0x00000002   Code   RO         6900    i.NMI_Handler       apm32f4xx_int.o
    0x080004b0   0x080004b0   0x00000002   Code   RO         6901    i.PendSV_Handler    apm32f4xx_int.o
    0x080004b2   0x080004b2   0x00000002   PAD
    0x080004b4   0x080004b4   0x00000010   Code   RO         3141    i.RCM_EnableAHB1PeriphClock  apm32f4xx_rcm.o
    0x080004c4   0x080004c4   0x00000010   Code   RO         3153    i.RCM_EnableAPB2PeriphClock  apm32f4xx_rcm.o
    0x080004d4   0x080004d4   0x00000804   Code   RO         4331    i.SMC_ConfigNORSRAM  apm32f4xx_smc.o
    0x08000cd8   0x08000cd8   0x00000030   Code   RO         4332    i.SMC_ConfigNORSRAMStructInit  apm32f4xx_smc.o
    0x08000d08   0x08000d08   0x0000005e   Code   RO         4343    i.SMC_EnableNORSRAM  apm32f4xx_smc.o
    0x08000d66   0x08000d66   0x00000002   PAD
    0x08000d68   0x08000d68   0x00000140   Code   RO         7001    i.SMC_GPIO_Config   fsmc_drv.o
    0x08000ea8   0x08000ea8   0x00000070   Code   RO         7002    i.SMC_LAN9252_Init  fsmc_drv.o
    0x08000f18   0x08000f18   0x00000002   Code   RO         6902    i.SVC_Handler       apm32f4xx_int.o
    0x08000f1a   0x08000f1a   0x00000002   PAD
    0x08000f1c   0x08000f1c   0x0000006c   Code   RO         4720    i.SYSCFG_ConfigEINTLine  apm32f4xx_syscfg.o
    0x08000f88   0x08000f88   0x00000054   Code   RO         7157    i.SysTick_Config    board_delay.o
    0x08000fdc   0x08000fdc   0x00000002   Code   RO         6903    i.SysTick_Handler   apm32f4xx_int.o
    0x08000fde   0x08000fde   0x00000002   PAD
    0x08000fe0   0x08000fe0   0x0000010c   Code   RO            4    i.SystemClockConfig  system_apm32f4xx.o
    0x080010ec   0x080010ec   0x000000b4   Code   RO            5    i.SystemCoreClockUpdate  system_apm32f4xx.o
    0x080011a0   0x080011a0   0x0000006c   Code   RO            6    i.SystemInit        system_apm32f4xx.o
    0x0800120c   0x0800120c   0x00000004   Code   RO         6904    i.UsageFault_Handler  apm32f4xx_int.o
    0x08001210   0x08001210   0x0000003c   Code   RO         7057    i.lan9252_ecat_csr_read  lan9252.o
    0x0800124c   0x0800124c   0x00000044   Code   RO         7058    i.lan9252_ecat_csr_write  lan9252.o
    0x08001290   0x08001290   0x00000014   Code   RO         7059    i.lan9252_idx_read_reg  lan9252.o
    0x080012a4   0x080012a4   0x00000018   Code   RO         7060    i.lan9252_idx_write_reg  lan9252.o
    0x080012bc   0x080012bc   0x000000dc   Code   RO         7061    i.lan9252_init      lan9252.o
    0x08001398   0x08001398   0x000000a4   Code   RO         7062    i.lan9252_irq_config  lan9252.o
    0x0800143c   0x0800143c   0x0000000a   Code   RO         7003    i.lan9252_read_HalfWord  fsmc_drv.o
    0x08001446   0x08001446   0x00000018   Code   RO         7004    i.lan9252_read_Word  fsmc_drv.o
    0x0800145e   0x0800145e   0x00000008   Code   RO         7005    i.lan9252_write_HalfWord  fsmc_drv.o
    0x08001466   0x08001466   0x00000018   Code   RO         7006    i.lan9252_write_Word  fsmc_drv.o
    0x0800147e   0x0800147e   0x00000014   Code   RO         6974    i.main              main.o
    0x08001492   0x08001492   0x0000000a   Code   RO         8273    x$fpl$fpinit        fz_wm.l(fpinit.o)
    0x0800149c   0x0800149c   0x00000007   Data   RO         4351    .constdata          apm32f4xx_smc.o
    0x080014a3   0x080014a3   0x00000001   PAD
    0x080014a4   0x080014a4   0x00000020   Data   RO         8341    Region$$Table       anon$$obj.o


    Execution Region RW_IRAM1 (Exec base: 0x20000000, Load base: 0x080014c4, Size: 0x00000678, Max: 0x00020000, ABSOLUTE)

    Exec Addr    Load Addr    Size         Type   Attr      Idx    E Section Name        Object

    0x20000000   0x080014c4   0x00000014   Data   RW            7    .data               system_apm32f4xx.o
    0x20000014   0x080014d8   0x00000004   Data   RW         7158    .data               board_delay.o
    0x20000018        -       0x00000060   Zero   RW         8215    .bss                c_w.l(libspace.o)
    0x20000078        -       0x00000200   Zero   RW           71    HEAP                startup_apm32f407xx.o
    0x20000278        -       0x00000400   Zero   RW           70    STACK               startup_apm32f407xx.o


==============================================================================

Image component sizes


      Code (inc. data)   RO Data    RW Data    ZI Data      Debug   Object Name

       148          6          0          0          0       2538   apm32f4xx_eint.o
       218          0          0          0          0       4865   apm32f4xx_gpio.o
        26          0          0          0          0       4742   apm32f4xx_int.o
        32          8          0          0          0       1368   apm32f4xx_rcm.o
      2194         14          7          0          0       7288   apm32f4xx_smc.o
       108          4          0          0          0       2036   apm32f4xx_syscfg.o
       148         20          0          4          0      32669   board_delay.o
       498         18          0          0          0       3781   fsmc_drv.o
       556         24          0          0          0      34615   lan9252.o
        20          0          0          0          0        535   main.o
        64         26        404          0       1536        872   startup_apm32f407xx.o
       556         54          0         20          0      94881   system_apm32f4xx.o

    ----------------------------------------------------------------------
      4578        174        444         24       1536     190190   Object Totals
         0          0         32          0          0          0   (incl. Generated)
        10          0          1          0          0          0   (incl. Padding)

    ----------------------------------------------------------------------

      Code (inc. data)   RO Data    RW Data    ZI Data      Debug   Library Member Name

         8          0          0          0          0         68   __main.o
         0          0          0          0          0          0   __rtentry.o
        12          0          0          0          0          0   __rtentry2.o
         6          0          0          0          0          0   __rtentry4.o
        52          8          0          0          0          0   __scatter.o
        26          0          0          0          0          0   __scatter_copy.o
        28          0          0          0          0          0   __scatter_zi.o
        18          0          0          0          0         80   exit.o
         6          0          0          0          0        152   heapauxi.o
         0          0          0          0          0          0   indicate_semi.o
         2          0          0          0          0          0   libinit.o
         6          0          0          0          0          0   libinit2.o
         2          0          0          0          0          0   libshutdown.o
         2          0          0          0          0          0   libshutdown2.o
         8          4          0          0         96         68   libspace.o
         2          0          0          0          0          0   rtexit.o
        10          0          0          0          0          0   rtexit2.o
        12          4          0          0          0         68   sys_exit.o
        74          0          0          0          0         80   sys_stackheap_outer.o
         2          0          0          0          0         68   use_no_semi.o
        10          0          0          0          0        116   fpinit.o

    ----------------------------------------------------------------------
       294         16          0          0         96        700   Library Totals
         8          0          0          0          0          0   (incl. Padding)

    ----------------------------------------------------------------------

      Code (inc. data)   RO Data    RW Data    ZI Data      Debug   Library Name

       276         16          0          0         96        584   c_w.l
        10          0          0          0          0        116   fz_wm.l

    ----------------------------------------------------------------------
       294         16          0          0         96        700   Library Totals

    ----------------------------------------------------------------------

==============================================================================


      Code (inc. data)   RO Data    RW Data    ZI Data      Debug   

      4872        190        444         24       1632     187634   Grand Totals
      4872        190        444         24       1632     187634   ELF Image Totals
      4872        190        444         24          0          0   ROM Totals

==============================================================================

    Total RO  Size (Code + RO Data)                 5316 (   5.19kB)
    Total RW  Size (RW Data + ZI Data)              1656 (   1.62kB)
    Total ROM Size (Code + RO Data + RW Data)       5340 (   5.21kB)

==============================================================================

